Microchip MPLAB XC8 Compiler V2.46

Linker command line:

-W-3 \
  --edf=C:\Program Files\Microchip\xc8\v2.46\pic\dat\20240104201356_en.msgs \
  -cn -h+dist/default/debug\mini_project_smart_home_.X.debug.sym \
  --cmf=dist/default/debug\mini_project_smart_home_.X.debug.cmf -z \
  -Q18F46K20 -oC:\Users\ahmed\AppData\Local\Temp\xcAs10fc.\driver_tmp_3.o \
  --defsym=__MPLAB_BUILD=1 --fixupoverflow=error \
  -Mdist/default/debug/mini_project_smart_home_.X.debug.map \
  --md=C:\Users\ahmed\AppData\Local\Temp\xcAs10fc.\driver_tmp_0.dat -E1 \
  -ver=XC8 Compiler --acfsm=1493 -ACODE=00h-0FFFFh -ACONST=00h-0FFFFh \
  -ASMALLCONST=01000h-010FFhx240 -AMEDIUMCONST=01000h-0FFFFh \
  -ACOMRAM=01h-05Fh -AABS1=00h-0F5Fh -ABIGRAM=01h-0F5Fh \
  -ARAM=060h-0FFh,0100h-01FFhx14,0F00h-0F5Fh -ABANK0=060h-0FFh \
  -ABANK1=0100h-01FFh -ABANK2=0200h-02FFh -ABANK3=0300h-03FFh \
  -ABANK4=0400h-04FFh -ABANK5=0500h-05FFh -ABANK6=0600h-06FFh \
  -ABANK7=0700h-07FFh -ABANK8=0800h-08FFh -ABANK9=0900h-09FFh \
  -ABANK10=0A00h-0AFFh -ABANK11=0B00h-0BFFh -ABANK12=0C00h-0CFFh \
  -ABANK13=0D00h-0DFFh -ABANK14=0E00h-0EFFh -ABANK15=0F00h-0F5Fh \
  -ASFR=0F60h-0FFFh -ABIGSFR=0F60h-0FFFh -ACONFIG=0300000h-030000Dh \
  -AIDLOC=0200000h-0200007h -AEEDATA=0F00000h-0F003FFh -peeprom_data=EEDATA \
  -preset_vec=00h,intcode=8h,intcodelo=18h,powerup,init -pramtop=01000h \
  -psmallconst=SMALLCONST -pmediumconst=MEDIUMCONST -pconst=CONST \
  -AFARRAM=00h-00h \
  -prdata=COMRAM,nvrram=COMRAM,nvbit=COMRAM,rbss=COMRAM,rbit=COMRAM \
  -pfarbss=FARRAM,fardata=FARRAM,nvFARRAM=FARRAM \
  -pintsave_regs=BIGRAM,bigbss=BIGRAM,bigdata=BIGRAM -pbss=RAM \
  -pidata=CODE,irdata=CODE,ibigdata=CODE,ifardata=CODE -prparam=COMRAM \
  C:\Users\ahmed\AppData\Local\Temp\xcAs10fc.\driver_tmp_9.o \
  dist/default/debug\mini_project_smart_home_.X.debug.o 

Object code version is 3.11

Machine type is 18F46K20



                Name                               Link     Load   Length Selector   Space Scale
C:\Users\ahmed\AppData\Local\Temp\xcAs10fc.\driver_tmp_9.o
                config                           300000   300000        E        0       4
                init                                 8A       8A        4        C       0
                reset_vec                             0        0        4        0       0
dist/default/debug\mini_project_smart_home_.X.debug.o
                intcodelo                            18       18       72        C       0
                intcode                               8        8        6        4       0
                config                           300000   300000        E        0       4
                temp                                 46       46        1        1       1
                smallconst                         1000     1000       22      800       0
                text77                             1C92     1C92        4      811       0
                text76                             1C8E     1C8E        4      811       0
                text75                             1A56     1A56       24      811       0
                text74                             171E     171E       66      811       0
                text73                             1B1E     1B1E       18      811       0
                text72                             19E0     19E0       2C      811       0
                text71                             19B4     19B4       2C      811       0
                text70                             1988     1988       2C      811       0
                text69                             195C     195C       2C      811       0
                text68                             18BC     18BC       42      811       0
                text67                             1C8A     1C8A        4      811       0
                text66                             1C86     1C86        4      811       0
                text65                             1C82     1C82        4      811       0
                text64                             1C5C     1C5C        6      811       0
                text63                             1C7E     1C7E        4      811       0
                text62                             1C56     1C56        6      811       0
                text61                             1C3C     1C3C        8      811       0
                text60                             1B60     1B60       14      811       0
                text59                             1C7A     1C7A        4      811       0
                text58                             1488     1488       7C      811       0
                text57                             1BAA     1BAA        C      811       0
                text56                             1B74     1B74       10      811       0
                text55                             1B84     1B84        E      811       0
                text54                             1022     1022       C4      811       0
                text53                             123A     123A       A6      811       0
                text52                             1B9E     1B9E        C      811       0
                text51                             1C34     1C34        8      811       0
                text50                             1C2C     1C2C        8      811       0
                text49                             1C24     1C24        8      811       0
                text48                             1C1C     1C1C        8      811       0
                text47                             1C14     1C14        8      811       0
                text46                             1C0C     1C0C        8      811       0
                text45                             1C04     1C04        8      811       0
                text44                             1B92     1B92        C      811       0
                text43                             16B8     16B8       66      811       0
                text42                             1C76     1C76        4      811       0
                text41                             1578     1578       6E      811       0
                text40                             1C50     1C50        6      811       0
                intcode_body                       10E6     10E6       AC      811       0
                text38                             1A0C     1A0C       26      811       0
                text37                             1C4A     1C4A        6      811       0
                text36                             1C96     1C96        2      811       0
                text35                             1C44     1C44        6      811       0
                text34                             1192     1192       A8      811       0
                text32                             1C72     1C72        4      811       0
                text31                             1C6E     1C6E        4      811       0
                text30                             1C6A     1C6A        4      811       0
                text29                             192E     192E       2E      811       0
                text28                             1C66     1C66        4      811       0
                text27                             1836     1836       44      811       0
                text26                             1BFC     1BFC        8      811       0
                text25                             1C62     1C62        4      811       0
                text24                             1A9C     1A9C       22      811       0
                text23                             1BF2     1BF2        A      811       0
                text22                             12E0     12E0       A2      811       0
                text21                             15E6     15E6       6A      811       0
                text20                             1B06     1B06       18      811       0
                text19                             1A32     1A32       24      811       0
                text18                             1AEE     1AEE       18      811       0
                text17                             1504     1504       74      811       0
                text16                             1BE8     1BE8        A      811       0
                text15                             1BDE     1BDE        A      811       0
                text14                             1BD4     1BD4        A      811       0
                text13                             1BCA     1BCA        A      811       0
                text12                             1784     1784       62      811       0
                text11                             1B4C     1B4C       14      811       0
                text10                             1BC0     1BC0        A      811       0
                text9                              1BB6     1BB6        A      811       0
                text8                              18FE     18FE       30      811       0
                text7                              1B36     1B36       16      811       0
                text6                              140A     140A       7E      811       0
                text5                              1AD6     1AD6       18      811       0
                text4                              1650     1650       68      811       0
                text3                              1ABE     1ABE       18      811       0
                text2                              187A     187A       42      811       0
                text1                              1382     1382       88      811       0
                text0                              17E6     17E6       50      811       0
                cstackCOMRAM                         27       27       1B        1       1
                cstackBANK0                          92       92       19       60       1
                bssBANK0                             60       60       32       60       1
                bssCOMRAM                             1        1       26        1       1
                cinit                              1A7A     1A7A       22      811       0
                nvBANK0                              AB       AB        4       60       1
                nvCOMRAM                             42       42        4        1       1

TOTAL           Name                               Link     Load   Length     Space
        CLASS   CODE           
                intcodelo                            18       18       72         0
                intcode                               8        8        6         0
                init                                 8A       8A        4         0
                reset_vec                             0        0        4         0
                text77                             1C92     1C92        4         0
                text76                             1C8E     1C8E        4         0
                text75                             1A56     1A56       24         0
                text74                             171E     171E       66         0
                text73                             1B1E     1B1E       18         0
                text72                             19E0     19E0       2C         0
                text71                             19B4     19B4       2C         0
                text70                             1988     1988       2C         0
                text69                             195C     195C       2C         0
                text68                             18BC     18BC       42         0
                text67                             1C8A     1C8A        4         0
                text66                             1C86     1C86        4         0
                text65                             1C82     1C82        4         0
                text64                             1C5C     1C5C        6         0
                text63                             1C7E     1C7E        4         0
                text62                             1C56     1C56        6         0
                text61                             1C3C     1C3C        8         0
                text60                             1B60     1B60       14         0
                text59                             1C7A     1C7A        4         0
                text58                             1488     1488       7C         0
                text57                             1BAA     1BAA        C         0
                text56                             1B74     1B74       10         0
                text55                             1B84     1B84        E         0
                text54                             1022     1022       C4         0
                text53                             123A     123A       A6         0
                text52                             1B9E     1B9E        C         0
                text51                             1C34     1C34        8         0
                text50                             1C2C     1C2C        8         0
                text49                             1C24     1C24        8         0
                text48                             1C1C     1C1C        8         0
                text47                             1C14     1C14        8         0
                text46                             1C0C     1C0C        8         0
                text45                             1C04     1C04        8         0
                text44                             1B92     1B92        C         0
                text43                             16B8     16B8       66         0
                text42                             1C76     1C76        4         0
                text41                             1578     1578       6E         0
                text40                             1C50     1C50        6         0
                intcode_body                       10E6     10E6       AC         0
                text38                             1A0C     1A0C       26         0
                text37                             1C4A     1C4A        6         0
                text36                             1C96     1C96        2         0
                text35                             1C44     1C44        6         0
                text34                             1192     1192       A8         0
                text32                             1C72     1C72        4         0
                text31                             1C6E     1C6E        4         0
                text30                             1C6A     1C6A        4         0
                text29                             192E     192E       2E         0
                text28                             1C66     1C66        4         0
                text27                             1836     1836       44         0
                text26                             1BFC     1BFC        8         0
                text25                             1C62     1C62        4         0
                text24                             1A9C     1A9C       22         0
                text23                             1BF2     1BF2        A         0
                text22                             12E0     12E0       A2         0
                text21                             15E6     15E6       6A         0
                text20                             1B06     1B06       18         0
                text19                             1A32     1A32       24         0
                text18                             1AEE     1AEE       18         0
                text17                             1504     1504       74         0
                text16                             1BE8     1BE8        A         0
                text15                             1BDE     1BDE        A         0
                text14                             1BD4     1BD4        A         0
                text13                             1BCA     1BCA        A         0
                text12                             1784     1784       62         0
                text11                             1B4C     1B4C       14         0
                text10                             1BC0     1BC0        A         0
                text9                              1BB6     1BB6        A         0
                text8                              18FE     18FE       30         0
                text7                              1B36     1B36       16         0
                text6                              140A     140A       7E         0
                text5                              1AD6     1AD6       18         0
                text4                              1650     1650       68         0
                text3                              1ABE     1ABE       18         0
                text2                              187A     187A       42         0
                text1                              1382     1382       88         0
                text0                              17E6     17E6       50         0
                cinit                              1A7A     1A7A       22         0

        CLASS   CONST          

        CLASS   SMALLCONST     
                smallconst                         1000     1000       22         0

        CLASS   MEDIUMCONST    

        CLASS   COMRAM         
                temp                                 46       46        1         1
                cstackCOMRAM                         27       27       1B         1
                bssCOMRAM                             1        1       26         1
                nvCOMRAM                             42       42        4         1

        CLASS   ABS1           

        CLASS   BIGRAM         

        CLASS   RAM            

        CLASS   BANK0          
                cstackBANK0                          92       92       19         1
                bssBANK0                             60       60       32         1
                nvBANK0                              AB       AB        4         1

        CLASS   BANK1          

        CLASS   BANK2          

        CLASS   BANK3          

        CLASS   BANK4          

        CLASS   BANK5          

        CLASS   BANK6          

        CLASS   BANK7          

        CLASS   BANK8          

        CLASS   BANK9          

        CLASS   BANK10         

        CLASS   BANK11         

        CLASS   BANK12         

        CLASS   BANK13         

        CLASS   BANK14         

        CLASS   BANK15         

        CLASS   SFR            

        CLASS   BIGSFR         

        CLASS   CONFIG         
                config                           300000   300000        E         4

        CLASS   IDLOC          

        CLASS   EEDATA         

        CLASS   FARRAM         

        CLASS   HEAP           

        CLASS   STACK          



SEGMENTS        Name                           Load    Length   Top    Selector   Space  Class

                reset_vec                      000000  000004  000004         0       0  CODE    
                bssCOMRAM                      000001  000046  000047         1       1  COMRAM  
                intcode                        000008  000006  00000E         4       0  CODE    
                intcodelo                      000018  000076  00008E         C       0  CODE    
                bssBANK0                       000060  00004F  0000AF        60       1  BANK0   
                smallconst                     001000  000022  001022       800       0  SMALLCON
                text54                         001022  000C76  001C98       811       0  CODE    


UNUSED ADDRESS RANGES

        Name                Unused          Largest block    Delta
        BANK0            0000AF-0000FF               51
        BANK1            000100-0001FF              100
        BANK10           000A00-000AFF              100
        BANK11           000B00-000BFF              100
        BANK12           000C00-000CFF              100
        BANK13           000D00-000DFF              100
        BANK14           000E00-000EFF              100
        BANK15           000F00-000F5F               60
        BANK2            000200-0002FF              100
        BANK3            000300-0003FF              100
        BANK4            000400-0004FF              100
        BANK5            000500-0005FF              100
        BANK6            000600-0006FF              100
        BANK7            000700-0007FF              100
        BANK8            000800-0008FF              100
        BANK9            000900-0009FF              100
        BIGRAM           000047-00005F               19
                         0000AF-000F5F              EB1
        BIGSFR           000F60-000FFF               A0
        CODE             000004-000007                4
                         00000E-000017                A
                         00008E-000FFF              F72
                         001C98-00FFFF             E368
        COMRAM           000047-00005F               19
        CONST            000004-000007                4
                         00000E-000017                A
                         00008E-000FFF              F72
                         001C98-00FFFF             E368
        EEDATA           F00000-F003FF              400
        IDLOC            200000-200007                8
        MEDIUMCONST      001C98-00FFFF             E368
        RAM              0000AF-000F5F              100
        SFR              000F60-000FFF               A0
        SMALLCONST       001C98-00FFFF              100

                                  Symbol Table

?_get_Real_time_clock                          cstackBANK0  0000A5
EUSART_SetErrorHandler@interruptHandler        cstackBANK0  000099
EUSART_SetFramingErrorHandler@interruptHandler cstackBANK0  000099
EUSART_SetOverrunErrorHandler@interruptHandler cstackBANK0  000099
EUSART_SetRxInterruptHandler@interruptHandler  cstackBANK0  000099
EUSART_Write@txData                            cstackBANK0  000099
I2C_CallbackReturnReset@funPtr                 cstackCOMRAM 000030
I2C_Close@returnValue                          cstackBANK0  000099
I2C_MasterOperation@read                       cstackBANK0  000099
I2C_MasterOperation@returnValue                cstackBANK0  00009A
I2C_MasterSendTxData@data                      cstackCOMRAM 000027
I2C_Open@address                               cstackBANK0  00009B
I2C_Open@returnValue                           cstackBANK0  00009C
I2C_Read1ByteRegister@address                  cstackBANK0  0000A3
I2C_Read1ByteRegister@reg                      cstackBANK0  0000A2
I2C_Read1ByteRegister@returnValue              cstackBANK0  0000A4
I2C_SetAddressNackCallback@cb                  cstackBANK0  00009E
I2C_SetAddressNackCallback@ptr                 cstackBANK0  0000A0
I2C_SetBuffer@buffer                           cstackBANK0  000099
I2C_SetBuffer@bufferSize                       cstackBANK0  00009B
I2C_SetCallback@cb                             cstackBANK0  000099
I2C_SetCallback@idx                            cstackBANK0  00009D
I2C_SetCallback@ptr                            cstackBANK0  00009B
I2C_SetDataCompleteCallback@cb                 cstackBANK0  00009E
I2C_SetDataCompleteCallback@ptr                cstackBANK0  0000A0
I2C_SetInterruptHandler@InterruptHandler       cstackBANK0  000099
I2C_Write1ByteRegister@address                 cstackBANK0  0000A4
I2C_Write1ByteRegister@data                    cstackBANK0  0000A3
I2C_Write1ByteRegister@reg                     cstackBANK0  0000A2
Sensor_ReadTemp@address_sensors                cstackBANK0  0000A5
Sensor_ReadTemp@data                           cstackBANK0  0000A6
_ANSEL                                         (abs)        000F7E
_ANSELH                                        (abs)        000F7F
_BAUDCON                                       (abs)        000FB8
_EEADR                                         (abs)        000FA9
_EEADRH                                        (abs)        000FAA
_EECON1bits                                    (abs)        000FA6
_EECON2                                        (abs)        000FA7
_EEDATA                                        (abs)        000FA8
_EUSART_DefaultErrorHandler                    text37       001C4A
_EUSART_DefaultFramingErrorHandler             text36       001C96
_EUSART_DefaultOverrunErrorHandler             text35       001C44
_EUSART_ErrorHandler                           nvBANK0      0000AB
_EUSART_FramingErrorHandler                    nvCOMRAM     000042
_EUSART_Initialize                             text12       001784
_EUSART_OverrunErrorHandler                    nvBANK0      0000AD
_EUSART_Receive_ISR                            text34       001192
_EUSART_RxDataHandler                          text38       001A0C
_EUSART_RxDefaultInterruptHandler              nvCOMRAM     000044
_EUSART_SetErrorHandler                        text16       001BE8
_EUSART_SetFramingErrorHandler                 text15       001BDE
_EUSART_SetOverrunErrorHandler                 text14       001BD4
_EUSART_SetRxInterruptHandler                  text13       001BCA
_EUSART_Write                                  text3        001ABE
_I2C_CallbackReturnReset                       text66       001C86
_I2C_CallbackReturnStop                        text67       001C8A
_I2C_Close                                     text29       00192E
_I2C_DO_ADDRESS_NACK                           text43       0016B8
_I2C_DO_IDLE                                   text57       001BAA
_I2C_DO_RCEN                                   text52       001B9E
_I2C_DO_RESET                                  text44       001B92
_I2C_DO_RX                                     text53       00123A
_I2C_DO_RX_ACK                                 text47       001C14
_I2C_DO_RX_NACK_RESTART                        text45       001C04
_I2C_DO_RX_NACK_STOP                           text46       001C0C
_I2C_DO_SEND_ADR_READ                          text56       001B74
_I2C_DO_SEND_ADR_WRITE                         text55       001B84
_I2C_DO_SEND_RESTART                           text49       001C24
_I2C_DO_SEND_RESTART_READ                      text51       001C34
_I2C_DO_SEND_RESTART_WRITE                     text50       001C2C
_I2C_DO_SEND_STOP                              text48       001C1C
_I2C_DO_TX                                     text54       001022
_I2C_DO_TX_EMPTY                               text58       001488
_I2C_Initialize                                text11       001B4C
_I2C_MasterClearIrq                            text32       001C72
_I2C_MasterClose                               text31       001C6E
_I2C_MasterDisableIrq                          text30       001C6A
_I2C_MasterEnableIrq                           text25       001C62
_I2C_MasterEnableRestart                       text77       001C92
_I2C_MasterFsm                                 text41       001578
_I2C_MasterGetRxData                           text63       001C7E
_I2C_MasterIsNack                              text60       001B60
_I2C_MasterIsr                                 text40       001C50
_I2C_MasterOpen                                text24       001A9C
_I2C_MasterOperation                           text27       001836
_I2C_MasterSendAck                             text62       001C56
_I2C_MasterSendNack                            text64       001C5C
_I2C_MasterSendTxData                          text61       001C3C
_I2C_MasterSetIrq                              text59       001C7A
_I2C_MasterStart                               text28       001C66
_I2C_MasterStartRx                             text65       001C82
_I2C_MasterStop                                text76       001C8E
_I2C_MasterWrite                               text26       001BFC
_I2C_Open                                      text22       0012E0
_I2C_Read1ByteRegister                         text6        00140A
_I2C_SetAddressNackCallback                    text20       001B06
_I2C_SetBuffer                                 text19       001A32
_I2C_SetCallback                               text21       0015E6
_I2C_SetDataCompleteCallback                   text18       001AEE
_I2C_SetInterruptHandler                       text23       001BF2
_I2C_Status                                    bssBANK0     000060
_I2C_Write1ByteRegister                        text17       001504
_INTCON2bits                                   (abs)        000FF1
_INTCONbits                                    (abs)        000FF2
_INTERRUPT_Initialize                          text10       001BC0
_INTERRUPT_InterruptManagerHigh                intcode      000008
_INTERRUPT_InterruptManagerLow                 intcodelo    000018
_IPR1bits                                      (abs)        000F9F
_IPR2bits                                      (abs)        000FA2
_LATA                                          (abs)        000F89
_LATB                                          (abs)        000F8A
_LATC                                          (abs)        000F8B
_LATD                                          (abs)        000F8C
_LATE                                          (abs)        000F8D
_MSSP_InterruptHandler                         bssCOMRAM    00000F
_OSCCON                                        (abs)        000FD3
_OSCILLATOR_Initialize                         text9        001BB6
_OSCTUNE                                       (abs)        000F9B
_PIE1bits                                      (abs)        000F9D
_PIE2bits                                      (abs)        000FA0
_PIN_MANAGER_Initialize                        text8        0018FE
_PIR1bits                                      (abs)        000F9E
_PIR2bits                                      (abs)        000FA1
_RCONbits                                      (abs)        000FD0
_RCREG                                         (abs)        000FAE
_RCSTA                                         (abs)        000FAB
_RCSTAbits                                     (abs)        000FAB
_SPBRG                                         (abs)        000FAF
_SPBRGH                                        (abs)        000FB0
_SSPADD                                        (abs)        000FC8
_SSPBUF                                        (abs)        000FC9
_SSPCON1                                       (abs)        000FC6
_SSPCON1bits                                   (abs)        000FC6
_SSPCON2                                       (abs)        000FC5
_SSPCON2bits                                   (abs)        000FC5
_SSPSTAT                                       (abs)        000FC7
_SSPSTATbits                                   (abs)        000FC7
_SYSTEM_Initialize                             text7        001B36
_Sensor_ReadTemp                               text5        001AD6
_TABLAT                                        (abs)        000FF5
_TBLPTRH                                       (abs)        000FF7
_TBLPTRL                                       (abs)        000FF6
_TBLPTRU                                       (abs)        000FF8
_TRISA                                         (abs)        000F92
_TRISB                                         (abs)        000F93
_TRISC                                         (abs)        000F94
_TRISD                                         (abs)        000F95
_TRISE                                         (abs)        000F96
_TXREG                                         (abs)        000FAD
_TXSTA                                         (abs)        000FAC
_TXSTAbits                                     (abs)        000FAC
_WPUB                                          (abs)        000F7C
__HRAM                                         (abs)        000000
__H__absolute__                                __absolute__ 000000
__Habs1                                        abs1         000000
__Hbank0                                       bank0        000000
__Hbank1                                       bank1        000000
__Hbank10                                      bank10       000000
__Hbank11                                      bank11       000000
__Hbank12                                      bank12       000000
__Hbank13                                      bank13       000000
__Hbank14                                      bank14       000000
__Hbank15                                      bank15       000000
__Hbank2                                       bank2        000000
__Hbank3                                       bank3        000000
__Hbank4                                       bank4        000000
__Hbank5                                       bank5        000000
__Hbank6                                       bank6        000000
__Hbank7                                       bank7        000000
__Hbank8                                       bank8        000000
__Hbank9                                       bank9        000000
__Hbigbss                                      bigbss       000000
__Hbigdata                                     bigdata      000000
__Hbigram                                      bigram       000000
__Hbigsfr                                      bigsfr       000000
__Hbss                                         bss          000000
__HbssBANK0                                    bssBANK0     000000
__HbssCOMRAM                                   bssCOMRAM    000000
__Hcinit                                       cinit        000000
__Hclrtext                                     clrtext      000000
__Hcomram                                      comram       000000
__Hconfig                                      config       30000E
__Hconst                                       const        000000
__HcstackBANK0                                 cstackBANK0  000000
__HcstackCOMRAM                                cstackCOMRAM 000000
__Hdata                                        data         000000
__Heeprom_data                                 eeprom_data  000000
__Hfarbss                                      farbss       000000
__Hfardata                                     fardata      000000
__Hheap                                        heap         000000
__Hibigdata                                    ibigdata     000000
__Hidata                                       idata        000000
__Hidloc                                       idloc        000000
__Hifardata                                    ifardata     000000
__Hinit                                        init         00008E
__Hintcode                                     intcode      00000E
__Hintcode_body                                intcode_body 000000
__Hintcodelo                                   intcodelo    00008A
__Hintentry                                    intentry     000000
__Hintret                                      intret       000000
__Hintsave_regs                                intsave_regs 000000
__Hirdata                                      irdata       000000
__Hmediumconst                                 mediumconst  000000
__HnvBANK0                                     nvBANK0      000000
__HnvCOMRAM                                    nvCOMRAM     000000
__HnvFARRAM                                    nvFARRAM     000000
__Hnvbit                                       nvbit        000000
__Hnvrram                                      nvrram       000000
__Hparam                                       rparam       000000
__Hpowerup                                     powerup      00008A
__Hram                                         ram          000000
__Hramtop                                      ramtop       001000
__Hrbit                                        rbit         000000
__Hrbss                                        rbss         000000
__Hrdata                                       rdata        000000
__Hreset_vec                                   reset_vec    000004
__Hrparam                                      rparam       000000
__Hsfr                                         sfr          000000
__Hsivt_hi                                     sivt_hi      000000
__Hsivt_lo                                     sivt_lo      000000
__Hsmallconst                                  smallconst   001022
__Hspace_0                                     (abs)        001C98
__Hspace_1                                     (abs)        0000AF
__Hspace_2                                     (abs)        000000
__Hspace_4                                     (abs)        60000E
__Hstack                                       stack        000000
__Hstruct                                      struct       000000
__Htemp                                        temp         000047
__Htext                                        text         000000
__Htext0                                       text0        000000
__Htext1                                       text1        000000
__Htext10                                      text10       000000
__Htext11                                      text11       000000
__Htext12                                      text12       000000
__Htext13                                      text13       000000
__Htext14                                      text14       000000
__Htext15                                      text15       000000
__Htext16                                      text16       000000
__Htext17                                      text17       000000
__Htext18                                      text18       000000
__Htext19                                      text19       000000
__Htext2                                       text2        000000
__Htext20                                      text20       000000
__Htext21                                      text21       000000
__Htext22                                      text22       000000
__Htext23                                      text23       000000
__Htext24                                      text24       000000
__Htext25                                      text25       000000
__Htext26                                      text26       000000
__Htext27                                      text27       000000
__Htext28                                      text28       000000
__Htext29                                      text29       000000
__Htext3                                       text3        000000
__Htext30                                      text30       000000
__Htext31                                      text31       000000
__Htext32                                      text32       000000
__Htext34                                      text34       000000
__Htext35                                      text35       000000
__Htext36                                      text36       000000
__Htext37                                      text37       000000
__Htext38                                      text38       000000
__Htext4                                       text4        000000
__Htext40                                      text40       000000
__Htext41                                      text41       000000
__Htext42                                      text42       000000
__Htext43                                      text43       000000
__Htext44                                      text44       000000
__Htext45                                      text45       000000
__Htext46                                      text46       000000
__Htext47                                      text47       000000
__Htext48                                      text48       000000
__Htext49                                      text49       000000
__Htext5                                       text5        000000
__Htext50                                      text50       000000
__Htext51                                      text51       000000
__Htext52                                      text52       000000
__Htext53                                      text53       000000
__Htext54                                      text54       000000
__Htext55                                      text55       000000
__Htext56                                      text56       000000
__Htext57                                      text57       000000
__Htext58                                      text58       000000
__Htext59                                      text59       000000
__Htext6                                       text6        000000
__Htext60                                      text60       000000
__Htext61                                      text61       000000
__Htext62                                      text62       000000
__Htext63                                      text63       000000
__Htext64                                      text64       000000
__Htext65                                      text65       000000
__Htext66                                      text66       000000
__Htext67                                      text67       000000
__Htext68                                      text68       000000
__Htext69                                      text69       000000
__Htext7                                       text7        000000
__Htext70                                      text70       000000
__Htext71                                      text71       000000
__Htext72                                      text72       000000
__Htext73                                      text73       000000
__Htext74                                      text74       000000
__Htext75                                      text75       000000
__Htext76                                      text76       000000
__Htext77                                      text77       000000
__Htext8                                       text8        000000
__Htext9                                       text9        000000
__LRAM                                         (abs)        000001
__L__absolute__                                __absolute__ 000000
__Labs1                                        abs1         000000
__Lbank0                                       bank0        000000
__Lbank1                                       bank1        000000
__Lbank10                                      bank10       000000
__Lbank11                                      bank11       000000
__Lbank12                                      bank12       000000
__Lbank13                                      bank13       000000
__Lbank14                                      bank14       000000
__Lbank15                                      bank15       000000
__Lbank2                                       bank2        000000
__Lbank3                                       bank3        000000
__Lbank4                                       bank4        000000
__Lbank5                                       bank5        000000
__Lbank6                                       bank6        000000
__Lbank7                                       bank7        000000
__Lbank8                                       bank8        000000
__Lbank9                                       bank9        000000
__Lbigbss                                      bigbss       000000
__Lbigdata                                     bigdata      000000
__Lbigram                                      bigram       000000
__Lbigsfr                                      bigsfr       000000
__Lbss                                         bss          000000
__LbssBANK0                                    bssBANK0     000000
__LbssCOMRAM                                   bssCOMRAM    000000
__Lcinit                                       cinit        000000
__Lclrtext                                     clrtext      000000
__Lcomram                                      comram       000000
__Lconfig                                      config       000000
__Lconst                                       const        000000
__LcstackBANK0                                 cstackBANK0  000000
__LcstackCOMRAM                                cstackCOMRAM 000000
__Ldata                                        data         000000
__Leeprom_data                                 eeprom_data  000000
__Lfarbss                                      farbss       000000
__Lfardata                                     fardata      000000
__Lheap                                        heap         000000
__Libigdata                                    ibigdata     000000
__Lidata                                       idata        000000
__Lidloc                                       idloc        000000
__Lifardata                                    ifardata     000000
__Linit                                        init         00008A
__Lintcode                                     intcode      000008
__Lintcode_body                                intcode_body 000000
__Lintcodelo                                   intcodelo    000018
__Lintentry                                    intentry     000000
__Lintret                                      intret       000000
__Lintsave_regs                                intsave_regs 000000
__Lirdata                                      irdata       000000
__Lmediumconst                                 mediumconst  000000
__LnvBANK0                                     nvBANK0      000000
__LnvCOMRAM                                    nvCOMRAM     000000
__LnvFARRAM                                    nvFARRAM     000000
__Lnvbit                                       nvbit        000000
__Lnvrram                                      nvrram       000000
__Lparam                                       rparam       000000
__Lpowerup                                     powerup      00008A
__Lram                                         ram          000000
__Lramtop                                      ramtop       001000
__Lrbit                                        rbit         000000
__Lrbss                                        rbss         000000
__Lrdata                                       rdata        000000
__Lreset_vec                                   reset_vec    000000
__Lrparam                                      rparam       000000
__Lsfr                                         sfr          000000
__Lsivt_hi                                     sivt_hi      000000
__Lsivt_lo                                     sivt_lo      000000
__Lsmallconst                                  smallconst   001000
__Lspace_0                                     (abs)        000000
__Lspace_1                                     (abs)        000000
__Lspace_2                                     (abs)        000000
__Lspace_4                                     (abs)        000000
__Lstack                                       stack        000000
__Lstruct                                      struct       000000
__Ltemp                                        temp         000046
__Ltext                                        text         000000
__Ltext0                                       text0        000000
__Ltext1                                       text1        000000
__Ltext10                                      text10       000000
__Ltext11                                      text11       000000
__Ltext12                                      text12       000000
__Ltext13                                      text13       000000
__Ltext14                                      text14       000000
__Ltext15                                      text15       000000
__Ltext16                                      text16       000000
__Ltext17                                      text17       000000
__Ltext18                                      text18       000000
__Ltext19                                      text19       000000
__Ltext2                                       text2        000000
__Ltext20                                      text20       000000
__Ltext21                                      text21       000000
__Ltext22                                      text22       000000
__Ltext23                                      text23       000000
__Ltext24                                      text24       000000
__Ltext25                                      text25       000000
__Ltext26                                      text26       000000
__Ltext27                                      text27       000000
__Ltext28                                      text28       000000
__Ltext29                                      text29       000000
__Ltext3                                       text3        000000
__Ltext30                                      text30       000000
__Ltext31                                      text31       000000
__Ltext32                                      text32       000000
__Ltext34                                      text34       000000
__Ltext35                                      text35       000000
__Ltext36                                      text36       000000
__Ltext37                                      text37       000000
__Ltext38                                      text38       000000
__Ltext4                                       text4        000000
__Ltext40                                      text40       000000
__Ltext41                                      text41       000000
__Ltext42                                      text42       000000
__Ltext43                                      text43       000000
__Ltext44                                      text44       000000
__Ltext45                                      text45       000000
__Ltext46                                      text46       000000
__Ltext47                                      text47       000000
__Ltext48                                      text48       000000
__Ltext49                                      text49       000000
__Ltext5                                       text5        000000
__Ltext50                                      text50       000000
__Ltext51                                      text51       000000
__Ltext52                                      text52       000000
__Ltext53                                      text53       000000
__Ltext54                                      text54       000000
__Ltext55                                      text55       000000
__Ltext56                                      text56       000000
__Ltext57                                      text57       000000
__Ltext58                                      text58       000000
__Ltext59                                      text59       000000
__Ltext6                                       text6        000000
__Ltext60                                      text60       000000
__Ltext61                                      text61       000000
__Ltext62                                      text62       000000
__Ltext63                                      text63       000000
__Ltext64                                      text64       000000
__Ltext65                                      text65       000000
__Ltext66                                      text66       000000
__Ltext67                                      text67       000000
__Ltext68                                      text68       000000
__Ltext69                                      text69       000000
__Ltext7                                       text7        000000
__Ltext70                                      text70       000000
__Ltext71                                      text71       000000
__Ltext72                                      text72       000000
__Ltext73                                      text73       000000
__Ltext74                                      text74       000000
__Ltext75                                      text75       000000
__Ltext76                                      text76       000000
__Ltext77                                      text77       000000
__Ltext8                                       text8        000000
__Ltext9                                       text9        000000
__S0                                           (abs)        001C98
__S1                                           (abs)        0000AF
__S4                                           (abs)        000000
__S5                                           (abs)        000000
___heap_hi                                     (abs)        000000
___heap_lo                                     (abs)        000000
___inthi_sp                                    stack        000000
___inthi_stack_hi                              stack        000000
___inthi_stack_lo                              stack        000000
___intlo_sp                                    stack        000000
___intlo_stack_hi                              stack        000000
___intlo_stack_lo                              stack        000000
___param_bank                                  (abs)        000000
___rparam_used                                 (abs)        000001
___sp                                          stack        000000
___stack_hi                                    stack        000000
___stack_lo                                    stack        000000
__accesstop                                    (abs)        000060
__activetblptr                                 (abs)        000003
__end_of_EUSART_DefaultErrorHandler            text37       001C50
__end_of_EUSART_DefaultFramingErrorHandler     text36       001C98
__end_of_EUSART_DefaultOverrunErrorHandler     text35       001C4A
__end_of_EUSART_Initialize                     text12       0017E6
__end_of_EUSART_Receive_ISR                    text34       00123A
__end_of_EUSART_RxDataHandler                  text38       001A32
__end_of_EUSART_SetErrorHandler                text16       001BF2
__end_of_EUSART_SetFramingErrorHandler         text15       001BE8
__end_of_EUSART_SetOverrunErrorHandler         text14       001BDE
__end_of_EUSART_SetRxInterruptHandler          text13       001BD4
__end_of_EUSART_Write                          text3        001AD6
__end_of_I2C_CallbackReturnReset               text66       001C8A
__end_of_I2C_CallbackReturnStop                text67       001C8E
__end_of_I2C_Close                             text29       00195C
__end_of_I2C_DO_ADDRESS_NACK                   text43       00171E
__end_of_I2C_DO_IDLE                           text57       001BB6
__end_of_I2C_DO_RCEN                           text52       001BAA
__end_of_I2C_DO_RESET                          text44       001B9E
__end_of_I2C_DO_RX                             text53       0012E0
__end_of_I2C_DO_RX_ACK                         text47       001C1C
__end_of_I2C_DO_RX_NACK_RESTART                text45       001C0C
__end_of_I2C_DO_RX_NACK_STOP                   text46       001C14
__end_of_I2C_DO_SEND_ADR_READ                  text56       001B84
__end_of_I2C_DO_SEND_ADR_WRITE                 text55       001B92
__end_of_I2C_DO_SEND_RESTART                   text49       001C2C
__end_of_I2C_DO_SEND_RESTART_READ              text51       001C3C
__end_of_I2C_DO_SEND_RESTART_WRITE             text50       001C34
__end_of_I2C_DO_SEND_STOP                      text48       001C24
__end_of_I2C_DO_TX                             text54       0010E6
__end_of_I2C_DO_TX_EMPTY                       text58       001504
__end_of_I2C_Initialize                        text11       001B60
__end_of_I2C_MasterClearIrq                    text32       001C76
__end_of_I2C_MasterClose                       text31       001C72
__end_of_I2C_MasterDisableIrq                  text30       001C6E
__end_of_I2C_MasterEnableIrq                   text25       001C66
__end_of_I2C_MasterEnableRestart               text77       001C96
__end_of_I2C_MasterFsm                         text41       0015E6
__end_of_I2C_MasterGetRxData                   text63       001C82
__end_of_I2C_MasterIsNack                      text60       001B74
__end_of_I2C_MasterIsr                         text40       001C56
__end_of_I2C_MasterOpen                        text24       001ABE
__end_of_I2C_MasterOperation                   text27       00187A
__end_of_I2C_MasterSendAck                     text62       001C5C
__end_of_I2C_MasterSendNack                    text64       001C62
__end_of_I2C_MasterSendTxData                  text61       001C44
__end_of_I2C_MasterSetIrq                      text59       001C7E
__end_of_I2C_MasterStart                       text28       001C6A
__end_of_I2C_MasterStartRx                     text65       001C86
__end_of_I2C_MasterStop                        text76       001C92
__end_of_I2C_MasterWrite                       text26       001C04
__end_of_I2C_Open                              text22       001382
__end_of_I2C_Read1ByteRegister                 text6        001488
__end_of_I2C_SetAddressNackCallback            text20       001B1E
__end_of_I2C_SetBuffer                         text19       001A56
__end_of_I2C_SetCallback                       text21       001650
__end_of_I2C_SetDataCompleteCallback           text18       001B06
__end_of_I2C_SetInterruptHandler               text23       001BFC
__end_of_I2C_Write1ByteRegister                text17       001578
__end_of_INTERRUPT_Initialize                  text10       001BCA
__end_of_INTERRUPT_InterruptManagerHigh        intcode_body 001192
__end_of_INTERRUPT_InterruptManagerLow         intcodelo    00008A
__end_of_OSCILLATOR_Initialize                 text9        001BC0
__end_of_PIN_MANAGER_Initialize                text8        00192E
__end_of_SYSTEM_Initialize                     text7        001B4C
__end_of_Sensor_ReadTemp                       text5        001AEE
__end_of__initialization                       cinit        001A92
__end_of_get_Real_time_clock                   text4        0016B8
__end_of_i2c_fsmStateTable                     smallconst   001021
__end_of_main                                  text0        001836
__end_of_print_realtimeclock                   text1        00140A
__end_of_rd1RegCompleteHandler                 text71       0019E0
__end_of_rd2RegCompleteHandler                 text70       0019B4
__end_of_rdBlkRegCompleteHandler               text68       0018FE
__end_of_uart_logging                          text2        0018BC
__end_of_wr1RegCompleteHandler                 text69       001988
__end_of_wr2RegCompleteHandler                 text72       001A0C
__end_ofi2_I2C_MasterClearIrq                  text42       001C7A
__end_ofi2_I2C_SetBuffer                       text75       001A7A
__end_ofi2_I2C_SetCallback                     text74       001784
__end_ofi2_I2C_SetDataCompleteCallback         text73       001B36
__initialization                               cinit        001A7A
__mediumconst                                  mediumconst  000000
__pbssBANK0                                    bssBANK0     000060
__pbssCOMRAM                                   bssCOMRAM    000001
__pcinit                                       cinit        001A7A
__pcstackBANK0                                 cstackBANK0  000092
__pcstackCOMRAM                                cstackCOMRAM 000027
__pintcode                                     intcode      000008
__pintcode_body                                intcode_body 0010E6
__pintcodelo                                   intcodelo    000018
__pnvBANK0                                     nvBANK0      0000AB
__pnvCOMRAM                                    nvCOMRAM     000042
__psmallconst                                  smallconst   001000
__ptext0                                       text0        0017E6
__ptext1                                       text1        001382
__ptext10                                      text10       001BC0
__ptext11                                      text11       001B4C
__ptext12                                      text12       001784
__ptext13                                      text13       001BCA
__ptext14                                      text14       001BD4
__ptext15                                      text15       001BDE
__ptext16                                      text16       001BE8
__ptext17                                      text17       001504
__ptext18                                      text18       001AEE
__ptext19                                      text19       001A32
__ptext2                                       text2        00187A
__ptext20                                      text20       001B06
__ptext21                                      text21       0015E6
__ptext22                                      text22       0012E0
__ptext23                                      text23       001BF2
__ptext24                                      text24       001A9C
__ptext25                                      text25       001C62
__ptext26                                      text26       001BFC
__ptext27                                      text27       001836
__ptext28                                      text28       001C66
__ptext29                                      text29       00192E
__ptext3                                       text3        001ABE
__ptext30                                      text30       001C6A
__ptext31                                      text31       001C6E
__ptext32                                      text32       001C72
__ptext34                                      text34       001192
__ptext35                                      text35       001C44
__ptext36                                      text36       001C96
__ptext37                                      text37       001C4A
__ptext38                                      text38       001A0C
__ptext4                                       text4        001650
__ptext40                                      text40       001C50
__ptext41                                      text41       001578
__ptext42                                      text42       001C76
__ptext43                                      text43       0016B8
__ptext44                                      text44       001B92
__ptext45                                      text45       001C04
__ptext46                                      text46       001C0C
__ptext47                                      text47       001C14
__ptext48                                      text48       001C1C
__ptext49                                      text49       001C24
__ptext5                                       text5        001AD6
__ptext50                                      text50       001C2C
__ptext51                                      text51       001C34
__ptext52                                      text52       001B9E
__ptext53                                      text53       00123A
__ptext54                                      text54       001022
__ptext55                                      text55       001B84
__ptext56                                      text56       001B74
__ptext57                                      text57       001BAA
__ptext58                                      text58       001488
__ptext59                                      text59       001C7A
__ptext6                                       text6        00140A
__ptext60                                      text60       001B60
__ptext61                                      text61       001C3C
__ptext62                                      text62       001C56
__ptext63                                      text63       001C7E
__ptext64                                      text64       001C5C
__ptext65                                      text65       001C82
__ptext66                                      text66       001C86
__ptext67                                      text67       001C8A
__ptext68                                      text68       0018BC
__ptext69                                      text69       00195C
__ptext7                                       text7        001B36
__ptext70                                      text70       001988
__ptext71                                      text71       0019B4
__ptext72                                      text72       0019E0
__ptext73                                      text73       001B1E
__ptext74                                      text74       00171E
__ptext75                                      text75       001A56
__ptext76                                      text76       001C8E
__ptext77                                      text77       001C92
__ptext8                                       text8        0018FE
__ptext9                                       text9        001BB6
__ramtop                                       ramtop       001000
__smallconst                                   smallconst   001000
_eusartRxBuffer                                bssBANK0     000084
_eusartRxCount                                 bssCOMRAM    000013
_eusartRxHead                                  bssCOMRAM    000015
_eusartRxLastError                             bssCOMRAM    000012
_eusartRxStatusBuffer                          bssCOMRAM    000001
_eusartRxTail                                  bssCOMRAM    000014
_get_Real_time_clock                           text4        001650
_i2c_fsmStateTable                             smallconst   001001
_main                                          text0        0017E6
_pack_real_time                                bssCOMRAM    000016
_print_realtimeclock                           text1        001382
_rd1RegCompleteHandler                         text71       0019B4
_rd2RegCompleteHandler                         text70       001988
_rdBlkRegCompleteHandler                       text68       0018BC
_real_time                                     bssBANK0     00008C
_real_time@real_time_clock$F45                 bssCOMRAM    000009
_temp_value                                    bssCOMRAM    000011
_uart_logging                                  text2        00187A
_wr1RegCompleteHandler                         text69       00195C
_wr2RegCompleteHandler                         text72       0019E0
btemp                                          temp         000046
end_of_initialization                          cinit        001A92
i2I2C_SetBuffer@buffer                         cstackCOMRAM 000027
i2I2C_SetBuffer@bufferSize                     cstackCOMRAM 000029
i2I2C_SetCallback@cb                           cstackCOMRAM 000027
i2I2C_SetCallback@idx                          cstackCOMRAM 00002B
i2I2C_SetCallback@ptr                          cstackCOMRAM 000029
i2I2C_SetDataCompleteCallback@cb               cstackCOMRAM 00002C
i2I2C_SetDataCompleteCallback@ptr              cstackCOMRAM 00002E
i2_I2C_MasterClearIrq                          text42       001C76
i2_I2C_SetBuffer                               text75       001A56
i2_I2C_SetCallback                             text74       00171E
i2_I2C_SetDataCompleteCallback                 text73       001B1E
int$flags                                      temp         000046
int_func                                       intcode_body 0010E6
intlevel0                                      text         000000
intlevel1                                      text         000000
intlevel2                                      text         000000
intlevel3                                      text         000000
isa$std                                        (abs)        000001
isa$xinst                                      (abs)        000000
rd1RegCompleteHandler@ptr                      cstackCOMRAM 000030
rd2RegCompleteHandler@ptr                      cstackCOMRAM 000030
rdBlkRegCompleteHandler@ptr                    cstackCOMRAM 000030
stackhi                                        (abs)        000000
stacklo                                        (abs)        000000
start                                          init         00008A
start_initialization                           cinit        001A7A
ttemp5                                         temp         000047
ttemp6                                         temp         00004A
ttemp7                                         temp         00004E
uart_logging@i                                 cstackBANK0  00009E
uart_logging@size                              cstackBANK0  00009B
uart_logging@string                            cstackBANK0  00009A
wr1RegCompleteHandler@ptr                      cstackCOMRAM 000030
wr2RegCompleteHandler@ptr                      cstackCOMRAM 000030
wtemp8                                         temp         000047


MODULE INFORMATION

Module		Function		Class		Link	Load	Size
ECUL/real_time_module/real_time_clock.c
		_get_Real_time_clock		CODE           	1650	0000	104
		_print_realtimeclock		CODE           	1382	0000	136

ECUL/real_time_module/real_time_clock.c estimated size: 240

ECUL/uart_logging/uart_logging.c
		_uart_logging  		CODE           	187A	0000	66

ECUL/uart_logging/uart_logging.c estimated size: 66

mcc_generated_files/interrupt_manager.c
		_INTERRUPT_Initialize		CODE           	1BC0	0000	10
		_INTERRUPT_InterruptManagerLow		CODE           	0018	0000	114
		_INTERRUPT_InterruptManagerHigh		CODE           	0008	0000	178

mcc_generated_files/interrupt_manager.c estimated size: 302

mcc_generated_files/examples/i2c_master_example.c
		_wr1RegCompleteHandler		CODE           	195C	0000	44
		_wr2RegCompleteHandler		CODE           	19E0	0000	44
		_I2C_Write1ByteRegister		CODE           	1504	0000	116
		_I2C_Read1ByteRegister		CODE           	140A	0000	126
		_rdBlkRegCompleteHandler		CODE           	18BC	0000	66
		_rd1RegCompleteHandler		CODE           	19B4	0000	44
		_rd2RegCompleteHandler		CODE           	1988	0000	44

mcc_generated_files/examples/i2c_master_example.c estimated size: 484

mcc_generated_files/pin_manager.c
		_PIN_MANAGER_Initialize		CODE           	18FE	0000	48

mcc_generated_files/pin_manager.c estimated size: 48

shared
		i2_I2C_SetBuffer		CODE           	1A56	0000	36
		__initialization		CODE           	1A7A	0000	24
		i2_I2C_SetCallback		CODE           	171E	0000	102
		i2_I2C_SetDataCompleteCallback		CODE           	1B1E	0000	24
		i2_I2C_MasterClearIrq		CODE           	1C76	0000	4
		_i2c_fsmStateTable		SMALLCONST     	1001	0000	32

shared estimated size: 222

mcc_generated_files/mcc.c
		_OSCILLATOR_Initialize		CODE           	1BB6	0000	10
		_SYSTEM_Initialize		CODE           	1B36	0000	22

mcc_generated_files/mcc.c estimated size: 32

temp_sensor/temp_sensor.c
		_Sensor_ReadTemp		CODE           	1AD6	0000	24

temp_sensor/temp_sensor.c estimated size: 24

mcc_generated_files/i2c_master.c
		_I2C_Close     		CODE           	192E	0000	46
		_I2C_MasterStartRx		CODE           	1C82	0000	4
		_I2C_DO_SEND_ADR_WRITE		CODE           	1B84	0000	14
		_I2C_DO_SEND_STOP		CODE           	1C1C	0000	8
		_I2C_MasterSendNack		CODE           	1C5C	0000	6
		_I2C_MasterDisableIrq		CODE           	1C6A	0000	4
		_I2C_CallbackReturnStop		CODE           	1C8A	0000	4
		_I2C_MasterOperation		CODE           	1836	0000	68
		_I2C_DO_SEND_ADR_READ		CODE           	1B74	0000	16
		_I2C_DO_RX_NACK_STOP		CODE           	1C0C	0000	8
		_I2C_DO_SEND_RESTART		CODE           	1C24	0000	8
		_I2C_DO_RX     		CODE           	123A	0000	166
		_I2C_DO_TX     		CODE           	1022	0000	196
		_I2C_DO_IDLE   		CODE           	1BAA	0000	12
		_I2C_DO_RCEN   		CODE           	1B9E	0000	12
		_I2C_DO_RESET  		CODE           	1B92	0000	12
		_I2C_MasterClose		CODE           	1C6E	0000	4
		_I2C_MasterWrite		CODE           	1BFC	0000	8
		_I2C_DO_RX_ACK 		CODE           	1C14	0000	8
		_I2C_MasterStart		CODE           	1C66	0000	4
		_I2C_MasterClearIrq		CODE           	1C72	0000	4
		_I2C_MasterGetRxData		CODE           	1C7E	0000	4
		_I2C_SetCallback		CODE           	15E6	0000	106
		_I2C_DO_ADDRESS_NACK		CODE           	16B8	0000	102
		_I2C_MasterEnableRestart		CODE           	1C92	0000	4
		_I2C_CallbackReturnReset		CODE           	1C86	0000	4
		_I2C_Open      		CODE           	12E0	0000	162
		_I2C_SetAddressNackCallback		CODE           	1B06	0000	24
		_I2C_DO_TX_EMPTY		CODE           	1488	0000	124
		_I2C_DO_SEND_RESTART_WRITE		CODE           	1C2C	0000	8
		_I2C_MasterIsNack		CODE           	1B60	0000	20
		_I2C_SetDataCompleteCallback		CODE           	1AEE	0000	24
		_I2C_DO_RX_NACK_RESTART		CODE           	1C04	0000	8
		_I2C_MasterSendAck		CODE           	1C56	0000	6
		_I2C_MasterFsm 		CODE           	1578	0000	110
		_I2C_MasterIsr 		CODE           	1C50	0000	6
		_I2C_MasterSetIrq		CODE           	1C7A	0000	4
		_I2C_DO_SEND_RESTART_READ		CODE           	1C34	0000	8
		_I2C_MasterEnableIrq		CODE           	1C62	0000	4
		_I2C_Initialize		CODE           	1B4C	0000	20
		_I2C_SetBuffer 		CODE           	1A32	0000	36
		_I2C_SetInterruptHandler		CODE           	1BF2	0000	10
		_I2C_MasterOpen		CODE           	1A9C	0000	34
		_I2C_MasterSendTxData		CODE           	1C3C	0000	8
		_I2C_MasterStop		CODE           	1C8E	0000	4

mcc_generated_files/i2c_master.c estimated size: 1452

mcc_generated_files/eusart.c
		_EUSART_SetRxInterruptHandler		CODE           	1BCA	0000	10
		_EUSART_DefaultOverrunErrorHandler		CODE           	1C44	0000	6
		_EUSART_Write  		CODE           	1ABE	0000	24
		_EUSART_DefaultErrorHandler		CODE           	1C4A	0000	6
		_EUSART_Initialize		CODE           	1784	0000	98
		_EUSART_SetFramingErrorHandler		CODE           	1BDE	0000	10
		_EUSART_SetErrorHandler		CODE           	1BE8	0000	10
		_EUSART_SetOverrunErrorHandler		CODE           	1BD4	0000	10
		_EUSART_Receive_ISR		CODE           	1192	0000	168
		_EUSART_RxDataHandler		CODE           	1A0C	0000	38
		_EUSART_DefaultFramingErrorHandler		CODE           	1C96	0000	2

mcc_generated_files/eusart.c estimated size: 382

main.c
		_main          		CODE           	17E6	0000	80

main.c estimated size: 80

