Microchip MPLAB XC8 Compiler V2.46

Linker command line:

-W-3 \
  --edf=C:\Program Files\Microchip\xc8\v2.46\pic\dat\20240104201356_en.msgs \
  -cn -h+dist/default/debug\mini_project_smart_home_.X.debug.sym \
  --cmf=dist/default/debug\mini_project_smart_home_.X.debug.cmf -z \
  -Q18F46K20 -oC:\Users\ahmed\AppData\Local\Temp\xcAs7ks.\driver_tmp_3.o \
  --defsym=__MPLAB_BUILD=1 --fixupoverflow=error \
  -Mdist/default/debug/mini_project_smart_home_.X.debug.map \
  --md=C:\Users\ahmed\AppData\Local\Temp\xcAs7ks.\driver_tmp_0.dat -E1 \
  -ver=XC8 Compiler --acfsm=1493 -ACODE=00h-0FFFFh -ACONST=00h-0FFFFh \
  -ASMALLCONST=01000h-010FFhx240 -AMEDIUMCONST=01000h-0FFFFh \
  -ACOMRAM=01h-05Fh -AABS1=00h-0F5Fh -ABIGRAM=01h-0F5Fh \
  -ARAM=060h-0FFh,0100h-01FFhx14,0F00h-0F5Fh -ABANK0=060h-0FFh \
  -ABANK1=0100h-01FFh -ABANK2=0200h-02FFh -ABANK3=0300h-03FFh \
  -ABANK4=0400h-04FFh -ABANK5=0500h-05FFh -ABANK6=0600h-06FFh \
  -ABANK7=0700h-07FFh -ABANK8=0800h-08FFh -ABANK9=0900h-09FFh \
  -ABANK10=0A00h-0AFFh -ABANK11=0B00h-0BFFh -ABANK12=0C00h-0CFFh \
  -ABANK13=0D00h-0DFFh -ABANK14=0E00h-0EFFh -ABANK15=0F00h-0F5Fh \
  -ASFR=0F60h-0FFFh -ABIGSFR=0F60h-0FFFh -ACONFIG=0300000h-030000Dh \
  -AIDLOC=0200000h-0200007h -AEEDATA=0F00000h-0F003FFh -peeprom_data=EEDATA \
  -preset_vec=00h,intcode=8h,intcodelo=18h,powerup,init -pramtop=01000h \
  -psmallconst=SMALLCONST -pmediumconst=MEDIUMCONST -pconst=CONST \
  -AFARRAM=00h-00h \
  -prdata=COMRAM,nvrram=COMRAM,nvbit=COMRAM,rbss=COMRAM,rbit=COMRAM \
  -pfarbss=FARRAM,fardata=FARRAM,nvFARRAM=FARRAM \
  -pintsave_regs=BIGRAM,bigbss=BIGRAM,bigdata=BIGRAM -pbss=RAM \
  -pidata=CODE,irdata=CODE,ibigdata=CODE,ifardata=CODE -prparam=COMRAM \
  C:\Users\ahmed\AppData\Local\Temp\xcAs7ks.\driver_tmp_9.o \
  dist/default/debug\mini_project_smart_home_.X.debug.o 

Object code version is 3.11

Machine type is 18F46K20



                Name                               Link     Load   Length Selector   Space Scale
C:\Users\ahmed\AppData\Local\Temp\xcAs7ks.\driver_tmp_9.o
                config                           300000   300000        E        0       4
                init                                 DE       DE        4        C       0
                reset_vec                             0        0        4        0       0
dist/default/debug\mini_project_smart_home_.X.debug.o
                intcodelo                            18       18       C6        C       0
                intcode                               8        8        6        4       0
                config                           300000   300000        E        0       4
                temp                                 4D       4D        1        1       1
                smallconst                         1000     1000       22      800       0
                text77                             1A04     1A04       26      811       0
                text76                             1C30     1C30        6      811       0
                text75                             1C6A     1C6A        2      811       0
                text74                             1C2A     1C2A        6      811       0
                text73                             10E6     10E6       AA      811       0
                text72                             1892     1892       3C      811       0
                intcode_body                       12D8     12D8       92      811       0
                text70                             1C66     1C66        4      811       0
                text69                             1C62     1C62        4      811       0
                text68                             1A4E     1A4E       24      811       0
                text67                             1710     1710       66      811       0
                text66                             1AE6     1AE6       18      811       0
                text65                             19B0     19B0       2C      811       0
                text64                             1984     1984       2C      811       0
                text63                             1958     1958       2C      811       0
                text62                             192C     192C       2C      811       0
                text61                             1850     1850       42      811       0
                text60                             1C5E     1C5E        4      811       0
                text59                             1C5A     1C5A        4      811       0
                text58                             1C56     1C56        4      811       0
                text57                             1C24     1C24        6      811       0
                text56                             1C52     1C52        4      811       0
                text55                             1C1E     1C1E        6      811       0
                text54                             1C10     1C10        8      811       0
                text53                             1B28     1B28       14      811       0
                text52                             1C4E     1C4E        4      811       0
                text51                             14EE     14EE       7C      811       0
                text50                             1B7E     1B7E        C      811       0
                text49                             1B3C     1B3C       10      811       0
                text48                             1B4C     1B4C        E      811       0
                text47                             1022     1022       C4      811       0
                text46                             1190     1190       A6      811       0
                text45                             1B72     1B72        C      811       0
                text44                             1C08     1C08        8      811       0
                text43                             1C00     1C00        8      811       0
                text42                             1BF8     1BF8        8      811       0
                text41                             1BF0     1BF0        8      811       0
                text40                             1BE8     1BE8        8      811       0
                text39                             1BE0     1BE0        8      811       0
                text38                             1BD8     1BD8        8      811       0
                text37                             1B66     1B66        C      811       0
                text36                             16AA     16AA       66      811       0
                text35                             1C4A     1C4A        4      811       0
                text34                             156A     156A       6E      811       0
                text33                             1C18     1C18        6      811       0
                text31                             1BC6     1BC6        A      811       0
                text30                             1BBC     1BBC        A      811       0
                text29                             1BB2     1BB2        A      811       0
                text28                             1BA8     1BA8        A      811       0
                text27                             1B9E     1B9E        A      811       0
                text26                             1470     1470       7E      811       0
                text25                             1B14     1B14       14      811       0
                text24                             1B5A     1B5A        C      811       0
                text23                             1B94     1B94        A      811       0
                text22                             18CE     18CE       30      811       0
                text21                             1AFE     1AFE       16      811       0
                text20                             1C46     1C46        4      811       0
                text19                             1C42     1C42        4      811       0
                text18                             1C3E     1C3E        4      811       0
                text17                             18FE     18FE       2E      811       0
                text16                             1C3A     1C3A        4      811       0
                text15                             17CA     17CA       44      811       0
                text14                             1BD0     1BD0        8      811       0
                text13                             1C36     1C36        4      811       0
                text12                             1A94     1A94       22      811       0
                text11                             1B8A     1B8A        A      811       0
                text10                             1236     1236       A2      811       0
                text9                              15D8     15D8       6A      811       0
                text8                              1ACE     1ACE       18      811       0
                text7                              1A2A     1A2A       24      811       0
                text6                              1AB6     1AB6       18      811       0
                text5                              13F2     13F2       7E      811       0
                text4                              1642     1642       68      811       0
                text3                              1776     1776       54      811       0
                text2                              180E     180E       42      811       0
                text1                              136A     136A       88      811       0
                text0                              19DC     19DC       28      811       0
                cstackCOMRAM                         29       29       22        1       1
                cstackBANK0                          9A       9A       12       60       1
                bssBANK0                             60       60       3A       60       1
                bssCOMRAM                             1        1       28        1       1
                cinit                              1A72     1A72       22      811       0
                nvBANK0                              AC       AC        8       60       1
                nvCOMRAM                             4B       4B        2        1       1

TOTAL           Name                               Link     Load   Length     Space
        CLASS   CODE           
                intcodelo                            18       18       C6         0
                intcode                               8        8        6         0
                init                                 DE       DE        4         0
                reset_vec                             0        0        4         0
                text77                             1A04     1A04       26         0
                text76                             1C30     1C30        6         0
                text75                             1C6A     1C6A        2         0
                text74                             1C2A     1C2A        6         0
                text73                             10E6     10E6       AA         0
                text72                             1892     1892       3C         0
                intcode_body                       12D8     12D8       92         0
                text70                             1C66     1C66        4         0
                text69                             1C62     1C62        4         0
                text68                             1A4E     1A4E       24         0
                text67                             1710     1710       66         0
                text66                             1AE6     1AE6       18         0
                text65                             19B0     19B0       2C         0
                text64                             1984     1984       2C         0
                text63                             1958     1958       2C         0
                text62                             192C     192C       2C         0
                text61                             1850     1850       42         0
                text60                             1C5E     1C5E        4         0
                text59                             1C5A     1C5A        4         0
                text58                             1C56     1C56        4         0
                text57                             1C24     1C24        6         0
                text56                             1C52     1C52        4         0
                text55                             1C1E     1C1E        6         0
                text54                             1C10     1C10        8         0
                text53                             1B28     1B28       14         0
                text52                             1C4E     1C4E        4         0
                text51                             14EE     14EE       7C         0
                text50                             1B7E     1B7E        C         0
                text49                             1B3C     1B3C       10         0
                text48                             1B4C     1B4C        E         0
                text47                             1022     1022       C4         0
                text46                             1190     1190       A6         0
                text45                             1B72     1B72        C         0
                text44                             1C08     1C08        8         0
                text43                             1C00     1C00        8         0
                text42                             1BF8     1BF8        8         0
                text41                             1BF0     1BF0        8         0
                text40                             1BE8     1BE8        8         0
                text39                             1BE0     1BE0        8         0
                text38                             1BD8     1BD8        8         0
                text37                             1B66     1B66        C         0
                text36                             16AA     16AA       66         0
                text35                             1C4A     1C4A        4         0
                text34                             156A     156A       6E         0
                text33                             1C18     1C18        6         0
                text31                             1BC6     1BC6        A         0
                text30                             1BBC     1BBC        A         0
                text29                             1BB2     1BB2        A         0
                text28                             1BA8     1BA8        A         0
                text27                             1B9E     1B9E        A         0
                text26                             1470     1470       7E         0
                text25                             1B14     1B14       14         0
                text24                             1B5A     1B5A        C         0
                text23                             1B94     1B94        A         0
                text22                             18CE     18CE       30         0
                text21                             1AFE     1AFE       16         0
                text20                             1C46     1C46        4         0
                text19                             1C42     1C42        4         0
                text18                             1C3E     1C3E        4         0
                text17                             18FE     18FE       2E         0
                text16                             1C3A     1C3A        4         0
                text15                             17CA     17CA       44         0
                text14                             1BD0     1BD0        8         0
                text13                             1C36     1C36        4         0
                text12                             1A94     1A94       22         0
                text11                             1B8A     1B8A        A         0
                text10                             1236     1236       A2         0
                text9                              15D8     15D8       6A         0
                text8                              1ACE     1ACE       18         0
                text7                              1A2A     1A2A       24         0
                text6                              1AB6     1AB6       18         0
                text5                              13F2     13F2       7E         0
                text4                              1642     1642       68         0
                text3                              1776     1776       54         0
                text2                              180E     180E       42         0
                text1                              136A     136A       88         0
                text0                              19DC     19DC       28         0
                cinit                              1A72     1A72       22         0

        CLASS   CONST          

        CLASS   SMALLCONST     
                smallconst                         1000     1000       22         0

        CLASS   MEDIUMCONST    

        CLASS   COMRAM         
                temp                                 4D       4D        1         1
                cstackCOMRAM                         29       29       22         1
                bssCOMRAM                             1        1       28         1
                nvCOMRAM                             4B       4B        2         1

        CLASS   ABS1           

        CLASS   BIGRAM         

        CLASS   RAM            

        CLASS   BANK0          
                cstackBANK0                          9A       9A       12         1
                bssBANK0                             60       60       3A         1
                nvBANK0                              AC       AC        8         1

        CLASS   BANK1          

        CLASS   BANK2          

        CLASS   BANK3          

        CLASS   BANK4          

        CLASS   BANK5          

        CLASS   BANK6          

        CLASS   BANK7          

        CLASS   BANK8          

        CLASS   BANK9          

        CLASS   BANK10         

        CLASS   BANK11         

        CLASS   BANK12         

        CLASS   BANK13         

        CLASS   BANK14         

        CLASS   BANK15         

        CLASS   SFR            

        CLASS   BIGSFR         

        CLASS   CONFIG         
                config                           300000   300000        E         4

        CLASS   IDLOC          

        CLASS   EEDATA         

        CLASS   FARRAM         

        CLASS   HEAP           

        CLASS   STACK          



SEGMENTS        Name                           Load    Length   Top    Selector   Space  Class

                reset_vec                      000000  000004  000004         0       0  CODE    
                bssCOMRAM                      000001  00004D  00004E         1       1  COMRAM  
                intcode                        000008  000006  00000E         4       0  CODE    
                intcodelo                      000018  0000CA  0000E2         C       0  CODE    
                bssBANK0                       000060  000054  0000B4        60       1  BANK0   
                smallconst                     001000  000022  001022       800       0  SMALLCON
                text47                         001022  000C4A  001C6C       811       0  CODE    


UNUSED ADDRESS RANGES

        Name                Unused          Largest block    Delta
        BANK0            0000B4-0000FF               4C
        BANK1            000100-0001FF              100
        BANK10           000A00-000AFF              100
        BANK11           000B00-000BFF              100
        BANK12           000C00-000CFF              100
        BANK13           000D00-000DFF              100
        BANK14           000E00-000EFF              100
        BANK15           000F00-000F5F               60
        BANK2            000200-0002FF              100
        BANK3            000300-0003FF              100
        BANK4            000400-0004FF              100
        BANK5            000500-0005FF              100
        BANK6            000600-0006FF              100
        BANK7            000700-0007FF              100
        BANK8            000800-0008FF              100
        BANK9            000900-0009FF              100
        BIGRAM           00004E-00005F               12
                         0000B4-000F5F              EAC
        BIGSFR           000F60-000FFF               A0
        CODE             000004-000007                4
                         00000E-000017                A
                         0000E2-000FFF              F1E
                         001C6C-00FFFF             E394
        COMRAM           00004E-00005F               12
        CONST            000004-000007                4
                         00000E-000017                A
                         0000E2-000FFF              F1E
                         001C6C-00FFFF             E394
        EEDATA           F00000-F003FF              400
        IDLOC            200000-200007                8
        MEDIUMCONST      001C6C-00FFFF             E394
        RAM              0000B4-000F5F              100
        SFR              000F60-000FFF               A0
        SMALLCONST       001C6C-00FFFF              100

                                  Symbol Table

?_get_Real_time_clock                          cstackBANK0  0000A6
EUSART_SetErrorHandler@interruptHandler        cstackBANK0  00009A
EUSART_SetFramingErrorHandler@interruptHandler cstackBANK0  00009A
EUSART_SetOverrunErrorHandler@interruptHandler cstackBANK0  00009A
EUSART_SetRxInterruptHandler@interruptHandler  cstackBANK0  00009A
EUSART_SetTxInterruptHandler@interruptHandler  cstackBANK0  00009A
EUSART_Write@txData                            cstackBANK0  00009A
I2C_CallbackReturnReset@funPtr                 cstackCOMRAM 000036
I2C_Close@returnValue                          cstackBANK0  00009A
I2C_MasterOperation@read                       cstackBANK0  00009A
I2C_MasterOperation@returnValue                cstackBANK0  00009B
I2C_MasterSendTxData@data                      cstackCOMRAM 00002D
I2C_Open@address                               cstackBANK0  00009C
I2C_Open@returnValue                           cstackBANK0  00009D
I2C_Read1ByteRegister@address                  cstackBANK0  0000A4
I2C_Read1ByteRegister@reg                      cstackBANK0  0000A3
I2C_Read1ByteRegister@returnValue              cstackBANK0  0000A5
I2C_SetAddressNackCallback@cb                  cstackBANK0  00009F
I2C_SetAddressNackCallback@ptr                 cstackBANK0  0000A1
I2C_SetBuffer@buffer                           cstackBANK0  00009A
I2C_SetBuffer@bufferSize                       cstackBANK0  00009C
I2C_SetCallback@cb                             cstackBANK0  00009A
I2C_SetCallback@idx                            cstackBANK0  00009E
I2C_SetCallback@ptr                            cstackBANK0  00009C
I2C_SetDataCompleteCallback@cb                 cstackBANK0  00009F
I2C_SetDataCompleteCallback@ptr                cstackBANK0  0000A1
I2C_SetInterruptHandler@InterruptHandler       cstackBANK0  00009A
_ANSEL                                         (abs)        000F7E
_ANSELH                                        (abs)        000F7F
_BAUDCON                                       (abs)        000FB8
_EEADR                                         (abs)        000FA9
_EEADRH                                        (abs)        000FAA
_EECON1bits                                    (abs)        000FA6
_EECON2                                        (abs)        000FA7
_EEDATA                                        (abs)        000FA8
_EUSART_DefaultErrorHandler                    text76       001C30
_EUSART_DefaultFramingErrorHandler             text75       001C6A
_EUSART_DefaultOverrunErrorHandler             text74       001C2A
_EUSART_ErrorHandler                           nvBANK0      0000AC
_EUSART_FramingErrorHandler                    nvBANK0      0000B0
_EUSART_Initialize                             text26       001470
_EUSART_OverrunErrorHandler                    nvBANK0      0000AE
_EUSART_Receive_ISR                            text73       0010E6
_EUSART_RxDataHandler                          text77       001A04
_EUSART_RxDefaultInterruptHandler              nvBANK0      0000B2
_EUSART_SetErrorHandler                        text31       001BC6
_EUSART_SetFramingErrorHandler                 text30       001BBC
_EUSART_SetOverrunErrorHandler                 text29       001BB2
_EUSART_SetRxInterruptHandler                  text28       001BA8
_EUSART_SetTxInterruptHandler                  text27       001B9E
_EUSART_Transmit_ISR                           text72       001892
_EUSART_TxDefaultInterruptHandler              nvCOMRAM     00004B
_EUSART_Write                                  text3        001776
_I2C_CallbackReturnReset                       text59       001C5A
_I2C_CallbackReturnStop                        text60       001C5E
_I2C_Close                                     text17       0018FE
_I2C_DO_ADDRESS_NACK                           text36       0016AA
_I2C_DO_IDLE                                   text50       001B7E
_I2C_DO_RCEN                                   text45       001B72
_I2C_DO_RESET                                  text37       001B66
_I2C_DO_RX                                     text46       001190
_I2C_DO_RX_ACK                                 text40       001BE8
_I2C_DO_RX_NACK_RESTART                        text38       001BD8
_I2C_DO_RX_NACK_STOP                           text39       001BE0
_I2C_DO_SEND_ADR_READ                          text49       001B3C
_I2C_DO_SEND_ADR_WRITE                         text48       001B4C
_I2C_DO_SEND_RESTART                           text42       001BF8
_I2C_DO_SEND_RESTART_READ                      text44       001C08
_I2C_DO_SEND_RESTART_WRITE                     text43       001C00
_I2C_DO_SEND_STOP                              text41       001BF0
_I2C_DO_TX                                     text47       001022
_I2C_DO_TX_EMPTY                               text51       0014EE
_I2C_Initialize                                text25       001B14
_I2C_MasterClearIrq                            text20       001C46
_I2C_MasterClose                               text19       001C42
_I2C_MasterDisableIrq                          text18       001C3E
_I2C_MasterEnableIrq                           text13       001C36
_I2C_MasterEnableRestart                       text70       001C66
_I2C_MasterFsm                                 text34       00156A
_I2C_MasterGetRxData                           text56       001C52
_I2C_MasterIsNack                              text53       001B28
_I2C_MasterIsr                                 text33       001C18
_I2C_MasterOpen                                text12       001A94
_I2C_MasterOperation                           text15       0017CA
_I2C_MasterSendAck                             text55       001C1E
_I2C_MasterSendNack                            text57       001C24
_I2C_MasterSendTxData                          text54       001C10
_I2C_MasterSetIrq                              text52       001C4E
_I2C_MasterStart                               text16       001C3A
_I2C_MasterStartRx                             text58       001C56
_I2C_MasterStop                                text69       001C62
_I2C_MasterWrite                               text14       001BD0
_I2C_Open                                      text10       001236
_I2C_Read1ByteRegister                         text5        0013F2
_I2C_SetAddressNackCallback                    text8        001ACE
_I2C_SetBuffer                                 text7        001A2A
_I2C_SetCallback                               text9        0015D8
_I2C_SetDataCompleteCallback                   text6        001AB6
_I2C_SetInterruptHandler                       text11       001B8A
_I2C_Status                                    bssBANK0     000060
_INTCON2bits                                   (abs)        000FF1
_INTCONbits                                    (abs)        000FF2
_INTERRUPT_Initialize                          text24       001B5A
_INTERRUPT_InterruptManagerHigh                intcode      000008
_INTERRUPT_InterruptManagerLow                 intcodelo    000018
_IPR1bits                                      (abs)        000F9F
_IPR2bits                                      (abs)        000FA2
_LATA                                          (abs)        000F89
_LATB                                          (abs)        000F8A
_LATC                                          (abs)        000F8B
_LATD                                          (abs)        000F8C
_LATE                                          (abs)        000F8D
_MSSP_InterruptHandler                         bssCOMRAM    00000F
_OSCCON                                        (abs)        000FD3
_OSCILLATOR_Initialize                         text23       001B94
_OSCTUNE                                       (abs)        000F9B
_PIE1bits                                      (abs)        000F9D
_PIE2bits                                      (abs)        000FA0
_PIN_MANAGER_Initialize                        text22       0018CE
_PIR1bits                                      (abs)        000F9E
_PIR2bits                                      (abs)        000FA1
_RCONbits                                      (abs)        000FD0
_RCREG                                         (abs)        000FAE
_RCSTA                                         (abs)        000FAB
_RCSTAbits                                     (abs)        000FAB
_SPBRG                                         (abs)        000FAF
_SPBRGH                                        (abs)        000FB0
_SSPADD                                        (abs)        000FC8
_SSPBUF                                        (abs)        000FC9
_SSPCON1                                       (abs)        000FC6
_SSPCON1bits                                   (abs)        000FC6
_SSPCON2                                       (abs)        000FC5
_SSPCON2bits                                   (abs)        000FC5
_SSPSTAT                                       (abs)        000FC7
_SSPSTATbits                                   (abs)        000FC7
_SYSTEM_Initialize                             text21       001AFE
_TABLAT                                        (abs)        000FF5
_TBLPTRH                                       (abs)        000FF7
_TBLPTRL                                       (abs)        000FF6
_TBLPTRU                                       (abs)        000FF8
_TRISA                                         (abs)        000F92
_TRISB                                         (abs)        000F93
_TRISC                                         (abs)        000F94
_TRISD                                         (abs)        000F95
_TRISE                                         (abs)        000F96
_TXREG                                         (abs)        000FAD
_TXSTA                                         (abs)        000FAC
_TXSTAbits                                     (abs)        000FAC
_WPUB                                          (abs)        000F7C
__HRAM                                         (abs)        000000
__H__absolute__                                __absolute__ 000000
__Habs1                                        abs1         000000
__Hbank0                                       bank0        000000
__Hbank1                                       bank1        000000
__Hbank10                                      bank10       000000
__Hbank11                                      bank11       000000
__Hbank12                                      bank12       000000
__Hbank13                                      bank13       000000
__Hbank14                                      bank14       000000
__Hbank15                                      bank15       000000
__Hbank2                                       bank2        000000
__Hbank3                                       bank3        000000
__Hbank4                                       bank4        000000
__Hbank5                                       bank5        000000
__Hbank6                                       bank6        000000
__Hbank7                                       bank7        000000
__Hbank8                                       bank8        000000
__Hbank9                                       bank9        000000
__Hbigbss                                      bigbss       000000
__Hbigdata                                     bigdata      000000
__Hbigram                                      bigram       000000
__Hbigsfr                                      bigsfr       000000
__Hbss                                         bss          000000
__HbssBANK0                                    bssBANK0     000000
__HbssCOMRAM                                   bssCOMRAM    000000
__Hcinit                                       cinit        000000
__Hclrtext                                     clrtext      000000
__Hcomram                                      comram       000000
__Hconfig                                      config       30000E
__Hconst                                       const        000000
__HcstackBANK0                                 cstackBANK0  000000
__HcstackCOMRAM                                cstackCOMRAM 000000
__Hdata                                        data         000000
__Heeprom_data                                 eeprom_data  000000
__Hfarbss                                      farbss       000000
__Hfardata                                     fardata      000000
__Hheap                                        heap         000000
__Hibigdata                                    ibigdata     000000
__Hidata                                       idata        000000
__Hidloc                                       idloc        000000
__Hifardata                                    ifardata     000000
__Hinit                                        init         0000E2
__Hintcode                                     intcode      00000E
__Hintcode_body                                intcode_body 000000
__Hintcodelo                                   intcodelo    0000DE
__Hintentry                                    intentry     000000
__Hintret                                      intret       000000
__Hintsave_regs                                intsave_regs 000000
__Hirdata                                      irdata       000000
__Hmediumconst                                 mediumconst  000000
__HnvBANK0                                     nvBANK0      000000
__HnvCOMRAM                                    nvCOMRAM     000000
__HnvFARRAM                                    nvFARRAM     000000
__Hnvbit                                       nvbit        000000
__Hnvrram                                      nvrram       000000
__Hparam                                       rparam       000000
__Hpowerup                                     powerup      0000DE
__Hram                                         ram          000000
__Hramtop                                      ramtop       001000
__Hrbit                                        rbit         000000
__Hrbss                                        rbss         000000
__Hrdata                                       rdata        000000
__Hreset_vec                                   reset_vec    000004
__Hrparam                                      rparam       000000
__Hsfr                                         sfr          000000
__Hsivt_hi                                     sivt_hi      000000
__Hsivt_lo                                     sivt_lo      000000
__Hsmallconst                                  smallconst   001022
__Hspace_0                                     (abs)        001C6C
__Hspace_1                                     (abs)        0000B4
__Hspace_2                                     (abs)        000000
__Hspace_4                                     (abs)        60000E
__Hstack                                       stack        000000
__Hstruct                                      struct       000000
__Htemp                                        temp         00004E
__Htext                                        text         000000
__Htext0                                       text0        000000
__Htext1                                       text1        000000
__Htext10                                      text10       000000
__Htext11                                      text11       000000
__Htext12                                      text12       000000
__Htext13                                      text13       000000
__Htext14                                      text14       000000
__Htext15                                      text15       000000
__Htext16                                      text16       000000
__Htext17                                      text17       000000
__Htext18                                      text18       000000
__Htext19                                      text19       000000
__Htext2                                       text2        000000
__Htext20                                      text20       000000
__Htext21                                      text21       000000
__Htext22                                      text22       000000
__Htext23                                      text23       000000
__Htext24                                      text24       000000
__Htext25                                      text25       000000
__Htext26                                      text26       000000
__Htext27                                      text27       000000
__Htext28                                      text28       000000
__Htext29                                      text29       000000
__Htext3                                       text3        000000
__Htext30                                      text30       000000
__Htext31                                      text31       000000
__Htext33                                      text33       000000
__Htext34                                      text34       000000
__Htext35                                      text35       000000
__Htext36                                      text36       000000
__Htext37                                      text37       000000
__Htext38                                      text38       000000
__Htext39                                      text39       000000
__Htext4                                       text4        000000
__Htext40                                      text40       000000
__Htext41                                      text41       000000
__Htext42                                      text42       000000
__Htext43                                      text43       000000
__Htext44                                      text44       000000
__Htext45                                      text45       000000
__Htext46                                      text46       000000
__Htext47                                      text47       000000
__Htext48                                      text48       000000
__Htext49                                      text49       000000
__Htext5                                       text5        000000
__Htext50                                      text50       000000
__Htext51                                      text51       000000
__Htext52                                      text52       000000
__Htext53                                      text53       000000
__Htext54                                      text54       000000
__Htext55                                      text55       000000
__Htext56                                      text56       000000
__Htext57                                      text57       000000
__Htext58                                      text58       000000
__Htext59                                      text59       000000
__Htext6                                       text6        000000
__Htext60                                      text60       000000
__Htext61                                      text61       000000
__Htext62                                      text62       000000
__Htext63                                      text63       000000
__Htext64                                      text64       000000
__Htext65                                      text65       000000
__Htext66                                      text66       000000
__Htext67                                      text67       000000
__Htext68                                      text68       000000
__Htext69                                      text69       000000
__Htext7                                       text7        000000
__Htext70                                      text70       000000
__Htext72                                      text72       000000
__Htext73                                      text73       000000
__Htext74                                      text74       000000
__Htext75                                      text75       000000
__Htext76                                      text76       000000
__Htext77                                      text77       000000
__Htext8                                       text8        000000
__Htext9                                       text9        000000
__LRAM                                         (abs)        000001
__L__absolute__                                __absolute__ 000000
__Labs1                                        abs1         000000
__Lbank0                                       bank0        000000
__Lbank1                                       bank1        000000
__Lbank10                                      bank10       000000
__Lbank11                                      bank11       000000
__Lbank12                                      bank12       000000
__Lbank13                                      bank13       000000
__Lbank14                                      bank14       000000
__Lbank15                                      bank15       000000
__Lbank2                                       bank2        000000
__Lbank3                                       bank3        000000
__Lbank4                                       bank4        000000
__Lbank5                                       bank5        000000
__Lbank6                                       bank6        000000
__Lbank7                                       bank7        000000
__Lbank8                                       bank8        000000
__Lbank9                                       bank9        000000
__Lbigbss                                      bigbss       000000
__Lbigdata                                     bigdata      000000
__Lbigram                                      bigram       000000
__Lbigsfr                                      bigsfr       000000
__Lbss                                         bss          000000
__LbssBANK0                                    bssBANK0     000000
__LbssCOMRAM                                   bssCOMRAM    000000
__Lcinit                                       cinit        000000
__Lclrtext                                     clrtext      000000
__Lcomram                                      comram       000000
__Lconfig                                      config       000000
__Lconst                                       const        000000
__LcstackBANK0                                 cstackBANK0  000000
__LcstackCOMRAM                                cstackCOMRAM 000000
__Ldata                                        data         000000
__Leeprom_data                                 eeprom_data  000000
__Lfarbss                                      farbss       000000
__Lfardata                                     fardata      000000
__Lheap                                        heap         000000
__Libigdata                                    ibigdata     000000
__Lidata                                       idata        000000
__Lidloc                                       idloc        000000
__Lifardata                                    ifardata     000000
__Linit                                        init         0000DE
__Lintcode                                     intcode      000008
__Lintcode_body                                intcode_body 000000
__Lintcodelo                                   intcodelo    000018
__Lintentry                                    intentry     000000
__Lintret                                      intret       000000
__Lintsave_regs                                intsave_regs 000000
__Lirdata                                      irdata       000000
__Lmediumconst                                 mediumconst  000000
__LnvBANK0                                     nvBANK0      000000
__LnvCOMRAM                                    nvCOMRAM     000000
__LnvFARRAM                                    nvFARRAM     000000
__Lnvbit                                       nvbit        000000
__Lnvrram                                      nvrram       000000
__Lparam                                       rparam       000000
__Lpowerup                                     powerup      0000DE
__Lram                                         ram          000000
__Lramtop                                      ramtop       001000
__Lrbit                                        rbit         000000
__Lrbss                                        rbss         000000
__Lrdata                                       rdata        000000
__Lreset_vec                                   reset_vec    000000
__Lrparam                                      rparam       000000
__Lsfr                                         sfr          000000
__Lsivt_hi                                     sivt_hi      000000
__Lsivt_lo                                     sivt_lo      000000
__Lsmallconst                                  smallconst   001000
__Lspace_0                                     (abs)        000000
__Lspace_1                                     (abs)        000000
__Lspace_2                                     (abs)        000000
__Lspace_4                                     (abs)        000000
__Lstack                                       stack        000000
__Lstruct                                      struct       000000
__Ltemp                                        temp         00004D
__Ltext                                        text         000000
__Ltext0                                       text0        000000
__Ltext1                                       text1        000000
__Ltext10                                      text10       000000
__Ltext11                                      text11       000000
__Ltext12                                      text12       000000
__Ltext13                                      text13       000000
__Ltext14                                      text14       000000
__Ltext15                                      text15       000000
__Ltext16                                      text16       000000
__Ltext17                                      text17       000000
__Ltext18                                      text18       000000
__Ltext19                                      text19       000000
__Ltext2                                       text2        000000
__Ltext20                                      text20       000000
__Ltext21                                      text21       000000
__Ltext22                                      text22       000000
__Ltext23                                      text23       000000
__Ltext24                                      text24       000000
__Ltext25                                      text25       000000
__Ltext26                                      text26       000000
__Ltext27                                      text27       000000
__Ltext28                                      text28       000000
__Ltext29                                      text29       000000
__Ltext3                                       text3        000000
__Ltext30                                      text30       000000
__Ltext31                                      text31       000000
__Ltext33                                      text33       000000
__Ltext34                                      text34       000000
__Ltext35                                      text35       000000
__Ltext36                                      text36       000000
__Ltext37                                      text37       000000
__Ltext38                                      text38       000000
__Ltext39                                      text39       000000
__Ltext4                                       text4        000000
__Ltext40                                      text40       000000
__Ltext41                                      text41       000000
__Ltext42                                      text42       000000
__Ltext43                                      text43       000000
__Ltext44                                      text44       000000
__Ltext45                                      text45       000000
__Ltext46                                      text46       000000
__Ltext47                                      text47       000000
__Ltext48                                      text48       000000
__Ltext49                                      text49       000000
__Ltext5                                       text5        000000
__Ltext50                                      text50       000000
__Ltext51                                      text51       000000
__Ltext52                                      text52       000000
__Ltext53                                      text53       000000
__Ltext54                                      text54       000000
__Ltext55                                      text55       000000
__Ltext56                                      text56       000000
__Ltext57                                      text57       000000
__Ltext58                                      text58       000000
__Ltext59                                      text59       000000
__Ltext6                                       text6        000000
__Ltext60                                      text60       000000
__Ltext61                                      text61       000000
__Ltext62                                      text62       000000
__Ltext63                                      text63       000000
__Ltext64                                      text64       000000
__Ltext65                                      text65       000000
__Ltext66                                      text66       000000
__Ltext67                                      text67       000000
__Ltext68                                      text68       000000
__Ltext69                                      text69       000000
__Ltext7                                       text7        000000
__Ltext70                                      text70       000000
__Ltext72                                      text72       000000
__Ltext73                                      text73       000000
__Ltext74                                      text74       000000
__Ltext75                                      text75       000000
__Ltext76                                      text76       000000
__Ltext77                                      text77       000000
__Ltext8                                       text8        000000
__Ltext9                                       text9        000000
__S0                                           (abs)        001C6C
__S1                                           (abs)        0000B4
__S4                                           (abs)        000000
__S5                                           (abs)        000000
___heap_hi                                     (abs)        000000
___heap_lo                                     (abs)        000000
___inthi_sp                                    stack        000000
___inthi_stack_hi                              stack        000000
___inthi_stack_lo                              stack        000000
___intlo_sp                                    stack        000000
___intlo_stack_hi                              stack        000000
___intlo_stack_lo                              stack        000000
___param_bank                                  (abs)        000000
___rparam_used                                 (abs)        000001
___sp                                          stack        000000
___stack_hi                                    stack        000000
___stack_lo                                    stack        000000
__accesstop                                    (abs)        000060
__activetblptr                                 (abs)        000003
__end_of_EUSART_DefaultErrorHandler            text76       001C36
__end_of_EUSART_DefaultFramingErrorHandler     text75       001C6C
__end_of_EUSART_DefaultOverrunErrorHandler     text74       001C30
__end_of_EUSART_Initialize                     text26       0014EE
__end_of_EUSART_Receive_ISR                    text73       001190
__end_of_EUSART_RxDataHandler                  text77       001A2A
__end_of_EUSART_SetErrorHandler                text31       001BD0
__end_of_EUSART_SetFramingErrorHandler         text30       001BC6
__end_of_EUSART_SetOverrunErrorHandler         text29       001BBC
__end_of_EUSART_SetRxInterruptHandler          text28       001BB2
__end_of_EUSART_SetTxInterruptHandler          text27       001BA8
__end_of_EUSART_Transmit_ISR                   text72       0018CE
__end_of_EUSART_Write                          text3        0017CA
__end_of_I2C_CallbackReturnReset               text59       001C5E
__end_of_I2C_CallbackReturnStop                text60       001C62
__end_of_I2C_Close                             text17       00192C
__end_of_I2C_DO_ADDRESS_NACK                   text36       001710
__end_of_I2C_DO_IDLE                           text50       001B8A
__end_of_I2C_DO_RCEN                           text45       001B7E
__end_of_I2C_DO_RESET                          text37       001B72
__end_of_I2C_DO_RX                             text46       001236
__end_of_I2C_DO_RX_ACK                         text40       001BF0
__end_of_I2C_DO_RX_NACK_RESTART                text38       001BE0
__end_of_I2C_DO_RX_NACK_STOP                   text39       001BE8
__end_of_I2C_DO_SEND_ADR_READ                  text49       001B4C
__end_of_I2C_DO_SEND_ADR_WRITE                 text48       001B5A
__end_of_I2C_DO_SEND_RESTART                   text42       001C00
__end_of_I2C_DO_SEND_RESTART_READ              text44       001C10
__end_of_I2C_DO_SEND_RESTART_WRITE             text43       001C08
__end_of_I2C_DO_SEND_STOP                      text41       001BF8
__end_of_I2C_DO_TX                             text47       0010E6
__end_of_I2C_DO_TX_EMPTY                       text51       00156A
__end_of_I2C_Initialize                        text25       001B28
__end_of_I2C_MasterClearIrq                    text20       001C4A
__end_of_I2C_MasterClose                       text19       001C46
__end_of_I2C_MasterDisableIrq                  text18       001C42
__end_of_I2C_MasterEnableIrq                   text13       001C3A
__end_of_I2C_MasterEnableRestart               text70       001C6A
__end_of_I2C_MasterFsm                         text34       0015D8
__end_of_I2C_MasterGetRxData                   text56       001C56
__end_of_I2C_MasterIsNack                      text53       001B3C
__end_of_I2C_MasterIsr                         text33       001C1E
__end_of_I2C_MasterOpen                        text12       001AB6
__end_of_I2C_MasterOperation                   text15       00180E
__end_of_I2C_MasterSendAck                     text55       001C24
__end_of_I2C_MasterSendNack                    text57       001C2A
__end_of_I2C_MasterSendTxData                  text54       001C18
__end_of_I2C_MasterSetIrq                      text52       001C52
__end_of_I2C_MasterStart                       text16       001C3E
__end_of_I2C_MasterStartRx                     text58       001C5A
__end_of_I2C_MasterStop                        text69       001C66
__end_of_I2C_MasterWrite                       text14       001BD8
__end_of_I2C_Open                              text10       0012D8
__end_of_I2C_Read1ByteRegister                 text5        001470
__end_of_I2C_SetAddressNackCallback            text8        001AE6
__end_of_I2C_SetBuffer                         text7        001A4E
__end_of_I2C_SetCallback                       text9        001642
__end_of_I2C_SetDataCompleteCallback           text6        001ACE
__end_of_I2C_SetInterruptHandler               text11       001B94
__end_of_INTERRUPT_Initialize                  text24       001B66
__end_of_INTERRUPT_InterruptManagerHigh        intcode_body 00136A
__end_of_INTERRUPT_InterruptManagerLow         intcodelo    0000DE
__end_of_OSCILLATOR_Initialize                 text23       001B9E
__end_of_PIN_MANAGER_Initialize                text22       0018FE
__end_of_SYSTEM_Initialize                     text21       001B14
__end_of__initialization                       cinit        001A8A
__end_of_get_Real_time_clock                   text4        0016AA
__end_of_i2c_fsmStateTable                     smallconst   001021
__end_of_main                                  text0        001A04
__end_of_print_realtimeclock                   text1        0013F2
__end_of_rd1RegCompleteHandler                 text64       0019B0
__end_of_rd2RegCompleteHandler                 text63       001984
__end_of_rdBlkRegCompleteHandler               text61       001892
__end_of_uart_logging                          text2        001850
__end_of_wr1RegCompleteHandler                 text62       001958
__end_of_wr2RegCompleteHandler                 text65       0019DC
__end_ofi1_I2C_MasterClearIrq                  text35       001C4E
__end_ofi1_I2C_SetBuffer                       text68       001A72
__end_ofi1_I2C_SetCallback                     text67       001776
__end_ofi1_I2C_SetDataCompleteCallback         text66       001AFE
__initialization                               cinit        001A72
__mediumconst                                  mediumconst  000000
__pbssBANK0                                    bssBANK0     000060
__pbssCOMRAM                                   bssCOMRAM    000001
__pcinit                                       cinit        001A72
__pcstackBANK0                                 cstackBANK0  00009A
__pcstackCOMRAM                                cstackCOMRAM 000029
__pintcode                                     intcode      000008
__pintcode_body                                intcode_body 0012D8
__pintcodelo                                   intcodelo    000018
__pnvBANK0                                     nvBANK0      0000AC
__pnvCOMRAM                                    nvCOMRAM     00004B
__psmallconst                                  smallconst   001000
__ptext0                                       text0        0019DC
__ptext1                                       text1        00136A
__ptext10                                      text10       001236
__ptext11                                      text11       001B8A
__ptext12                                      text12       001A94
__ptext13                                      text13       001C36
__ptext14                                      text14       001BD0
__ptext15                                      text15       0017CA
__ptext16                                      text16       001C3A
__ptext17                                      text17       0018FE
__ptext18                                      text18       001C3E
__ptext19                                      text19       001C42
__ptext2                                       text2        00180E
__ptext20                                      text20       001C46
__ptext21                                      text21       001AFE
__ptext22                                      text22       0018CE
__ptext23                                      text23       001B94
__ptext24                                      text24       001B5A
__ptext25                                      text25       001B14
__ptext26                                      text26       001470
__ptext27                                      text27       001B9E
__ptext28                                      text28       001BA8
__ptext29                                      text29       001BB2
__ptext3                                       text3        001776
__ptext30                                      text30       001BBC
__ptext31                                      text31       001BC6
__ptext33                                      text33       001C18
__ptext34                                      text34       00156A
__ptext35                                      text35       001C4A
__ptext36                                      text36       0016AA
__ptext37                                      text37       001B66
__ptext38                                      text38       001BD8
__ptext39                                      text39       001BE0
__ptext4                                       text4        001642
__ptext40                                      text40       001BE8
__ptext41                                      text41       001BF0
__ptext42                                      text42       001BF8
__ptext43                                      text43       001C00
__ptext44                                      text44       001C08
__ptext45                                      text45       001B72
__ptext46                                      text46       001190
__ptext47                                      text47       001022
__ptext48                                      text48       001B4C
__ptext49                                      text49       001B3C
__ptext5                                       text5        0013F2
__ptext50                                      text50       001B7E
__ptext51                                      text51       0014EE
__ptext52                                      text52       001C4E
__ptext53                                      text53       001B28
__ptext54                                      text54       001C10
__ptext55                                      text55       001C1E
__ptext56                                      text56       001C52
__ptext57                                      text57       001C24
__ptext58                                      text58       001C56
__ptext59                                      text59       001C5A
__ptext6                                       text6        001AB6
__ptext60                                      text60       001C5E
__ptext61                                      text61       001850
__ptext62                                      text62       00192C
__ptext63                                      text63       001958
__ptext64                                      text64       001984
__ptext65                                      text65       0019B0
__ptext66                                      text66       001AE6
__ptext67                                      text67       001710
__ptext68                                      text68       001A4E
__ptext69                                      text69       001C62
__ptext7                                       text7        001A2A
__ptext70                                      text70       001C66
__ptext72                                      text72       001892
__ptext73                                      text73       0010E6
__ptext74                                      text74       001C2A
__ptext75                                      text75       001C6A
__ptext76                                      text76       001C30
__ptext77                                      text77       001A04
__ptext8                                       text8        001ACE
__ptext9                                       text9        0015D8
__ramtop                                       ramtop       001000
__smallconst                                   smallconst   001000
_eusartRxBuffer                                bssBANK0     000084
_eusartRxCount                                 bssCOMRAM    000012
_eusartRxHead                                  bssCOMRAM    000014
_eusartRxLastError                             bssCOMRAM    000011
_eusartRxStatusBuffer                          bssCOMRAM    000001
_eusartRxTail                                  bssCOMRAM    000013
_eusartTxBuffer                                bssBANK0     00008C
_eusartTxBufferRemaining                       bssCOMRAM    000015
_eusartTxHead                                  bssCOMRAM    000017
_eusartTxTail                                  bssCOMRAM    000016
_get_Real_time_clock                           text4        001642
_i2c_fsmStateTable                             smallconst   001001
_main                                          text0        0019DC
_pack_real_time                                bssCOMRAM    000018
_print_realtimeclock                           text1        00136A
_rd1RegCompleteHandler                         text64       001984
_rd2RegCompleteHandler                         text63       001958
_rdBlkRegCompleteHandler                       text61       001850
_real_time                                     bssBANK0     000094
_real_time@real_time_clock$F1817               bssCOMRAM    000009
_uart_logging                                  text2        00180E
_wr1RegCompleteHandler                         text62       00192C
_wr2RegCompleteHandler                         text65       0019B0
btemp                                          temp         00004D
end_of_initialization                          cinit        001A8A
i1I2C_SetBuffer@buffer                         cstackCOMRAM 00002D
i1I2C_SetBuffer@bufferSize                     cstackCOMRAM 00002F
i1I2C_SetCallback@cb                           cstackCOMRAM 00002D
i1I2C_SetCallback@idx                          cstackCOMRAM 000031
i1I2C_SetCallback@ptr                          cstackCOMRAM 00002F
i1I2C_SetDataCompleteCallback@cb               cstackCOMRAM 000032
i1I2C_SetDataCompleteCallback@ptr              cstackCOMRAM 000034
i1_I2C_MasterClearIrq                          text35       001C4A
i1_I2C_SetBuffer                               text68       001A4E
i1_I2C_SetCallback                             text67       001710
i1_I2C_SetDataCompleteCallback                 text66       001AE6
int$flags                                      temp         00004D
int_func                                       intcode_body 0012D8
intlevel0                                      text         000000
intlevel1                                      text         000000
intlevel2                                      text         000000
intlevel3                                      text         000000
isa$std                                        (abs)        000001
isa$xinst                                      (abs)        000000
rd1RegCompleteHandler@ptr                      cstackCOMRAM 000036
rd2RegCompleteHandler@ptr                      cstackCOMRAM 000036
rdBlkRegCompleteHandler@ptr                    cstackCOMRAM 000036
stackhi                                        (abs)        000000
stacklo                                        (abs)        000000
start                                          init         0000DE
start_initialization                           cinit        001A72
ttemp5                                         temp         00004E
ttemp6                                         temp         000051
ttemp7                                         temp         000055
uart_logging@i                                 cstackBANK0  00009F
uart_logging@size                              cstackBANK0  00009C
uart_logging@string                            cstackBANK0  00009B
wr1RegCompleteHandler@ptr                      cstackCOMRAM 000036
wr2RegCompleteHandler@ptr                      cstackCOMRAM 000036
wtemp8                                         temp         00004E


MODULE INFORMATION

Module		Function		Class		Link	Load	Size
ECUL/real_time_module/real_time_clock.c
		_get_Real_time_clock		CODE           	1642	0000	104
		_print_realtimeclock		CODE           	136A	0000	136

ECUL/real_time_module/real_time_clock.c estimated size: 240

ECUL/uart_logging/uart_logging.c
		_uart_logging  		CODE           	180E	0000	66

ECUL/uart_logging/uart_logging.c estimated size: 66

mcc_generated_files/interrupt_manager.c
		_INTERRUPT_Initialize		CODE           	1B5A	0000	12
		_INTERRUPT_InterruptManagerLow		CODE           	0018	0000	198
		_INTERRUPT_InterruptManagerHigh		CODE           	0008	0000	152

mcc_generated_files/interrupt_manager.c estimated size: 362

mcc_generated_files/examples/i2c_master_example.c
		_wr1RegCompleteHandler		CODE           	192C	0000	44
		_wr2RegCompleteHandler		CODE           	19B0	0000	44
		_I2C_Read1ByteRegister		CODE           	13F2	0000	126
		_rdBlkRegCompleteHandler		CODE           	1850	0000	66
		_rd1RegCompleteHandler		CODE           	1984	0000	44
		_rd2RegCompleteHandler		CODE           	1958	0000	44

mcc_generated_files/examples/i2c_master_example.c estimated size: 368

mcc_generated_files/pin_manager.c
		_PIN_MANAGER_Initialize		CODE           	18CE	0000	48

mcc_generated_files/pin_manager.c estimated size: 48

shared
		i1_I2C_SetBuffer		CODE           	1A4E	0000	36
		__initialization		CODE           	1A72	0000	24
		i1_I2C_SetCallback		CODE           	1710	0000	102
		i1_I2C_SetDataCompleteCallback		CODE           	1AE6	0000	24
		i1_I2C_MasterClearIrq		CODE           	1C4A	0000	4
		_i2c_fsmStateTable		SMALLCONST     	1001	0000	32

shared estimated size: 222

mcc_generated_files/mcc.c
		_OSCILLATOR_Initialize		CODE           	1B94	0000	10
		_SYSTEM_Initialize		CODE           	1AFE	0000	22

mcc_generated_files/mcc.c estimated size: 32

mcc_generated_files/i2c_master.c
		_I2C_Close     		CODE           	18FE	0000	46
		_I2C_MasterStartRx		CODE           	1C56	0000	4
		_I2C_DO_SEND_ADR_WRITE		CODE           	1B4C	0000	14
		_I2C_DO_SEND_STOP		CODE           	1BF0	0000	8
		_I2C_MasterSendNack		CODE           	1C24	0000	6
		_I2C_MasterDisableIrq		CODE           	1C3E	0000	4
		_I2C_CallbackReturnStop		CODE           	1C5E	0000	4
		_I2C_MasterOperation		CODE           	17CA	0000	68
		_I2C_DO_SEND_ADR_READ		CODE           	1B3C	0000	16
		_I2C_DO_RX_NACK_STOP		CODE           	1BE0	0000	8
		_I2C_DO_SEND_RESTART		CODE           	1BF8	0000	8
		_I2C_DO_RX     		CODE           	1190	0000	166
		_I2C_DO_TX     		CODE           	1022	0000	196
		_I2C_DO_IDLE   		CODE           	1B7E	0000	12
		_I2C_DO_RCEN   		CODE           	1B72	0000	12
		_I2C_DO_RESET  		CODE           	1B66	0000	12
		_I2C_MasterClose		CODE           	1C42	0000	4
		_I2C_MasterWrite		CODE           	1BD0	0000	8
		_I2C_DO_RX_ACK 		CODE           	1BE8	0000	8
		_I2C_MasterStart		CODE           	1C3A	0000	4
		_I2C_MasterClearIrq		CODE           	1C46	0000	4
		_I2C_MasterGetRxData		CODE           	1C52	0000	4
		_I2C_SetCallback		CODE           	15D8	0000	106
		_I2C_DO_ADDRESS_NACK		CODE           	16AA	0000	102
		_I2C_MasterEnableRestart		CODE           	1C66	0000	4
		_I2C_CallbackReturnReset		CODE           	1C5A	0000	4
		_I2C_Open      		CODE           	1236	0000	162
		_I2C_SetAddressNackCallback		CODE           	1ACE	0000	24
		_I2C_DO_TX_EMPTY		CODE           	14EE	0000	124
		_I2C_DO_SEND_RESTART_WRITE		CODE           	1C00	0000	8
		_I2C_MasterIsNack		CODE           	1B28	0000	20
		_I2C_SetDataCompleteCallback		CODE           	1AB6	0000	24
		_I2C_DO_RX_NACK_RESTART		CODE           	1BD8	0000	8
		_I2C_MasterSendAck		CODE           	1C1E	0000	6
		_I2C_MasterFsm 		CODE           	156A	0000	110
		_I2C_MasterIsr 		CODE           	1C18	0000	6
		_I2C_MasterSetIrq		CODE           	1C4E	0000	4
		_I2C_DO_SEND_RESTART_READ		CODE           	1C08	0000	8
		_I2C_MasterEnableIrq		CODE           	1C36	0000	4
		_I2C_Initialize		CODE           	1B14	0000	20
		_I2C_SetBuffer 		CODE           	1A2A	0000	36
		_I2C_SetInterruptHandler		CODE           	1B8A	0000	10
		_I2C_MasterOpen		CODE           	1A94	0000	34
		_I2C_MasterSendTxData		CODE           	1C10	0000	8
		_I2C_MasterStop		CODE           	1C62	0000	4

mcc_generated_files/i2c_master.c estimated size: 1452

mcc_generated_files/eusart.c
		_EUSART_SetRxInterruptHandler		CODE           	1BA8	0000	10
		_EUSART_SetTxInterruptHandler		CODE           	1B9E	0000	10
		_EUSART_DefaultOverrunErrorHandler		CODE           	1C2A	0000	6
		_EUSART_Write  		CODE           	1776	0000	84
		_EUSART_DefaultErrorHandler		CODE           	1C30	0000	6
		_EUSART_Transmit_ISR		CODE           	1892	0000	60
		_EUSART_Initialize		CODE           	1470	0000	126
		_EUSART_SetFramingErrorHandler		CODE           	1BBC	0000	10
		_EUSART_SetErrorHandler		CODE           	1BC6	0000	10
		_EUSART_SetOverrunErrorHandler		CODE           	1BB2	0000	10
		_EUSART_Receive_ISR		CODE           	10E6	0000	170
		_EUSART_RxDataHandler		CODE           	1A04	0000	38
		_EUSART_DefaultFramingErrorHandler		CODE           	1C6A	0000	2

mcc_generated_files/eusart.c estimated size: 542

main.c
		_main          		CODE           	19DC	0000	40

main.c estimated size: 40

