Microchip MPLAB XC8 Compiler V2.36

Linker command line:

-W-3 --edf=C:\Program Files\Microchip\xc8\v2.36\pic\dat\en_msgs.txt -cn \
  -h+dist/default/debug\x1.X.debug.sym \
  --cmf=dist/default/debug\x1.X.debug.cmf -z -Q18F46K20 \
  -oC:\Users\mm77\AppData\Local\Temp\xcAs17qc.4 --defsym=__MPLAB_BUILD=1 \
  -Mdist/default/debug/x1.X.debug.map \
  --md=C:\Users\mm77\AppData\Local\Temp\xcAs17qc.dat -E1 -ver=XC8 Compiler \
  --acfsm=1493 -ACODE=00h-0FFFFh -ACONST=00h-0FFFFh \
  -ASMALLCONST=01000h-010FFhx240 -AMEDIUMCONST=01000h-0FFFFh \
  -ACOMRAM=01h-05Fh -AABS1=00h-0F5Fh -ABIGRAM=01h-0F5Fh \
  -ARAM=060h-0FFh,0100h-01FFhx14,0F00h-0F5Fh -ABANK0=060h-0FFh \
  -ABANK1=0100h-01FFh -ABANK2=0200h-02FFh -ABANK3=0300h-03FFh \
  -ABANK4=0400h-04FFh -ABANK5=0500h-05FFh -ABANK6=0600h-06FFh \
  -ABANK7=0700h-07FFh -ABANK8=0800h-08FFh -ABANK9=0900h-09FFh \
  -ABANK10=0A00h-0AFFh -ABANK11=0B00h-0BFFh -ABANK12=0C00h-0CFFh \
  -ABANK13=0D00h-0DFFh -ABANK14=0E00h-0EFFh -ABANK15=0F00h-0F5Fh \
  -ASFR=0F60h-0FFFh -ABIGSFR=0F60h-0FFFh -ACONFIG=0300000h-030000Dh \
  -AIDLOC=0200000h-0200007h -AEEDATA=0F00000h-0F003FFh -peeprom_data=EEDATA \
  -preset_vec=00h,intcode=08h,intcodelo=018h,powerup,init -pramtop=01000h \
  -psmallconst=SMALLCONST -pmediumconst=MEDIUMCONST -pconst=CONST \
  -AFARRAM=00h-00h \
  -prdata=COMRAM,nvrram=COMRAM,nvbit=COMRAM,rbss=COMRAM,rbit=COMRAM \
  -pfarbss=FARRAM,fardata=FARRAM,nvFARRAM=FARRAM \
  -pintsave_regs=BIGRAM,bigbss=BIGRAM,bigdata=BIGRAM -pbss=RAM \
  -pidata=CODE,irdata=CODE,ibigdata=CODE,ifardata=CODE -prparam=COMRAM \
  C:\Users\mm77\AppData\Local\Temp\xcAs17qc.o \
  dist/default/debug\x1.X.debug.o 

Object code version is 3.11

Machine type is 18F46K20



                Name                               Link     Load   Length Selector   Space Scale
C:\Users\mm77\AppData\Local\Temp\xcAs17qc.o
                config                           300000   300000        E        0       4
                init                                112      112        4        C       0
                reset_vec                             0        0        4        0       0
dist/default/debug\x1.X.debug.o
                intcodelo                            18       18       FA        C       0
                intcode                               8        8        6        4       0
                config                           300000   300000        E        0       4
                temp                                 46       46        1        1       1
                smallconst                         1000     1000       2A      800       0
                text82                             1DA4     1DA4        4      815       0
                text81                             1DA0     1DA0        4      815       0
                text80                             1B52     1B52       24      815       0
                text79                             1598     1598       7A      815       0
                text78                             1C02     1C02       18      815       0
                text77                             1AD8     1AD8       2C      815       0
                text76                             1AAC     1AAC       2C      815       0
                text75                             1A80     1A80       2C      815       0
                text74                             1A54     1A54       2C      815       0
                text73                             19B4     19B4       40      815       0
                text72                             1D9C     1D9C        4      815       0
                text71                             1D98     1D98        4      815       0
                text70                             1D94     1D94        4      815       0
                text69                             1D66     1D66        6      815       0
                text68                             1D90     1D90        4      815       0
                text67                             1D60     1D60        6      815       0
                text66                             1D46     1D46        8      815       0
                text65                             1C5A     1C5A       14      815       0
                text64                             1D8C     1D8C        4      815       0
                text63                             151C     151C       7C      815       0
                text62                             1CB4     1CB4        C      815       0
                text61                             1C7E     1C7E       10      815       0
                text60                             1C8E     1C8E        E      815       0
                text59                             102A     102A       C4      815       0
                text58                             1256     1256       A6      815       0
                text57                             1CA8     1CA8        C      815       0
                text56                             1D3E     1D3E        8      815       0
                text55                             1D36     1D36        8      815       0
                text54                             1D2E     1D2E        8      815       0
                text53                             1D26     1D26        8      815       0
                text52                             1D1E     1D1E        8      815       0
                text51                             1D16     1D16        8      815       0
                text50                             1D0E     1D0E        8      815       0
                text49                             1C9C     1C9C        C      815       0
                text48                             17CC     17CC       66      815       0
                text47                             1D88     1D88        4      815       0
                text46                             168A     168A       70      815       0
                text45                             1D5A     1D5A        6      815       0
                intcode_body                       11AA     11AA       AC      815       0
                text43                             1B04     1B04       2A      815       0
                text42                             1D54     1D54        6      815       0
                text41                             1DA8     1DA8        2      815       0
                text40                             1D4E     1D4E        6      815       0
                text39                             10EE     10EE       BC      815       0
                text38                             1974     1974       40      815       0
                text37                             1D84     1D84        4      815       0
                text36                             1D80     1D80        4      815       0
                text34                             1CFC     1CFC        A      815       0
                text33                             1CF2     1CF2        A      815       0
                text32                             1CE8     1CE8        A      815       0
                text31                             1CDE     1CDE        A      815       0
                text30                             1CD4     1CD4        A      815       0
                text29                             149E     149E       7E      815       0
                text28                             1C46     1C46       14      815       0
                text27                             1C6E     1C6E       10      815       0
                text26                             1CCA     1CCA        A      815       0
                text25                             19F4     19F4       32      815       0
                text24                             1C30     1C30       16      815       0
                text23                             1D7C     1D7C        4      815       0
                text22                             1D78     1D78        4      815       0
                text21                             1D74     1D74        4      815       0
                text20                             1A26     1A26       2E      815       0
                text19                             1D70     1D70        4      815       0
                text18                             1930     1930       44      815       0
                text17                             1D06     1D06        8      815       0
                text16                             1D6C     1D6C        4      815       0
                text15                             1B98     1B98       22      815       0
                text14                             1CC0     1CC0        A      815       0
                text13                             12FC     12FC       A2      815       0
                text12                             1420     1420       7E      815       0
                text11                             1BEA     1BEA       18      815       0
                text10                             1B2E     1B2E       24      815       0
                text9                              1BD2     1BD2       18      815       0
                text8                              139E     139E       82      815       0
                text7                              1BBA     1BBA       18      815       0
                text6                              1612     1612       78      815       0
                text5                              1C1A     1C1A       16      815       0
                text4                              1832     1832       58      815       0
                text3                              188A     188A       56      815       0
                text2                              16FA     16FA       6A      815       0
                text1                              1764     1764       68      815       0
                text0                              18E0     18E0       50      815       0
                cstackCOMRAM                         2C       2C       19        1       1
                cstackBANK0                          92       92       19       60       1
                bssBANK0                             60       60       32       60       1
                bssCOMRAM                             1        1       2B        1       1
                cinit                              1B76     1B76       22      815       0
                nvBANK0                              AB       AB        A       60       1
                nvCOMRAM                             45       45        1        1       1

TOTAL           Name                               Link     Load   Length     Space
        CLASS   CODE           
                intcodelo                            18       18       FA         0
                intcode                               8        8        6         0
                init                                112      112        4         0
                reset_vec                             0        0        4         0
                text82                             1DA4     1DA4        4         0
                text81                             1DA0     1DA0        4         0
                text80                             1B52     1B52       24         0
                text79                             1598     1598       7A         0
                text78                             1C02     1C02       18         0
                text77                             1AD8     1AD8       2C         0
                text76                             1AAC     1AAC       2C         0
                text75                             1A80     1A80       2C         0
                text74                             1A54     1A54       2C         0
                text73                             19B4     19B4       40         0
                text72                             1D9C     1D9C        4         0
                text71                             1D98     1D98        4         0
                text70                             1D94     1D94        4         0
                text69                             1D66     1D66        6         0
                text68                             1D90     1D90        4         0
                text67                             1D60     1D60        6         0
                text66                             1D46     1D46        8         0
                text65                             1C5A     1C5A       14         0
                text64                             1D8C     1D8C        4         0
                text63                             151C     151C       7C         0
                text62                             1CB4     1CB4        C         0
                text61                             1C7E     1C7E       10         0
                text60                             1C8E     1C8E        E         0
                text59                             102A     102A       C4         0
                text58                             1256     1256       A6         0
                text57                             1CA8     1CA8        C         0
                text56                             1D3E     1D3E        8         0
                text55                             1D36     1D36        8         0
                text54                             1D2E     1D2E        8         0
                text53                             1D26     1D26        8         0
                text52                             1D1E     1D1E        8         0
                text51                             1D16     1D16        8         0
                text50                             1D0E     1D0E        8         0
                text49                             1C9C     1C9C        C         0
                text48                             17CC     17CC       66         0
                text47                             1D88     1D88        4         0
                text46                             168A     168A       70         0
                text45                             1D5A     1D5A        6         0
                intcode_body                       11AA     11AA       AC         0
                text43                             1B04     1B04       2A         0
                text42                             1D54     1D54        6         0
                text41                             1DA8     1DA8        2         0
                text40                             1D4E     1D4E        6         0
                text39                             10EE     10EE       BC         0
                text38                             1974     1974       40         0
                text37                             1D84     1D84        4         0
                text36                             1D80     1D80        4         0
                text34                             1CFC     1CFC        A         0
                text33                             1CF2     1CF2        A         0
                text32                             1CE8     1CE8        A         0
                text31                             1CDE     1CDE        A         0
                text30                             1CD4     1CD4        A         0
                text29                             149E     149E       7E         0
                text28                             1C46     1C46       14         0
                text27                             1C6E     1C6E       10         0
                text26                             1CCA     1CCA        A         0
                text25                             19F4     19F4       32         0
                text24                             1C30     1C30       16         0
                text23                             1D7C     1D7C        4         0
                text22                             1D78     1D78        4         0
                text21                             1D74     1D74        4         0
                text20                             1A26     1A26       2E         0
                text19                             1D70     1D70        4         0
                text18                             1930     1930       44         0
                text17                             1D06     1D06        8         0
                text16                             1D6C     1D6C        4         0
                text15                             1B98     1B98       22         0
                text14                             1CC0     1CC0        A         0
                text13                             12FC     12FC       A2         0
                text12                             1420     1420       7E         0
                text11                             1BEA     1BEA       18         0
                text10                             1B2E     1B2E       24         0
                text9                              1BD2     1BD2       18         0
                text8                              139E     139E       82         0
                text7                              1BBA     1BBA       18         0
                text6                              1612     1612       78         0
                text5                              1C1A     1C1A       16         0
                text4                              1832     1832       58         0
                text3                              188A     188A       56         0
                text2                              16FA     16FA       6A         0
                text1                              1764     1764       68         0
                text0                              18E0     18E0       50         0
                cinit                              1B76     1B76       22         0

        CLASS   CONST          

        CLASS   SMALLCONST     
                smallconst                         1000     1000       2A         0

        CLASS   MEDIUMCONST    

        CLASS   COMRAM         
                temp                                 46       46        1         1
                cstackCOMRAM                         2C       2C       19         1
                bssCOMRAM                             1        1       2B         1
                nvCOMRAM                             45       45        1         1

        CLASS   ABS1           

        CLASS   BIGRAM         

        CLASS   RAM            

        CLASS   BANK0          
                cstackBANK0                          92       92       19         1
                bssBANK0                             60       60       32         1
                nvBANK0                              AB       AB        A         1

        CLASS   BANK1          

        CLASS   BANK2          

        CLASS   BANK3          

        CLASS   BANK4          

        CLASS   BANK5          

        CLASS   BANK6          

        CLASS   BANK7          

        CLASS   BANK8          

        CLASS   BANK9          

        CLASS   BANK10         

        CLASS   BANK11         

        CLASS   BANK12         

        CLASS   BANK13         

        CLASS   BANK14         

        CLASS   BANK15         

        CLASS   SFR            

        CLASS   BIGSFR         

        CLASS   CONFIG         
                config                           300000   300000        E         4

        CLASS   IDLOC          

        CLASS   EEDATA         

        CLASS   FARRAM         

        CLASS   HEAP           

        CLASS   STACK          



SEGMENTS        Name                           Load    Length   Top    Selector   Space  Class

                reset_vec                      000000  000004  000004         0       0  CODE    
                bssCOMRAM                      000001  000046  000047         1       1  COMRAM  
                intcode                        000008  000006  00000E         4       0  CODE    
                intcodelo                      000018  0000FE  000116         C       0  CODE    
                bssBANK0                       000060  000055  0000B5        60       1  BANK0   
                smallconst                     001000  00002A  00102A       800       0  SMALLCON
                text59                         00102A  000D80  001DAA       815       0  CODE    


UNUSED ADDRESS RANGES

        Name                Unused          Largest block    Delta
        BANK0            0000B5-0000FF               4B
        BANK1            000100-0001FF              100
        BANK10           000A00-000AFF              100
        BANK11           000B00-000BFF              100
        BANK12           000C00-000CFF              100
        BANK13           000D00-000DFF              100
        BANK14           000E00-000EFF              100
        BANK15           000F00-000F5F               60
        BANK2            000200-0002FF              100
        BANK3            000300-0003FF              100
        BANK4            000400-0004FF              100
        BANK5            000500-0005FF              100
        BANK6            000600-0006FF              100
        BANK7            000700-0007FF              100
        BANK8            000800-0008FF              100
        BANK9            000900-0009FF              100
        BIGRAM           000047-00005F               19
                         0000B5-000F5F              EAB
        BIGSFR           000F60-000FFF               A0
        CODE             000004-000007                4
                         00000E-000017                A
                         000116-000FFF              EEA
                         001DAA-00FFFF             E256
        COMRAM           000047-00005F               19
        CONST            000004-000007                4
                         00000E-000017                A
                         000116-000FFF              EEA
                         001DAA-00FFFF             E256
        EEDATA           F00000-F003FF              400
        IDLOC            200000-200007                8
        MEDIUMCONST      001DAA-00FFFF             E256
        RAM              0000B5-000F5F              100
        SFR              000F60-000FFF               A0
        SMALLCONST       001DAA-00FFFF              100

                                  Symbol Table

?_realtimeclockDSI                             cstackBANK0  0000A5
EUSART_SetErrorHandler@interruptHandler        cstackBANK0  000099
EUSART_SetFramingErrorHandler@interruptHandler cstackBANK0  000099
EUSART_SetOverrunErrorHandler@interruptHandler cstackBANK0  000099
EUSART_SetRxInterruptHandler@interruptHandler  cstackBANK0  000099
EUSART_SetTxInterruptHandler@interruptHandler  cstackBANK0  000099
EUSART_Write@txData                            cstackBANK0  000099
I2C_CallbackReturnReset@funPtr                 cstackCOMRAM 000035
I2C_Close@returnValue                          cstackBANK0  000099
I2C_MasterOperation@read                       cstackBANK0  000099
I2C_MasterOperation@returnValue                cstackBANK0  00009A
I2C_MasterSendTxData@data                      cstackCOMRAM 00002C
I2C_Open@address                               cstackBANK0  00009B
I2C_Open@returnValue                           cstackBANK0  00009C
I2C_Read1ByteRegister@address                  cstackBANK0  0000A3
I2C_Read1ByteRegister@reg                      cstackBANK0  0000A2
I2C_Read1ByteRegister@returnValue              cstackBANK0  0000A4
I2C_SetAddressNackCallback@cb                  cstackBANK0  00009E
I2C_SetAddressNackCallback@ptr                 cstackBANK0  0000A0
I2C_SetBuffer@buffer                           cstackBANK0  000099
I2C_SetBuffer@bufferSize                       cstackBANK0  00009B
I2C_SetCallback@cb                             cstackBANK0  000099
I2C_SetCallback@idx                            cstackBANK0  00009D
I2C_SetCallback@ptr                            cstackBANK0  00009B
I2C_SetDataCompleteCallback@cb                 cstackBANK0  00009E
I2C_SetDataCompleteCallback@ptr                cstackBANK0  0000A0
I2C_SetInterruptHandler@InterruptHandler       cstackBANK0  000099
I2C_Write1ByteRegister@address                 cstackBANK0  0000A4
I2C_Write1ByteRegister@data                    cstackBANK0  0000A3
I2C_Write1ByteRegister@reg                     cstackBANK0  0000A2
TempSensorRead@TC74_temp                       cstackBANK0  0000A6
TempSensorRead@TC_addr                         cstackBANK0  0000A5
_ANSEL                                         (abs)        000F7E
_ANSELH                                        (abs)        000F7F
_BAUDCON                                       (abs)        000FB8
_EEADR                                         (abs)        000FA9
_EEADRH                                        (abs)        000FAA
_EECON1bits                                    (abs)        000FA6
_EECON2                                        (abs)        000FA7
_EEDATA                                        (abs)        000FA8
_EUSART_DefaultErrorHandler                    text42       001D54
_EUSART_DefaultFramingErrorHandler             text41       001DA8
_EUSART_DefaultOverrunErrorHandler             text40       001D4E
_EUSART_ErrorHandler                           nvBANK0      0000AB
_EUSART_FramingErrorHandler                    nvBANK0      0000AF
_EUSART_Initialize                             text29       00149E
_EUSART_OverrunErrorHandler                    nvBANK0      0000AD
_EUSART_Receive_ISR                            text39       0010EE
_EUSART_RxDataHandler                          text43       001B04
_EUSART_RxDefaultInterruptHandler              nvBANK0      0000B1
_EUSART_SetErrorHandler                        text34       001CFC
_EUSART_SetFramingErrorHandler                 text33       001CF2
_EUSART_SetOverrunErrorHandler                 text32       001CE8
_EUSART_SetRxInterruptHandler                  text31       001CDE
_EUSART_SetTxInterruptHandler                  text30       001CD4
_EUSART_Transmit_ISR                           text38       001974
_EUSART_TxDefaultInterruptHandler              nvBANK0      0000B3
_EUSART_Write                                  text4        001832
_I2C_CallbackReturnReset                       text71       001D98
_I2C_CallbackReturnStop                        text72       001D9C
_I2C_Close                                     text20       001A26
_I2C_DO_ADDRESS_NACK                           text48       0017CC
_I2C_DO_IDLE                                   text62       001CB4
_I2C_DO_RCEN                                   text57       001CA8
_I2C_DO_RESET                                  text49       001C9C
_I2C_DO_RX                                     text58       001256
_I2C_DO_RX_ACK                                 text52       001D1E
_I2C_DO_RX_NACK_RESTART                        text50       001D0E
_I2C_DO_RX_NACK_STOP                           text51       001D16
_I2C_DO_SEND_ADR_READ                          text61       001C7E
_I2C_DO_SEND_ADR_WRITE                         text60       001C8E
_I2C_DO_SEND_RESTART                           text54       001D2E
_I2C_DO_SEND_RESTART_READ                      text56       001D3E
_I2C_DO_SEND_RESTART_WRITE                     text55       001D36
_I2C_DO_SEND_STOP                              text53       001D26
_I2C_DO_TX                                     text59       00102A
_I2C_DO_TX_EMPTY                               text63       00151C
_I2C_Initialize                                text28       001C46
_I2C_MasterClearIrq                            text23       001D7C
_I2C_MasterClose                               text22       001D78
_I2C_MasterDisableIrq                          text21       001D74
_I2C_MasterEnableIrq                           text16       001D6C
_I2C_MasterEnableRestart                       text82       001DA4
_I2C_MasterFsm                                 text46       00168A
_I2C_MasterGetRxData                           text68       001D90
_I2C_MasterIsNack                              text65       001C5A
_I2C_MasterIsr                                 text45       001D5A
_I2C_MasterOpen                                text15       001B98
_I2C_MasterOperation                           text18       001930
_I2C_MasterSendAck                             text67       001D60
_I2C_MasterSendNack                            text69       001D66
_I2C_MasterSendTxData                          text66       001D46
_I2C_MasterSetIrq                              text64       001D8C
_I2C_MasterStart                               text19       001D70
_I2C_MasterStartRx                             text70       001D94
_I2C_MasterStop                                text81       001DA0
_I2C_MasterWrite                               text17       001D06
_I2C_Open                                      text13       0012FC
_I2C_Read1ByteRegister                         text8        00139E
_I2C_SetAddressNackCallback                    text11       001BEA
_I2C_SetBuffer                                 text10       001B2E
_I2C_SetCallback                               text12       001420
_I2C_SetDataCompleteCallback                   text9        001BD2
_I2C_SetInterruptHandler                       text14       001CC0
_I2C_Status                                    bssBANK0     000060
_I2C_Write1ByteRegister                        text6        001612
_INTCON2bits                                   (abs)        000FF1
_INTCONbits                                    (abs)        000FF2
_INTERRUPT_Initialize                          text27       001C6E
_INTERRUPT_InterruptManagerHigh                intcode      000008
_INTERRUPT_InterruptManagerLow                 intcodelo    000018
_IPR1bits                                      (abs)        000F9F
_IPR2bits                                      (abs)        000FA2
_LATA                                          (abs)        000F89
_LATB                                          (abs)        000F8A
_LATC                                          (abs)        000F8B
_LATD                                          (abs)        000F8C
_LATE                                          (abs)        000F8D
_MEMORY_ISR                                    text37       001D84
_MSSP_InterruptHandler                         bssCOMRAM    000017
_OSCCON                                        (abs)        000FD3
_OSCILLATOR_Initialize                         text26       001CCA
_OSCTUNE                                       (abs)        000F9B
_PIE1bits                                      (abs)        000F9D
_PIE2bits                                      (abs)        000FA0
_PIN_MANAGER_IOC                               text36       001D80
_PIN_MANAGER_Initialize                        text25       0019F4
_PIR1bits                                      (abs)        000F9E
_PIR2bits                                      (abs)        000FA1
_RCONbits                                      (abs)        000FD0
_RCREG                                         (abs)        000FAE
_RCSTA                                         (abs)        000FAB
_RCSTAbits                                     (abs)        000FAB
_RealaTimeClockDSI_obj                         bssBANK0     00008C
_RealaTimeClockDSI_pack                        bssCOMRAM    000020
_SPBRG                                         (abs)        000FAF
_SPBRGH                                        (abs)        000FB0
_SSPADD                                        (abs)        000FC8
_SSPBUF                                        (abs)        000FC9
_SSPCON1                                       (abs)        000FC6
_SSPCON1bits                                   (abs)        000FC6
_SSPCON2                                       (abs)        000FC5
_SSPCON2bits                                   (abs)        000FC5
_SSPSTAT                                       (abs)        000FC7
_SSPSTATbits                                   (abs)        000FC7
_SYSTEM_Initialize                             text24       001C30
_TABLAT                                        (abs)        000FF5
_TBLPTRH                                       (abs)        000FF7
_TBLPTRL                                       (abs)        000FF6
_TBLPTRU                                       (abs)        000FF8
_TRISA                                         (abs)        000F92
_TRISB                                         (abs)        000F93
_TRISC                                         (abs)        000F94
_TRISD                                         (abs)        000F95
_TRISE                                         (abs)        000F96
_TXREG                                         (abs)        000FAD
_TXSTA                                         (abs)        000FAC
_TXSTAbits                                     (abs)        000FAC
_TempSensorRead                                text7        001BBA
_WPUB                                          (abs)        000F7C
__HRAM                                         (abs)        000000
__Habs1                                        abs1         000000
__Hbank0                                       bank0        000000
__Hbank1                                       bank1        000000
__Hbank10                                      bank10       000000
__Hbank11                                      bank11       000000
__Hbank12                                      bank12       000000
__Hbank13                                      bank13       000000
__Hbank14                                      bank14       000000
__Hbank15                                      bank15       000000
__Hbank2                                       bank2        000000
__Hbank3                                       bank3        000000
__Hbank4                                       bank4        000000
__Hbank5                                       bank5        000000
__Hbank6                                       bank6        000000
__Hbank7                                       bank7        000000
__Hbank8                                       bank8        000000
__Hbank9                                       bank9        000000
__Hbigbss                                      bigbss       000000
__Hbigdata                                     bigdata      000000
__Hbigram                                      bigram       000000
__Hbigsfr                                      bigsfr       000000
__Hbss                                         bss          000000
__HbssBANK0                                    bssBANK0     000000
__HbssCOMRAM                                   bssCOMRAM    000000
__Hcinit                                       cinit        000000
__Hclrtext                                     clrtext      000000
__Hcomram                                      comram       000000
__Hconfig                                      config       30000E
__Hconst                                       const        000000
__HcstackBANK0                                 cstackBANK0  000000
__HcstackCOMRAM                                cstackCOMRAM 000000
__Hdata                                        data         000000
__Heeprom_data                                 eeprom_data  000000
__Hfarbss                                      farbss       000000
__Hfardata                                     fardata      000000
__Hheap                                        heap         000000
__Hibigdata                                    ibigdata     000000
__Hidata                                       idata        000000
__Hidloc                                       idloc        000000
__Hifardata                                    ifardata     000000
__Hinit                                        init         000116
__Hintcode                                     intcode      00000E
__Hintcode_body                                intcode_body 000000
__Hintcodelo                                   intcodelo    000112
__Hintentry                                    intentry     000000
__Hintret                                      intret       000000
__Hintsave_regs                                intsave_regs 000000
__Hirdata                                      irdata       000000
__Hmediumconst                                 mediumconst  000000
__HnvBANK0                                     nvBANK0      000000
__HnvCOMRAM                                    nvCOMRAM     000000
__HnvFARRAM                                    nvFARRAM     000000
__Hnvbit                                       nvbit        000000
__Hnvrram                                      nvrram       000000
__Hparam                                       rparam       000000
__Hpowerup                                     powerup      000112
__Hram                                         ram          000000
__Hramtop                                      ramtop       001000
__Hrbit                                        rbit         000000
__Hrbss                                        rbss         000000
__Hrdata                                       rdata        000000
__Hreset_vec                                   reset_vec    000004
__Hrparam                                      rparam       000000
__Hsfr                                         sfr          000000
__Hsmallconst                                  smallconst   00102A
__Hspace_0                                     (abs)        001DAA
__Hspace_1                                     (abs)        0000B5
__Hspace_2                                     (abs)        000000
__Hspace_4                                     (abs)        60000E
__Hstack                                       stack        000000
__Hstruct                                      struct       000000
__Htemp                                        temp         000047
__Htext                                        text         000000
__Htext0                                       text0        000000
__Htext1                                       text1        000000
__Htext10                                      text10       000000
__Htext11                                      text11       000000
__Htext12                                      text12       000000
__Htext13                                      text13       000000
__Htext14                                      text14       000000
__Htext15                                      text15       000000
__Htext16                                      text16       000000
__Htext17                                      text17       000000
__Htext18                                      text18       000000
__Htext19                                      text19       000000
__Htext2                                       text2        000000
__Htext20                                      text20       000000
__Htext21                                      text21       000000
__Htext22                                      text22       000000
__Htext23                                      text23       000000
__Htext24                                      text24       000000
__Htext25                                      text25       000000
__Htext26                                      text26       000000
__Htext27                                      text27       000000
__Htext28                                      text28       000000
__Htext29                                      text29       000000
__Htext3                                       text3        000000
__Htext30                                      text30       000000
__Htext31                                      text31       000000
__Htext32                                      text32       000000
__Htext33                                      text33       000000
__Htext34                                      text34       000000
__Htext36                                      text36       000000
__Htext37                                      text37       000000
__Htext38                                      text38       000000
__Htext39                                      text39       000000
__Htext4                                       text4        000000
__Htext40                                      text40       000000
__Htext41                                      text41       000000
__Htext42                                      text42       000000
__Htext43                                      text43       000000
__Htext45                                      text45       000000
__Htext46                                      text46       000000
__Htext47                                      text47       000000
__Htext48                                      text48       000000
__Htext49                                      text49       000000
__Htext5                                       text5        000000
__Htext50                                      text50       000000
__Htext51                                      text51       000000
__Htext52                                      text52       000000
__Htext53                                      text53       000000
__Htext54                                      text54       000000
__Htext55                                      text55       000000
__Htext56                                      text56       000000
__Htext57                                      text57       000000
__Htext58                                      text58       000000
__Htext59                                      text59       000000
__Htext6                                       text6        000000
__Htext60                                      text60       000000
__Htext61                                      text61       000000
__Htext62                                      text62       000000
__Htext63                                      text63       000000
__Htext64                                      text64       000000
__Htext65                                      text65       000000
__Htext66                                      text66       000000
__Htext67                                      text67       000000
__Htext68                                      text68       000000
__Htext69                                      text69       000000
__Htext7                                       text7        000000
__Htext70                                      text70       000000
__Htext71                                      text71       000000
__Htext72                                      text72       000000
__Htext73                                      text73       000000
__Htext74                                      text74       000000
__Htext75                                      text75       000000
__Htext76                                      text76       000000
__Htext77                                      text77       000000
__Htext78                                      text78       000000
__Htext79                                      text79       000000
__Htext8                                       text8        000000
__Htext80                                      text80       000000
__Htext81                                      text81       000000
__Htext82                                      text82       000000
__Htext83                                      text83       000000
__Htext9                                       text9        000000
__LRAM                                         (abs)        000001
__Labs1                                        abs1         000000
__Lbank0                                       bank0        000000
__Lbank1                                       bank1        000000
__Lbank10                                      bank10       000000
__Lbank11                                      bank11       000000
__Lbank12                                      bank12       000000
__Lbank13                                      bank13       000000
__Lbank14                                      bank14       000000
__Lbank15                                      bank15       000000
__Lbank2                                       bank2        000000
__Lbank3                                       bank3        000000
__Lbank4                                       bank4        000000
__Lbank5                                       bank5        000000
__Lbank6                                       bank6        000000
__Lbank7                                       bank7        000000
__Lbank8                                       bank8        000000
__Lbank9                                       bank9        000000
__Lbigbss                                      bigbss       000000
__Lbigdata                                     bigdata      000000
__Lbigram                                      bigram       000000
__Lbigsfr                                      bigsfr       000000
__Lbss                                         bss          000000
__LbssBANK0                                    bssBANK0     000000
__LbssCOMRAM                                   bssCOMRAM    000000
__Lcinit                                       cinit        000000
__Lclrtext                                     clrtext      000000
__Lcomram                                      comram       000000
__Lconfig                                      config       000000
__Lconst                                       const        000000
__LcstackBANK0                                 cstackBANK0  000000
__LcstackCOMRAM                                cstackCOMRAM 000000
__Ldata                                        data         000000
__Leeprom_data                                 eeprom_data  000000
__Lfarbss                                      farbss       000000
__Lfardata                                     fardata      000000
__Lheap                                        heap         000000
__Libigdata                                    ibigdata     000000
__Lidata                                       idata        000000
__Lidloc                                       idloc        000000
__Lifardata                                    ifardata     000000
__Linit                                        init         000112
__Lintcode                                     intcode      000008
__Lintcode_body                                intcode_body 000000
__Lintcodelo                                   intcodelo    000018
__Lintentry                                    intentry     000000
__Lintret                                      intret       000000
__Lintsave_regs                                intsave_regs 000000
__Lirdata                                      irdata       000000
__Lmediumconst                                 mediumconst  000000
__LnvBANK0                                     nvBANK0      000000
__LnvCOMRAM                                    nvCOMRAM     000000
__LnvFARRAM                                    nvFARRAM     000000
__Lnvbit                                       nvbit        000000
__Lnvrram                                      nvrram       000000
__Lparam                                       rparam       000000
__Lpowerup                                     powerup      000112
__Lram                                         ram          000000
__Lramtop                                      ramtop       001000
__Lrbit                                        rbit         000000
__Lrbss                                        rbss         000000
__Lrdata                                       rdata        000000
__Lreset_vec                                   reset_vec    000000
__Lrparam                                      rparam       000000
__Lsfr                                         sfr          000000
__Lsmallconst                                  smallconst   001000
__Lspace_0                                     (abs)        000000
__Lspace_1                                     (abs)        000000
__Lspace_2                                     (abs)        000000
__Lspace_4                                     (abs)        000000
__Lstack                                       stack        000000
__Lstruct                                      struct       000000
__Ltemp                                        temp         000046
__Ltext                                        text         000000
__Ltext0                                       text0        000000
__Ltext1                                       text1        000000
__Ltext10                                      text10       000000
__Ltext11                                      text11       000000
__Ltext12                                      text12       000000
__Ltext13                                      text13       000000
__Ltext14                                      text14       000000
__Ltext15                                      text15       000000
__Ltext16                                      text16       000000
__Ltext17                                      text17       000000
__Ltext18                                      text18       000000
__Ltext19                                      text19       000000
__Ltext2                                       text2        000000
__Ltext20                                      text20       000000
__Ltext21                                      text21       000000
__Ltext22                                      text22       000000
__Ltext23                                      text23       000000
__Ltext24                                      text24       000000
__Ltext25                                      text25       000000
__Ltext26                                      text26       000000
__Ltext27                                      text27       000000
__Ltext28                                      text28       000000
__Ltext29                                      text29       000000
__Ltext3                                       text3        000000
__Ltext30                                      text30       000000
__Ltext31                                      text31       000000
__Ltext32                                      text32       000000
__Ltext33                                      text33       000000
__Ltext34                                      text34       000000
__Ltext36                                      text36       000000
__Ltext37                                      text37       000000
__Ltext38                                      text38       000000
__Ltext39                                      text39       000000
__Ltext4                                       text4        000000
__Ltext40                                      text40       000000
__Ltext41                                      text41       000000
__Ltext42                                      text42       000000
__Ltext43                                      text43       000000
__Ltext45                                      text45       000000
__Ltext46                                      text46       000000
__Ltext47                                      text47       000000
__Ltext48                                      text48       000000
__Ltext49                                      text49       000000
__Ltext5                                       text5        000000
__Ltext50                                      text50       000000
__Ltext51                                      text51       000000
__Ltext52                                      text52       000000
__Ltext53                                      text53       000000
__Ltext54                                      text54       000000
__Ltext55                                      text55       000000
__Ltext56                                      text56       000000
__Ltext57                                      text57       000000
__Ltext58                                      text58       000000
__Ltext59                                      text59       000000
__Ltext6                                       text6        000000
__Ltext60                                      text60       000000
__Ltext61                                      text61       000000
__Ltext62                                      text62       000000
__Ltext63                                      text63       000000
__Ltext64                                      text64       000000
__Ltext65                                      text65       000000
__Ltext66                                      text66       000000
__Ltext67                                      text67       000000
__Ltext68                                      text68       000000
__Ltext69                                      text69       000000
__Ltext7                                       text7        000000
__Ltext70                                      text70       000000
__Ltext71                                      text71       000000
__Ltext72                                      text72       000000
__Ltext73                                      text73       000000
__Ltext74                                      text74       000000
__Ltext75                                      text75       000000
__Ltext76                                      text76       000000
__Ltext77                                      text77       000000
__Ltext78                                      text78       000000
__Ltext79                                      text79       000000
__Ltext8                                       text8        000000
__Ltext80                                      text80       000000
__Ltext81                                      text81       000000
__Ltext82                                      text82       000000
__Ltext83                                      text83       000000
__Ltext9                                       text9        000000
__S0                                           (abs)        001DAA
__S1                                           (abs)        0000B5
__S4                                           (abs)        000000
__S5                                           (abs)        000000
___heap_hi                                     (abs)        000000
___heap_lo                                     (abs)        000000
___inthi_sp                                    stack        000000
___intlo_sp                                    stack        000000
___param_bank                                  (abs)        000000
___rparam_used                                 (abs)        000001
___sp                                          stack        000000
__accesstop                                    (abs)        000060
__activetblptr                                 (abs)        000003
__end_of_EUSART_DefaultErrorHandler            text42       001D5A
__end_of_EUSART_DefaultFramingErrorHandler     text41       001DAA
__end_of_EUSART_DefaultOverrunErrorHandler     text40       001D54
__end_of_EUSART_Initialize                     text29       00151C
__end_of_EUSART_Receive_ISR                    text39       0011AA
__end_of_EUSART_RxDataHandler                  text43       001B2E
__end_of_EUSART_SetErrorHandler                text34       001D06
__end_of_EUSART_SetFramingErrorHandler         text33       001CFC
__end_of_EUSART_SetOverrunErrorHandler         text32       001CF2
__end_of_EUSART_SetRxInterruptHandler          text31       001CE8
__end_of_EUSART_SetTxInterruptHandler          text30       001CDE
__end_of_EUSART_Transmit_ISR                   text38       0019B4
__end_of_EUSART_Write                          text4        00188A
__end_of_I2C_CallbackReturnReset               text71       001D9C
__end_of_I2C_CallbackReturnStop                text72       001DA0
__end_of_I2C_Close                             text20       001A54
__end_of_I2C_DO_ADDRESS_NACK                   text48       001832
__end_of_I2C_DO_IDLE                           text62       001CC0
__end_of_I2C_DO_RCEN                           text57       001CB4
__end_of_I2C_DO_RESET                          text49       001CA8
__end_of_I2C_DO_RX                             text58       0012FC
__end_of_I2C_DO_RX_ACK                         text52       001D26
__end_of_I2C_DO_RX_NACK_RESTART                text50       001D16
__end_of_I2C_DO_RX_NACK_STOP                   text51       001D1E
__end_of_I2C_DO_SEND_ADR_READ                  text61       001C8E
__end_of_I2C_DO_SEND_ADR_WRITE                 text60       001C9C
__end_of_I2C_DO_SEND_RESTART                   text54       001D36
__end_of_I2C_DO_SEND_RESTART_READ              text56       001D46
__end_of_I2C_DO_SEND_RESTART_WRITE             text55       001D3E
__end_of_I2C_DO_SEND_STOP                      text53       001D2E
__end_of_I2C_DO_TX                             text59       0010EE
__end_of_I2C_DO_TX_EMPTY                       text63       001598
__end_of_I2C_Initialize                        text28       001C5A
__end_of_I2C_MasterClearIrq                    text23       001D80
__end_of_I2C_MasterClose                       text22       001D7C
__end_of_I2C_MasterDisableIrq                  text21       001D78
__end_of_I2C_MasterEnableIrq                   text16       001D70
__end_of_I2C_MasterEnableRestart               text82       001DA8
__end_of_I2C_MasterFsm                         text46       0016FA
__end_of_I2C_MasterGetRxData                   text68       001D94
__end_of_I2C_MasterIsNack                      text65       001C6E
__end_of_I2C_MasterIsr                         text45       001D60
__end_of_I2C_MasterOpen                        text15       001BBA
__end_of_I2C_MasterOperation                   text18       001974
__end_of_I2C_MasterSendAck                     text67       001D66
__end_of_I2C_MasterSendNack                    text69       001D6C
__end_of_I2C_MasterSendTxData                  text66       001D4E
__end_of_I2C_MasterSetIrq                      text64       001D90
__end_of_I2C_MasterStart                       text19       001D74
__end_of_I2C_MasterStartRx                     text70       001D98
__end_of_I2C_MasterStop                        text81       001DA4
__end_of_I2C_MasterWrite                       text17       001D0E
__end_of_I2C_Open                              text13       00139E
__end_of_I2C_Read1ByteRegister                 text8        001420
__end_of_I2C_SetAddressNackCallback            text11       001C02
__end_of_I2C_SetBuffer                         text10       001B52
__end_of_I2C_SetCallback                       text12       00149E
__end_of_I2C_SetDataCompleteCallback           text9        001BEA
__end_of_I2C_SetInterruptHandler               text14       001CCA
__end_of_I2C_Write1ByteRegister                text6        00168A
__end_of_INTERRUPT_Initialize                  text27       001C7E
__end_of_INTERRUPT_InterruptManagerHigh        intcode_body 001256
__end_of_INTERRUPT_InterruptManagerLow         intcodelo    000112
__end_of_MEMORY_ISR                            text37       001D88
__end_of_OSCILLATOR_Initialize                 text26       001CD4
__end_of_PIN_MANAGER_IOC                       text36       001D84
__end_of_PIN_MANAGER_Initialize                text25       001A26
__end_of_SYSTEM_Initialize                     text24       001C46
__end_of_TempSensorRead                        text7        001BD2
__end_of__initialization                       cinit        001B8E
__end_of_eeprom_24_writebyte                   text5        001C30
__end_of_i2c_fsmStateTable                     smallconst   001021
__end_of_main                                  text0        001930
__end_of_print_realtimeclock                   text2        001764
__end_of_rd1RegCompleteHandler                 text76       001AD8
__end_of_rd2RegCompleteHandler                 text75       001AAC
__end_of_rdBlkRegCompleteHandler               text73       0019F4
__end_of_realtimeclockDSI                      text1        0017CC
__end_of_uart_loggingDebugData                 text3        0018E0
__end_of_wr1RegCompleteHandler                 text74       001A80
__end_of_wr2RegCompleteHandler                 text77       001B04
__end_ofi2_I2C_MasterClearIrq                  text47       001D8C
__end_ofi2_I2C_SetBuffer                       text80       001B76
__end_ofi2_I2C_SetCallback                     text79       001612
__end_ofi2_I2C_SetDataCompleteCallback         text78       001C1A
__initialization                               cinit        001B76
__mediumconst                                  mediumconst  000000
__pbssBANK0                                    bssBANK0     000060
__pbssCOMRAM                                   bssCOMRAM    000001
__pcinit                                       cinit        001B76
__pcstackBANK0                                 cstackBANK0  000092
__pcstackCOMRAM                                cstackCOMRAM 00002C
__pintcode                                     intcode      000008
__pintcode_body                                intcode_body 0011AA
__pintcodelo                                   intcodelo    000018
__pnvBANK0                                     nvBANK0      0000AB
__pnvCOMRAM                                    nvCOMRAM     000045
__psmallconst                                  smallconst   001000
__ptext0                                       text0        0018E0
__ptext1                                       text1        001764
__ptext10                                      text10       001B2E
__ptext11                                      text11       001BEA
__ptext12                                      text12       001420
__ptext13                                      text13       0012FC
__ptext14                                      text14       001CC0
__ptext15                                      text15       001B98
__ptext16                                      text16       001D6C
__ptext17                                      text17       001D06
__ptext18                                      text18       001930
__ptext19                                      text19       001D70
__ptext2                                       text2        0016FA
__ptext20                                      text20       001A26
__ptext21                                      text21       001D74
__ptext22                                      text22       001D78
__ptext23                                      text23       001D7C
__ptext24                                      text24       001C30
__ptext25                                      text25       0019F4
__ptext26                                      text26       001CCA
__ptext27                                      text27       001C6E
__ptext28                                      text28       001C46
__ptext29                                      text29       00149E
__ptext3                                       text3        00188A
__ptext30                                      text30       001CD4
__ptext31                                      text31       001CDE
__ptext32                                      text32       001CE8
__ptext33                                      text33       001CF2
__ptext34                                      text34       001CFC
__ptext36                                      text36       001D80
__ptext37                                      text37       001D84
__ptext38                                      text38       001974
__ptext39                                      text39       0010EE
__ptext4                                       text4        001832
__ptext40                                      text40       001D4E
__ptext41                                      text41       001DA8
__ptext42                                      text42       001D54
__ptext43                                      text43       001B04
__ptext45                                      text45       001D5A
__ptext46                                      text46       00168A
__ptext47                                      text47       001D88
__ptext48                                      text48       0017CC
__ptext49                                      text49       001C9C
__ptext5                                       text5        001C1A
__ptext50                                      text50       001D0E
__ptext51                                      text51       001D16
__ptext52                                      text52       001D1E
__ptext53                                      text53       001D26
__ptext54                                      text54       001D2E
__ptext55                                      text55       001D36
__ptext56                                      text56       001D3E
__ptext57                                      text57       001CA8
__ptext58                                      text58       001256
__ptext59                                      text59       00102A
__ptext6                                       text6        001612
__ptext60                                      text60       001C8E
__ptext61                                      text61       001C7E
__ptext62                                      text62       001CB4
__ptext63                                      text63       00151C
__ptext64                                      text64       001D8C
__ptext65                                      text65       001C5A
__ptext66                                      text66       001D46
__ptext67                                      text67       001D60
__ptext68                                      text68       001D90
__ptext69                                      text69       001D66
__ptext7                                       text7        001BBA
__ptext70                                      text70       001D94
__ptext71                                      text71       001D98
__ptext72                                      text72       001D9C
__ptext73                                      text73       0019B4
__ptext74                                      text74       001A54
__ptext75                                      text75       001A80
__ptext76                                      text76       001AAC
__ptext77                                      text77       001AD8
__ptext78                                      text78       001C02
__ptext79                                      text79       001598
__ptext8                                       text8        00139E
__ptext80                                      text80       001B52
__ptext81                                      text81       001DA0
__ptext82                                      text82       001DA4
__ptext83                                      text83       000000
__ptext9                                       text9        001BD2
__ramtop                                       ramtop       001000
__smallconst                                   smallconst   001000
_eeprom_24_writebyte                           text5        001C1A
_eusartRxBuffer                                bssBANK0     000084
_eusartRxCount                                 bssCOMRAM    00001B
_eusartRxHead                                  bssCOMRAM    00001D
_eusartRxLastError                             bssCOMRAM    00001A
_eusartRxStatusBuffer                          bssCOMRAM    000001
_eusartRxTail                                  bssCOMRAM    00001C
_eusartTxBuffer                                bssCOMRAM    000009
_eusartTxBufferRemaining                       nvCOMRAM     000045
_eusartTxHead                                  bssCOMRAM    00001F
_eusartTxTail                                  bssCOMRAM    00001E
_i2c_fsmStateTable                             smallconst   001001
_main                                          text0        0018E0
_print_realtimeclock                           text2        0016FA
_rd1RegCompleteHandler                         text76       001AAC
_rd2RegCompleteHandler                         text75       001A80
_rdBlkRegCompleteHandler                       text73       0019B4
_realtimeclockDSI                              text1        001764
_realtimeclock_obj                             bssCOMRAM    000011
_temp                                          bssCOMRAM    000019
_uart_loggingDebugData                         text3        00188A
_wr1RegCompleteHandler                         text74       001A54
_wr2RegCompleteHandler                         text77       001AD8
btemp                                          temp         000046
eeprom_24_writebyte@Data                       cstackBANK0  0000A6
eeprom_24_writebyte@byte_address               cstackBANK0  0000A5
eeprom_24_writebyte@eeprom_add                 cstackBANK0  0000A7
end_of_initialization                          cinit        001B8E
i2I2C_SetBuffer@buffer                         cstackCOMRAM 00002C
i2I2C_SetBuffer@bufferSize                     cstackCOMRAM 00002E
i2I2C_SetCallback@cb                           cstackCOMRAM 00002C
i2I2C_SetCallback@idx                          cstackCOMRAM 000030
i2I2C_SetCallback@ptr                          cstackCOMRAM 00002E
i2I2C_SetDataCompleteCallback@cb               cstackCOMRAM 000031
i2I2C_SetDataCompleteCallback@ptr              cstackCOMRAM 000033
i2_I2C_MasterClearIrq                          text47       001D88
i2_I2C_SetBuffer                               text80       001B52
i2_I2C_SetCallback                             text79       001598
i2_I2C_SetDataCompleteCallback                 text78       001C02
int$flags                                      temp         000046
int_func                                       intcode_body 0011AA
intlevel0                                      text         000000
intlevel1                                      text         000000
intlevel2                                      text         000000
intlevel3                                      text         000000
isa$std                                        (abs)        000001
isa$xinst                                      (abs)        000000
rd1RegCompleteHandler@ptr                      cstackCOMRAM 000035
rd2RegCompleteHandler@ptr                      cstackCOMRAM 000035
rdBlkRegCompleteHandler@ptr                    cstackCOMRAM 000035
stackhi                                        (abs)        000000
stacklo                                        (abs)        000000
start                                          init         000112
start_initialization                           cinit        001B76
ttemp5                                         temp         000047
ttemp6                                         temp         00004A
ttemp7                                         temp         00004E
uart_loggingDebugData@i                        cstackBANK0  0000A0
uart_loggingDebugData@str                      cstackBANK0  00009A
uart_loggingDebugData@str_length               cstackBANK0  00009C
wr1RegCompleteHandler@ptr                      cstackCOMRAM 000035
wr2RegCompleteHandler@ptr                      cstackCOMRAM 000035
wtemp8                                         temp         000047


MODULE INFORMATION

Module		Function		Class		Link	Load	Size
module/RealTimeClock/RealTimeClock.c
		_print_realtimeclock		CODE           	16FA	0000	106
		_realtimeclockDSI		CODE           	1764	0000	104

module/RealTimeClock/RealTimeClock.c estimated size: 210

module/EEPROM24/eeprom24.c
		_eeprom_24_writebyte		CODE           	1C1A	0000	22

module/EEPROM24/eeprom24.c estimated size: 22

mcc_generated_files/interrupt_manager.c
		_INTERRUPT_Initialize		CODE           	1C6E	0000	16
		_INTERRUPT_InterruptManagerLow		CODE           	0018	0000	250
		_INTERRUPT_InterruptManagerHigh		CODE           	0008	0000	178

mcc_generated_files/interrupt_manager.c estimated size: 444

module/uartlogging/uartloggging.c
		_uart_loggingDebugData		CODE           	188A	0000	86

module/uartlogging/uartloggging.c estimated size: 86

mcc_generated_files/examples/i2c_master_example.c
		_wr1RegCompleteHandler		CODE           	1A54	0000	44
		_wr2RegCompleteHandler		CODE           	1AD8	0000	44
		_I2C_Write1ByteRegister		CODE           	1612	0000	120
		_I2C_Read1ByteRegister		CODE           	139E	0000	130
		_rdBlkRegCompleteHandler		CODE           	19B4	0000	64
		_rd1RegCompleteHandler		CODE           	1AAC	0000	44
		_rd2RegCompleteHandler		CODE           	1A80	0000	44

mcc_generated_files/examples/i2c_master_example.c estimated size: 490

mcc_generated_files/pin_manager.c
		_PIN_MANAGER_Initialize		CODE           	19F4	0000	50
		_PIN_MANAGER_IOC		CODE           	1D80	0000	4

mcc_generated_files/pin_manager.c estimated size: 54

module/tem_sensor/temp.c
		_TempSensorRead		CODE           	1BBA	0000	24

module/tem_sensor/temp.c estimated size: 24

shared
		i2_I2C_SetBuffer		CODE           	1B52	0000	36
		__initialization		CODE           	1B76	0000	24
		i2_I2C_SetCallback		CODE           	1598	0000	122
		i2_I2C_SetDataCompleteCallback		CODE           	1C02	0000	24
		i2_I2C_MasterClearIrq		CODE           	1D88	0000	4
		_i2c_fsmStateTable		SMALLCONST     	1001	0000	32

shared estimated size: 242

mcc_generated_files/mcc.c
		_OSCILLATOR_Initialize		CODE           	1CCA	0000	10
		_SYSTEM_Initialize		CODE           	1C30	0000	22

mcc_generated_files/mcc.c estimated size: 32

mcc_generated_files/memory.c
		_MEMORY_ISR    		CODE           	1D84	0000	4

mcc_generated_files/memory.c estimated size: 4

mcc_generated_files/i2c_master.c
		_I2C_Close     		CODE           	1A26	0000	46
		_I2C_MasterStartRx		CODE           	1D94	0000	4
		_I2C_DO_SEND_ADR_WRITE		CODE           	1C8E	0000	14
		_I2C_DO_SEND_STOP		CODE           	1D26	0000	8
		_I2C_MasterSendNack		CODE           	1D66	0000	6
		_I2C_MasterDisableIrq		CODE           	1D74	0000	4
		_I2C_CallbackReturnStop		CODE           	1D9C	0000	4
		_I2C_MasterOperation		CODE           	1930	0000	68
		_I2C_DO_SEND_ADR_READ		CODE           	1C7E	0000	16
		_I2C_DO_RX_NACK_STOP		CODE           	1D16	0000	8
		_I2C_DO_SEND_RESTART		CODE           	1D2E	0000	8
		_I2C_DO_RX     		CODE           	1256	0000	166
		_I2C_DO_TX     		CODE           	102A	0000	196
		_I2C_DO_IDLE   		CODE           	1CB4	0000	12
		_I2C_DO_RCEN   		CODE           	1CA8	0000	12
		_I2C_DO_RESET  		CODE           	1C9C	0000	12
		_I2C_MasterClose		CODE           	1D78	0000	4
		_I2C_MasterWrite		CODE           	1D06	0000	8
		_I2C_DO_RX_ACK 		CODE           	1D1E	0000	8
		_I2C_MasterStart		CODE           	1D70	0000	4
		_I2C_MasterClearIrq		CODE           	1D7C	0000	4
		_I2C_MasterGetRxData		CODE           	1D90	0000	4
		_I2C_SetCallback		CODE           	1420	0000	126
		_I2C_DO_ADDRESS_NACK		CODE           	17CC	0000	102
		_I2C_MasterEnableRestart		CODE           	1DA4	0000	4
		_I2C_CallbackReturnReset		CODE           	1D98	0000	4
		_I2C_Open      		CODE           	12FC	0000	162
		_I2C_SetAddressNackCallback		CODE           	1BEA	0000	24
		_I2C_DO_TX_EMPTY		CODE           	151C	0000	124
		_I2C_DO_SEND_RESTART_WRITE		CODE           	1D36	0000	8
		_I2C_MasterIsNack		CODE           	1C5A	0000	20
		_I2C_SetDataCompleteCallback		CODE           	1BD2	0000	24
		_I2C_DO_RX_NACK_RESTART		CODE           	1D0E	0000	8
		_I2C_MasterSendAck		CODE           	1D60	0000	6
		_I2C_MasterFsm 		CODE           	168A	0000	112
		_I2C_MasterIsr 		CODE           	1D5A	0000	6
		_I2C_MasterSetIrq		CODE           	1D8C	0000	4
		_I2C_DO_SEND_RESTART_READ		CODE           	1D3E	0000	8
		_I2C_MasterEnableIrq		CODE           	1D6C	0000	4
		_I2C_Initialize		CODE           	1C46	0000	20
		_I2C_SetBuffer 		CODE           	1B2E	0000	36
		_I2C_SetInterruptHandler		CODE           	1CC0	0000	10
		_I2C_MasterOpen		CODE           	1B98	0000	34
		_I2C_MasterSendTxData		CODE           	1D46	0000	8
		_I2C_MasterStop		CODE           	1DA0	0000	4

mcc_generated_files/i2c_master.c estimated size: 1474

mcc_generated_files/eusart.c
		_EUSART_SetRxInterruptHandler		CODE           	1CDE	0000	10
		_EUSART_SetTxInterruptHandler		CODE           	1CD4	0000	10
		_EUSART_DefaultOverrunErrorHandler		CODE           	1D4E	0000	6
		_EUSART_Write  		CODE           	1832	0000	88
		_EUSART_DefaultErrorHandler		CODE           	1D54	0000	6
		_EUSART_Transmit_ISR		CODE           	1974	0000	64
		_EUSART_Initialize		CODE           	149E	0000	126
		_EUSART_SetFramingErrorHandler		CODE           	1CF2	0000	10
		_EUSART_SetErrorHandler		CODE           	1CFC	0000	10
		_EUSART_SetOverrunErrorHandler		CODE           	1CE8	0000	10
		_EUSART_Receive_ISR		CODE           	10EE	0000	188
		_EUSART_RxDataHandler		CODE           	1B04	0000	42
		_EUSART_DefaultFramingErrorHandler		CODE           	1DA8	0000	2

mcc_generated_files/eusart.c estimated size: 572

main.c
		_main          		CODE           	18E0	0000	80

main.c estimated size: 80

