Microchip MPLAB XC8 Compiler V2.46

Linker command line:

-W-3 \
  --edf=C:\Program Files\Microchip\xc8\v2.46\pic\dat\20240104201356_en.msgs \
  -cn -h+dist/default/debug\mini_project_smart_home_.X.debug.sym \
  --cmf=dist/default/debug\mini_project_smart_home_.X.debug.cmf -z \
  -Q18F46K20 -oC:\Users\ahmed\AppData\Local\Temp\xcAsolc.\driver_tmp_3.o \
  --defsym=__MPLAB_BUILD=1 --fixupoverflow=error \
  -Mdist/default/debug/mini_project_smart_home_.X.debug.map \
  --md=C:\Users\ahmed\AppData\Local\Temp\xcAsolc.\driver_tmp_0.dat -E1 \
  -ver=XC8 Compiler --acfsm=1493 -ACODE=00h-0FFFFh -ACONST=00h-0FFFFh \
  -ASMALLCONST=01000h-010FFhx240 -AMEDIUMCONST=01000h-0FFFFh \
  -ACOMRAM=01h-05Fh -AABS1=00h-0F5Fh -ABIGRAM=01h-0F5Fh \
  -ARAM=060h-0FFh,0100h-01FFhx14,0F00h-0F5Fh -ABANK0=060h-0FFh \
  -ABANK1=0100h-01FFh -ABANK2=0200h-02FFh -ABANK3=0300h-03FFh \
  -ABANK4=0400h-04FFh -ABANK5=0500h-05FFh -ABANK6=0600h-06FFh \
  -ABANK7=0700h-07FFh -ABANK8=0800h-08FFh -ABANK9=0900h-09FFh \
  -ABANK10=0A00h-0AFFh -ABANK11=0B00h-0BFFh -ABANK12=0C00h-0CFFh \
  -ABANK13=0D00h-0DFFh -ABANK14=0E00h-0EFFh -ABANK15=0F00h-0F5Fh \
  -ASFR=0F60h-0FFFh -ABIGSFR=0F60h-0FFFh -ACONFIG=0300000h-030000Dh \
  -AIDLOC=0200000h-0200007h -AEEDATA=0F00000h-0F003FFh -peeprom_data=EEDATA \
  -preset_vec=00h,intcode=8h,intcodelo=18h,powerup,init -pramtop=01000h \
  -psmallconst=SMALLCONST -pmediumconst=MEDIUMCONST -pconst=CONST \
  -AFARRAM=00h-00h \
  -prdata=COMRAM,nvrram=COMRAM,nvbit=COMRAM,rbss=COMRAM,rbit=COMRAM \
  -pfarbss=FARRAM,fardata=FARRAM,nvFARRAM=FARRAM \
  -pintsave_regs=BIGRAM,bigbss=BIGRAM,bigdata=BIGRAM -pbss=RAM \
  -pidata=CODE,irdata=CODE,ibigdata=CODE,ifardata=CODE -prparam=COMRAM \
  C:\Users\ahmed\AppData\Local\Temp\xcAsolc.\driver_tmp_9.o \
  dist/default/debug\mini_project_smart_home_.X.debug.o 

Object code version is 3.11

Machine type is 18F46K20



                Name                               Link     Load   Length Selector   Space Scale
C:\Users\ahmed\AppData\Local\Temp\xcAsolc.\driver_tmp_9.o
                config                           300000   300000        E        0       4
                init                                 DE       DE        4        C       0
                reset_vec                             0        0        4        0       0
dist/default/debug\mini_project_smart_home_.X.debug.o
                intcodelo                            18       18       C6        C       0
                intcode                               8        8        6        4       0
                config                           300000   300000        E        0       4
                temp                                 46       46        1        1       1
                smallconst                         1000     1000       22      800       0
                text74                             1880     1880       26      811       0
                text73                             1AD2     1AD2        6      811       0
                text72                             1B0C     1B0C        2      811       0
                text71                             1ACC     1ACC        6      811       0
                text70                             10E6     10E6       AA      811       0
                text69                             170C     170C       3C      811       0
                intcode_body                       12D8     12D8       92      811       0
                text67                             1B08     1B08        4      811       0
                text66                             1B04     1B04        4      811       0
                text65                             18EE     18EE       24      811       0
                text64                             1620     1620       66      811       0
                text63                             1986     1986       18      811       0
                text62                             182A     182A       2C      811       0
                text61                             17FE     17FE       2C      811       0
                text60                             17D2     17D2       2C      811       0
                text59                             17A6     17A6       2C      811       0
                text58                             16CA     16CA       42      811       0
                text57                             1B00     1B00        4      811       0
                text56                             1AFC     1AFC        4      811       0
                text55                             1AF8     1AF8        4      811       0
                text54                             1AC6     1AC6        6      811       0
                text53                             1AF4     1AF4        4      811       0
                text52                             1AC0     1AC0        6      811       0
                text51                             1AB2     1AB2        8      811       0
                text50                             19C8     19C8       14      811       0
                text49                             1AF0     1AF0        4      811       0
                text48                             1466     1466       7C      811       0
                text47                             1A20     1A20        C      811       0
                text46                             19EC     19EC       10      811       0
                text45                             19DC     19DC       10      811       0
                text44                             1022     1022       C4      811       0
                text43                             1190     1190       A6      811       0
                text42                             1A14     1A14        C      811       0
                text41                             1AAA     1AAA        8      811       0
                text40                             1AA2     1AA2        8      811       0
                text39                             1A9A     1A9A        8      811       0
                text38                             1A92     1A92        8      811       0
                text37                             1A8A     1A8A        8      811       0
                text36                             1A82     1A82        8      811       0
                text35                             1A7A     1A7A        8      811       0
                text34                             1A08     1A08        C      811       0
                text33                             15BA     15BA       66      811       0
                text32                             1AEC     1AEC        4      811       0
                text31                             14E2     14E2       6E      811       0
                text30                             1ABA     1ABA        6      811       0
                text28                             1A68     1A68        A      811       0
                text27                             1A5E     1A5E        A      811       0
                text26                             1A54     1A54        A      811       0
                text25                             1A4A     1A4A        A      811       0
                text24                             1A40     1A40        A      811       0
                text23                             13E8     13E8       7E      811       0
                text22                             19B4     19B4       14      811       0
                text21                             19FC     19FC        C      811       0
                text20                             1A36     1A36        A      811       0
                text19                             1748     1748       30      811       0
                text18                             199E     199E       16      811       0
                text17                             1AE8     1AE8        4      811       0
                text16                             1AE4     1AE4        4      811       0
                text15                             1AE0     1AE0        4      811       0
                text14                             1778     1778       2E      811       0
                text13                             1ADC     1ADC        4      811       0
                text12                             1686     1686       44      811       0
                text11                             1A72     1A72        8      811       0
                text10                             1AD8     1AD8        4      811       0
                text9                              1934     1934       22      811       0
                text8                              1A2C     1A2C        A      811       0
                text7                              1236     1236       A2      811       0
                text6                              1550     1550       6A      811       0
                text5                              196E     196E       18      811       0
                text4                              18CA     18CA       24      811       0
                text3                              1956     1956       18      811       0
                text2                              136A     136A       7E      811       0
                text1                              1856     1856       2A      811       0
                text0                              18A6     18A6       24      811       0
                cstackCOMRAM                          1        1       22        1       1
                cstackBANK0                          9C       9C       19       60       1
                bssBANK0                             60       60       3C       60       1
                bssCOMRAM                            23       23       21        1       1
                cinit                              1912     1912       22      811       0
                nvBANK0                              B5       B5        8       60       1
                nvCOMRAM                             44       44        2        1       1

TOTAL           Name                               Link     Load   Length     Space
        CLASS   CODE           
                intcodelo                            18       18       C6         0
                intcode                               8        8        6         0
                init                                 DE       DE        4         0
                reset_vec                             0        0        4         0
                text74                             1880     1880       26         0
                text73                             1AD2     1AD2        6         0
                text72                             1B0C     1B0C        2         0
                text71                             1ACC     1ACC        6         0
                text70                             10E6     10E6       AA         0
                text69                             170C     170C       3C         0
                intcode_body                       12D8     12D8       92         0
                text67                             1B08     1B08        4         0
                text66                             1B04     1B04        4         0
                text65                             18EE     18EE       24         0
                text64                             1620     1620       66         0
                text63                             1986     1986       18         0
                text62                             182A     182A       2C         0
                text61                             17FE     17FE       2C         0
                text60                             17D2     17D2       2C         0
                text59                             17A6     17A6       2C         0
                text58                             16CA     16CA       42         0
                text57                             1B00     1B00        4         0
                text56                             1AFC     1AFC        4         0
                text55                             1AF8     1AF8        4         0
                text54                             1AC6     1AC6        6         0
                text53                             1AF4     1AF4        4         0
                text52                             1AC0     1AC0        6         0
                text51                             1AB2     1AB2        8         0
                text50                             19C8     19C8       14         0
                text49                             1AF0     1AF0        4         0
                text48                             1466     1466       7C         0
                text47                             1A20     1A20        C         0
                text46                             19EC     19EC       10         0
                text45                             19DC     19DC       10         0
                text44                             1022     1022       C4         0
                text43                             1190     1190       A6         0
                text42                             1A14     1A14        C         0
                text41                             1AAA     1AAA        8         0
                text40                             1AA2     1AA2        8         0
                text39                             1A9A     1A9A        8         0
                text38                             1A92     1A92        8         0
                text37                             1A8A     1A8A        8         0
                text36                             1A82     1A82        8         0
                text35                             1A7A     1A7A        8         0
                text34                             1A08     1A08        C         0
                text33                             15BA     15BA       66         0
                text32                             1AEC     1AEC        4         0
                text31                             14E2     14E2       6E         0
                text30                             1ABA     1ABA        6         0
                text28                             1A68     1A68        A         0
                text27                             1A5E     1A5E        A         0
                text26                             1A54     1A54        A         0
                text25                             1A4A     1A4A        A         0
                text24                             1A40     1A40        A         0
                text23                             13E8     13E8       7E         0
                text22                             19B4     19B4       14         0
                text21                             19FC     19FC        C         0
                text20                             1A36     1A36        A         0
                text19                             1748     1748       30         0
                text18                             199E     199E       16         0
                text17                             1AE8     1AE8        4         0
                text16                             1AE4     1AE4        4         0
                text15                             1AE0     1AE0        4         0
                text14                             1778     1778       2E         0
                text13                             1ADC     1ADC        4         0
                text12                             1686     1686       44         0
                text11                             1A72     1A72        8         0
                text10                             1AD8     1AD8        4         0
                text9                              1934     1934       22         0
                text8                              1A2C     1A2C        A         0
                text7                              1236     1236       A2         0
                text6                              1550     1550       6A         0
                text5                              196E     196E       18         0
                text4                              18CA     18CA       24         0
                text3                              1956     1956       18         0
                text2                              136A     136A       7E         0
                text1                              1856     1856       2A         0
                text0                              18A6     18A6       24         0
                cinit                              1912     1912       22         0

        CLASS   CONST          

        CLASS   SMALLCONST     
                smallconst                         1000     1000       22         0

        CLASS   MEDIUMCONST    

        CLASS   COMRAM         
                temp                                 46       46        1         1
                cstackCOMRAM                          1        1       22         1
                bssCOMRAM                            23       23       21         1
                nvCOMRAM                             44       44        2         1

        CLASS   ABS1           

        CLASS   BIGRAM         

        CLASS   RAM            

        CLASS   BANK0          
                cstackBANK0                          9C       9C       19         1
                bssBANK0                             60       60       3C         1
                nvBANK0                              B5       B5        8         1

        CLASS   BANK1          

        CLASS   BANK2          

        CLASS   BANK3          

        CLASS   BANK4          

        CLASS   BANK5          

        CLASS   BANK6          

        CLASS   BANK7          

        CLASS   BANK8          

        CLASS   BANK9          

        CLASS   BANK10         

        CLASS   BANK11         

        CLASS   BANK12         

        CLASS   BANK13         

        CLASS   BANK14         

        CLASS   BANK15         

        CLASS   SFR            

        CLASS   BIGSFR         

        CLASS   CONFIG         
                config                           300000   300000        E         4

        CLASS   IDLOC          

        CLASS   EEDATA         

        CLASS   FARRAM         

        CLASS   HEAP           

        CLASS   STACK          



SEGMENTS        Name                           Load    Length   Top    Selector   Space  Class

                reset_vec                      000000  000004  000004         0       0  CODE    
                cstackCOMRAM                   000001  000046  000047         1       1  COMRAM  
                intcode                        000008  000006  00000E         4       0  CODE    
                intcodelo                      000018  0000CA  0000E2         C       0  CODE    
                bssBANK0                       000060  00005D  0000BD        60       1  BANK0   
                smallconst                     001000  000022  001022       800       0  SMALLCON
                text44                         001022  000AEC  001B0E       811       0  CODE    


UNUSED ADDRESS RANGES

        Name                Unused          Largest block    Delta
        BANK0            0000BD-0000FF               43
        BANK1            000100-0001FF              100
        BANK10           000A00-000AFF              100
        BANK11           000B00-000BFF              100
        BANK12           000C00-000CFF              100
        BANK13           000D00-000DFF              100
        BANK14           000E00-000EFF              100
        BANK15           000F00-000F5F               60
        BANK2            000200-0002FF              100
        BANK3            000300-0003FF              100
        BANK4            000400-0004FF              100
        BANK5            000500-0005FF              100
        BANK6            000600-0006FF              100
        BANK7            000700-0007FF              100
        BANK8            000800-0008FF              100
        BANK9            000900-0009FF              100
        BIGRAM           000047-00005F               19
                         0000BD-000F5F              EA3
        BIGSFR           000F60-000FFF               A0
        CODE             000004-000007                4
                         00000E-000017                A
                         0000E2-000FFF              F1E
                         001B0E-00FFFF             E4F2
        COMRAM           000047-00005F               19
        CONST            000004-000007                4
                         00000E-000017                A
                         0000E2-000FFF              F1E
                         001B0E-00FFFF             E4F2
        EEDATA           F00000-F003FF              400
        IDLOC            200000-200007                8
        MEDIUMCONST      001B0E-00FFFF             E4F2
        RAM              0000BD-000F5F              100
        SFR              000F60-000FFF               A0
        SMALLCONST       001B0E-00FFFF              100

                                  Symbol Table

?_get_Real_time_clock                          cstackBANK0  0000A8
EUSART_SetErrorHandler@interruptHandler        cstackBANK0  00009C
EUSART_SetFramingErrorHandler@interruptHandler cstackBANK0  00009C
EUSART_SetOverrunErrorHandler@interruptHandler cstackBANK0  00009C
EUSART_SetRxInterruptHandler@interruptHandler  cstackBANK0  00009C
EUSART_SetTxInterruptHandler@interruptHandler  cstackBANK0  00009C
I2C_CallbackReturnReset@funPtr                 cstackCOMRAM 00000E
I2C_Close@returnValue                          cstackBANK0  00009C
I2C_MasterOperation@read                       cstackBANK0  00009C
I2C_MasterOperation@returnValue                cstackBANK0  00009D
I2C_MasterSendTxData@data                      cstackCOMRAM 000005
I2C_Open@address                               cstackBANK0  00009E
I2C_Open@returnValue                           cstackBANK0  00009F
I2C_Read1ByteRegister@address                  cstackBANK0  0000A6
I2C_Read1ByteRegister@reg                      cstackBANK0  0000A5
I2C_Read1ByteRegister@returnValue              cstackBANK0  0000A7
I2C_SetAddressNackCallback@cb                  cstackBANK0  0000A1
I2C_SetAddressNackCallback@ptr                 cstackBANK0  0000A3
I2C_SetBuffer@buffer                           cstackBANK0  00009C
I2C_SetBuffer@bufferSize                       cstackBANK0  00009E
I2C_SetCallback@cb                             cstackBANK0  00009C
I2C_SetCallback@idx                            cstackBANK0  0000A0
I2C_SetCallback@ptr                            cstackBANK0  00009E
I2C_SetDataCompleteCallback@cb                 cstackBANK0  0000A1
I2C_SetDataCompleteCallback@ptr                cstackBANK0  0000A3
I2C_SetInterruptHandler@InterruptHandler       cstackBANK0  00009C
_ANSEL                                         (abs)        000F7E
_ANSELH                                        (abs)        000F7F
_BAUDCON                                       (abs)        000FB8
_EEADR                                         (abs)        000FA9
_EEADRH                                        (abs)        000FAA
_EECON1bits                                    (abs)        000FA6
_EECON2                                        (abs)        000FA7
_EEDATA                                        (abs)        000FA8
_EUSART_DefaultErrorHandler                    text73       001AD2
_EUSART_DefaultFramingErrorHandler             text72       001B0C
_EUSART_DefaultOverrunErrorHandler             text71       001ACC
_EUSART_ErrorHandler                           nvBANK0      0000B5
_EUSART_FramingErrorHandler                    nvBANK0      0000B9
_EUSART_Initialize                             text23       0013E8
_EUSART_OverrunErrorHandler                    nvBANK0      0000B7
_EUSART_Receive_ISR                            text70       0010E6
_EUSART_RxDataHandler                          text74       001880
_EUSART_RxDefaultInterruptHandler              nvBANK0      0000BB
_EUSART_SetErrorHandler                        text28       001A68
_EUSART_SetFramingErrorHandler                 text27       001A5E
_EUSART_SetOverrunErrorHandler                 text26       001A54
_EUSART_SetRxInterruptHandler                  text25       001A4A
_EUSART_SetTxInterruptHandler                  text24       001A40
_EUSART_Transmit_ISR                           text69       00170C
_EUSART_TxDefaultInterruptHandler              nvCOMRAM     000044
_I2C_CallbackReturnReset                       text56       001AFC
_I2C_CallbackReturnStop                        text57       001B00
_I2C_Close                                     text14       001778
_I2C_DO_ADDRESS_NACK                           text33       0015BA
_I2C_DO_IDLE                                   text47       001A20
_I2C_DO_RCEN                                   text42       001A14
_I2C_DO_RESET                                  text34       001A08
_I2C_DO_RX                                     text43       001190
_I2C_DO_RX_ACK                                 text37       001A8A
_I2C_DO_RX_NACK_RESTART                        text35       001A7A
_I2C_DO_RX_NACK_STOP                           text36       001A82
_I2C_DO_SEND_ADR_READ                          text46       0019EC
_I2C_DO_SEND_ADR_WRITE                         text45       0019DC
_I2C_DO_SEND_RESTART                           text39       001A9A
_I2C_DO_SEND_RESTART_READ                      text41       001AAA
_I2C_DO_SEND_RESTART_WRITE                     text40       001AA2
_I2C_DO_SEND_STOP                              text38       001A92
_I2C_DO_TX                                     text44       001022
_I2C_DO_TX_EMPTY                               text48       001466
_I2C_Initialize                                text22       0019B4
_I2C_MasterClearIrq                            text17       001AE8
_I2C_MasterClose                               text16       001AE4
_I2C_MasterDisableIrq                          text15       001AE0
_I2C_MasterEnableIrq                           text10       001AD8
_I2C_MasterEnableRestart                       text67       001B08
_I2C_MasterFsm                                 text31       0014E2
_I2C_MasterGetRxData                           text53       001AF4
_I2C_MasterIsNack                              text50       0019C8
_I2C_MasterIsr                                 text30       001ABA
_I2C_MasterOpen                                text9        001934
_I2C_MasterOperation                           text12       001686
_I2C_MasterSendAck                             text52       001AC0
_I2C_MasterSendNack                            text54       001AC6
_I2C_MasterSendTxData                          text51       001AB2
_I2C_MasterSetIrq                              text49       001AF0
_I2C_MasterStart                               text13       001ADC
_I2C_MasterStartRx                             text55       001AF8
_I2C_MasterStop                                text66       001B04
_I2C_MasterWrite                               text11       001A72
_I2C_Open                                      text7        001236
_I2C_Read1ByteRegister                         text2        00136A
_I2C_SetAddressNackCallback                    text5        00196E
_I2C_SetBuffer                                 text4        0018CA
_I2C_SetCallback                               text6        001550
_I2C_SetDataCompleteCallback                   text3        001956
_I2C_SetInterruptHandler                       text8        001A2C
_I2C_Status                                    bssBANK0     000060
_INTCON2bits                                   (abs)        000FF1
_INTCONbits                                    (abs)        000FF2
_INTERRUPT_Initialize                          text21       0019FC
_INTERRUPT_InterruptManagerHigh                intcode      000008
_INTERRUPT_InterruptManagerLow                 intcodelo    000018
_IPR1bits                                      (abs)        000F9F
_IPR2bits                                      (abs)        000FA2
_LATA                                          (abs)        000F89
_LATB                                          (abs)        000F8A
_LATC                                          (abs)        000F8B
_LATD                                          (abs)        000F8C
_LATE                                          (abs)        000F8D
_MSSP_InterruptHandler                         bssCOMRAM    00003B
_OSCCON                                        (abs)        000FD3
_OSCILLATOR_Initialize                         text20       001A36
_OSCTUNE                                       (abs)        000F9B
_PIE1bits                                      (abs)        000F9D
_PIE2bits                                      (abs)        000FA0
_PIN_MANAGER_Initialize                        text19       001748
_PIR1bits                                      (abs)        000F9E
_PIR2bits                                      (abs)        000FA1
_RCONbits                                      (abs)        000FD0
_RCREG                                         (abs)        000FAE
_RCSTA                                         (abs)        000FAB
_RCSTAbits                                     (abs)        000FAB
_SPBRG                                         (abs)        000FAF
_SPBRGH                                        (abs)        000FB0
_SSPADD                                        (abs)        000FC8
_SSPBUF                                        (abs)        000FC9
_SSPCON1                                       (abs)        000FC6
_SSPCON1bits                                   (abs)        000FC6
_SSPCON2                                       (abs)        000FC5
_SSPCON2bits                                   (abs)        000FC5
_SSPSTAT                                       (abs)        000FC7
_SSPSTATbits                                   (abs)        000FC7
_SYSTEM_Initialize                             text18       00199E
_TABLAT                                        (abs)        000FF5
_TBLPTRH                                       (abs)        000FF7
_TBLPTRL                                       (abs)        000FF6
_TBLPTRU                                       (abs)        000FF8
_TRISA                                         (abs)        000F92
_TRISB                                         (abs)        000F93
_TRISC                                         (abs)        000F94
_TRISD                                         (abs)        000F95
_TRISE                                         (abs)        000F96
_TXREG                                         (abs)        000FAD
_TXSTA                                         (abs)        000FAC
_TXSTAbits                                     (abs)        000FAC
_WPUB                                          (abs)        000F7C
__HRAM                                         (abs)        000000
__H__absolute__                                __absolute__ 000000
__Habs1                                        abs1         000000
__Hbank0                                       bank0        000000
__Hbank1                                       bank1        000000
__Hbank10                                      bank10       000000
__Hbank11                                      bank11       000000
__Hbank12                                      bank12       000000
__Hbank13                                      bank13       000000
__Hbank14                                      bank14       000000
__Hbank15                                      bank15       000000
__Hbank2                                       bank2        000000
__Hbank3                                       bank3        000000
__Hbank4                                       bank4        000000
__Hbank5                                       bank5        000000
__Hbank6                                       bank6        000000
__Hbank7                                       bank7        000000
__Hbank8                                       bank8        000000
__Hbank9                                       bank9        000000
__Hbigbss                                      bigbss       000000
__Hbigdata                                     bigdata      000000
__Hbigram                                      bigram       000000
__Hbigsfr                                      bigsfr       000000
__Hbss                                         bss          000000
__HbssBANK0                                    bssBANK0     000000
__HbssCOMRAM                                   bssCOMRAM    000000
__Hcinit                                       cinit        000000
__Hclrtext                                     clrtext      000000
__Hcomram                                      comram       000000
__Hconfig                                      config       30000E
__Hconst                                       const        000000
__HcstackBANK0                                 cstackBANK0  000000
__HcstackCOMRAM                                cstackCOMRAM 000000
__Hdata                                        data         000000
__Heeprom_data                                 eeprom_data  000000
__Hfarbss                                      farbss       000000
__Hfardata                                     fardata      000000
__Hheap                                        heap         000000
__Hibigdata                                    ibigdata     000000
__Hidata                                       idata        000000
__Hidloc                                       idloc        000000
__Hifardata                                    ifardata     000000
__Hinit                                        init         0000E2
__Hintcode                                     intcode      00000E
__Hintcode_body                                intcode_body 000000
__Hintcodelo                                   intcodelo    0000DE
__Hintentry                                    intentry     000000
__Hintret                                      intret       000000
__Hintsave_regs                                intsave_regs 000000
__Hirdata                                      irdata       000000
__Hmediumconst                                 mediumconst  000000
__HnvBANK0                                     nvBANK0      000000
__HnvCOMRAM                                    nvCOMRAM     000000
__HnvFARRAM                                    nvFARRAM     000000
__Hnvbit                                       nvbit        000000
__Hnvrram                                      nvrram       000000
__Hparam                                       rparam       000000
__Hpowerup                                     powerup      0000DE
__Hram                                         ram          000000
__Hramtop                                      ramtop       001000
__Hrbit                                        rbit         000000
__Hrbss                                        rbss         000000
__Hrdata                                       rdata        000000
__Hreset_vec                                   reset_vec    000004
__Hrparam                                      rparam       000000
__Hsfr                                         sfr          000000
__Hsivt_hi                                     sivt_hi      000000
__Hsivt_lo                                     sivt_lo      000000
__Hsmallconst                                  smallconst   001022
__Hspace_0                                     (abs)        001B0E
__Hspace_1                                     (abs)        0000BD
__Hspace_2                                     (abs)        000000
__Hspace_4                                     (abs)        60000E
__Hstack                                       stack        000000
__Hstruct                                      struct       000000
__Htemp                                        temp         000047
__Htext                                        text         000000
__Htext0                                       text0        000000
__Htext1                                       text1        000000
__Htext10                                      text10       000000
__Htext11                                      text11       000000
__Htext12                                      text12       000000
__Htext13                                      text13       000000
__Htext14                                      text14       000000
__Htext15                                      text15       000000
__Htext16                                      text16       000000
__Htext17                                      text17       000000
__Htext18                                      text18       000000
__Htext19                                      text19       000000
__Htext2                                       text2        000000
__Htext20                                      text20       000000
__Htext21                                      text21       000000
__Htext22                                      text22       000000
__Htext23                                      text23       000000
__Htext24                                      text24       000000
__Htext25                                      text25       000000
__Htext26                                      text26       000000
__Htext27                                      text27       000000
__Htext28                                      text28       000000
__Htext3                                       text3        000000
__Htext30                                      text30       000000
__Htext31                                      text31       000000
__Htext32                                      text32       000000
__Htext33                                      text33       000000
__Htext34                                      text34       000000
__Htext35                                      text35       000000
__Htext36                                      text36       000000
__Htext37                                      text37       000000
__Htext38                                      text38       000000
__Htext39                                      text39       000000
__Htext4                                       text4        000000
__Htext40                                      text40       000000
__Htext41                                      text41       000000
__Htext42                                      text42       000000
__Htext43                                      text43       000000
__Htext44                                      text44       000000
__Htext45                                      text45       000000
__Htext46                                      text46       000000
__Htext47                                      text47       000000
__Htext48                                      text48       000000
__Htext49                                      text49       000000
__Htext5                                       text5        000000
__Htext50                                      text50       000000
__Htext51                                      text51       000000
__Htext52                                      text52       000000
__Htext53                                      text53       000000
__Htext54                                      text54       000000
__Htext55                                      text55       000000
__Htext56                                      text56       000000
__Htext57                                      text57       000000
__Htext58                                      text58       000000
__Htext59                                      text59       000000
__Htext6                                       text6        000000
__Htext60                                      text60       000000
__Htext61                                      text61       000000
__Htext62                                      text62       000000
__Htext63                                      text63       000000
__Htext64                                      text64       000000
__Htext65                                      text65       000000
__Htext66                                      text66       000000
__Htext67                                      text67       000000
__Htext69                                      text69       000000
__Htext7                                       text7        000000
__Htext70                                      text70       000000
__Htext71                                      text71       000000
__Htext72                                      text72       000000
__Htext73                                      text73       000000
__Htext74                                      text74       000000
__Htext8                                       text8        000000
__Htext9                                       text9        000000
__LRAM                                         (abs)        000001
__L__absolute__                                __absolute__ 000000
__Labs1                                        abs1         000000
__Lbank0                                       bank0        000000
__Lbank1                                       bank1        000000
__Lbank10                                      bank10       000000
__Lbank11                                      bank11       000000
__Lbank12                                      bank12       000000
__Lbank13                                      bank13       000000
__Lbank14                                      bank14       000000
__Lbank15                                      bank15       000000
__Lbank2                                       bank2        000000
__Lbank3                                       bank3        000000
__Lbank4                                       bank4        000000
__Lbank5                                       bank5        000000
__Lbank6                                       bank6        000000
__Lbank7                                       bank7        000000
__Lbank8                                       bank8        000000
__Lbank9                                       bank9        000000
__Lbigbss                                      bigbss       000000
__Lbigdata                                     bigdata      000000
__Lbigram                                      bigram       000000
__Lbigsfr                                      bigsfr       000000
__Lbss                                         bss          000000
__LbssBANK0                                    bssBANK0     000000
__LbssCOMRAM                                   bssCOMRAM    000000
__Lcinit                                       cinit        000000
__Lclrtext                                     clrtext      000000
__Lcomram                                      comram       000000
__Lconfig                                      config       000000
__Lconst                                       const        000000
__LcstackBANK0                                 cstackBANK0  000000
__LcstackCOMRAM                                cstackCOMRAM 000000
__Ldata                                        data         000000
__Leeprom_data                                 eeprom_data  000000
__Lfarbss                                      farbss       000000
__Lfardata                                     fardata      000000
__Lheap                                        heap         000000
__Libigdata                                    ibigdata     000000
__Lidata                                       idata        000000
__Lidloc                                       idloc        000000
__Lifardata                                    ifardata     000000
__Linit                                        init         0000DE
__Lintcode                                     intcode      000008
__Lintcode_body                                intcode_body 000000
__Lintcodelo                                   intcodelo    000018
__Lintentry                                    intentry     000000
__Lintret                                      intret       000000
__Lintsave_regs                                intsave_regs 000000
__Lirdata                                      irdata       000000
__Lmediumconst                                 mediumconst  000000
__LnvBANK0                                     nvBANK0      000000
__LnvCOMRAM                                    nvCOMRAM     000000
__LnvFARRAM                                    nvFARRAM     000000
__Lnvbit                                       nvbit        000000
__Lnvrram                                      nvrram       000000
__Lparam                                       rparam       000000
__Lpowerup                                     powerup      0000DE
__Lram                                         ram          000000
__Lramtop                                      ramtop       001000
__Lrbit                                        rbit         000000
__Lrbss                                        rbss         000000
__Lrdata                                       rdata        000000
__Lreset_vec                                   reset_vec    000000
__Lrparam                                      rparam       000000
__Lsfr                                         sfr          000000
__Lsivt_hi                                     sivt_hi      000000
__Lsivt_lo                                     sivt_lo      000000
__Lsmallconst                                  smallconst   001000
__Lspace_0                                     (abs)        000000
__Lspace_1                                     (abs)        000000
__Lspace_2                                     (abs)        000000
__Lspace_4                                     (abs)        000000
__Lstack                                       stack        000000
__Lstruct                                      struct       000000
__Ltemp                                        temp         000046
__Ltext                                        text         000000
__Ltext0                                       text0        000000
__Ltext1                                       text1        000000
__Ltext10                                      text10       000000
__Ltext11                                      text11       000000
__Ltext12                                      text12       000000
__Ltext13                                      text13       000000
__Ltext14                                      text14       000000
__Ltext15                                      text15       000000
__Ltext16                                      text16       000000
__Ltext17                                      text17       000000
__Ltext18                                      text18       000000
__Ltext19                                      text19       000000
__Ltext2                                       text2        000000
__Ltext20                                      text20       000000
__Ltext21                                      text21       000000
__Ltext22                                      text22       000000
__Ltext23                                      text23       000000
__Ltext24                                      text24       000000
__Ltext25                                      text25       000000
__Ltext26                                      text26       000000
__Ltext27                                      text27       000000
__Ltext28                                      text28       000000
__Ltext3                                       text3        000000
__Ltext30                                      text30       000000
__Ltext31                                      text31       000000
__Ltext32                                      text32       000000
__Ltext33                                      text33       000000
__Ltext34                                      text34       000000
__Ltext35                                      text35       000000
__Ltext36                                      text36       000000
__Ltext37                                      text37       000000
__Ltext38                                      text38       000000
__Ltext39                                      text39       000000
__Ltext4                                       text4        000000
__Ltext40                                      text40       000000
__Ltext41                                      text41       000000
__Ltext42                                      text42       000000
__Ltext43                                      text43       000000
__Ltext44                                      text44       000000
__Ltext45                                      text45       000000
__Ltext46                                      text46       000000
__Ltext47                                      text47       000000
__Ltext48                                      text48       000000
__Ltext49                                      text49       000000
__Ltext5                                       text5        000000
__Ltext50                                      text50       000000
__Ltext51                                      text51       000000
__Ltext52                                      text52       000000
__Ltext53                                      text53       000000
__Ltext54                                      text54       000000
__Ltext55                                      text55       000000
__Ltext56                                      text56       000000
__Ltext57                                      text57       000000
__Ltext58                                      text58       000000
__Ltext59                                      text59       000000
__Ltext6                                       text6        000000
__Ltext60                                      text60       000000
__Ltext61                                      text61       000000
__Ltext62                                      text62       000000
__Ltext63                                      text63       000000
__Ltext64                                      text64       000000
__Ltext65                                      text65       000000
__Ltext66                                      text66       000000
__Ltext67                                      text67       000000
__Ltext69                                      text69       000000
__Ltext7                                       text7        000000
__Ltext70                                      text70       000000
__Ltext71                                      text71       000000
__Ltext72                                      text72       000000
__Ltext73                                      text73       000000
__Ltext74                                      text74       000000
__Ltext8                                       text8        000000
__Ltext9                                       text9        000000
__S0                                           (abs)        001B0E
__S1                                           (abs)        0000BD
__S4                                           (abs)        000000
__S5                                           (abs)        000000
___heap_hi                                     (abs)        000000
___heap_lo                                     (abs)        000000
___inthi_sp                                    stack        000000
___inthi_stack_hi                              stack        000000
___inthi_stack_lo                              stack        000000
___intlo_sp                                    stack        000000
___intlo_stack_hi                              stack        000000
___intlo_stack_lo                              stack        000000
___param_bank                                  (abs)        000000
___rparam_used                                 (abs)        000001
___sp                                          stack        000000
___stack_hi                                    stack        000000
___stack_lo                                    stack        000000
__accesstop                                    (abs)        000060
__activetblptr                                 (abs)        000003
__end_of_EUSART_DefaultErrorHandler            text73       001AD8
__end_of_EUSART_DefaultFramingErrorHandler     text72       001B0E
__end_of_EUSART_DefaultOverrunErrorHandler     text71       001AD2
__end_of_EUSART_Initialize                     text23       001466
__end_of_EUSART_Receive_ISR                    text70       001190
__end_of_EUSART_RxDataHandler                  text74       0018A6
__end_of_EUSART_SetErrorHandler                text28       001A72
__end_of_EUSART_SetFramingErrorHandler         text27       001A68
__end_of_EUSART_SetOverrunErrorHandler         text26       001A5E
__end_of_EUSART_SetRxInterruptHandler          text25       001A54
__end_of_EUSART_SetTxInterruptHandler          text24       001A4A
__end_of_EUSART_Transmit_ISR                   text69       001748
__end_of_I2C_CallbackReturnReset               text56       001B00
__end_of_I2C_CallbackReturnStop                text57       001B04
__end_of_I2C_Close                             text14       0017A6
__end_of_I2C_DO_ADDRESS_NACK                   text33       001620
__end_of_I2C_DO_IDLE                           text47       001A2C
__end_of_I2C_DO_RCEN                           text42       001A20
__end_of_I2C_DO_RESET                          text34       001A14
__end_of_I2C_DO_RX                             text43       001236
__end_of_I2C_DO_RX_ACK                         text37       001A92
__end_of_I2C_DO_RX_NACK_RESTART                text35       001A82
__end_of_I2C_DO_RX_NACK_STOP                   text36       001A8A
__end_of_I2C_DO_SEND_ADR_READ                  text46       0019FC
__end_of_I2C_DO_SEND_ADR_WRITE                 text45       0019EC
__end_of_I2C_DO_SEND_RESTART                   text39       001AA2
__end_of_I2C_DO_SEND_RESTART_READ              text41       001AB2
__end_of_I2C_DO_SEND_RESTART_WRITE             text40       001AAA
__end_of_I2C_DO_SEND_STOP                      text38       001A9A
__end_of_I2C_DO_TX                             text44       0010E6
__end_of_I2C_DO_TX_EMPTY                       text48       0014E2
__end_of_I2C_Initialize                        text22       0019C8
__end_of_I2C_MasterClearIrq                    text17       001AEC
__end_of_I2C_MasterClose                       text16       001AE8
__end_of_I2C_MasterDisableIrq                  text15       001AE4
__end_of_I2C_MasterEnableIrq                   text10       001ADC
__end_of_I2C_MasterEnableRestart               text67       001B0C
__end_of_I2C_MasterFsm                         text31       001550
__end_of_I2C_MasterGetRxData                   text53       001AF8
__end_of_I2C_MasterIsNack                      text50       0019DC
__end_of_I2C_MasterIsr                         text30       001AC0
__end_of_I2C_MasterOpen                        text9        001956
__end_of_I2C_MasterOperation                   text12       0016CA
__end_of_I2C_MasterSendAck                     text52       001AC6
__end_of_I2C_MasterSendNack                    text54       001ACC
__end_of_I2C_MasterSendTxData                  text51       001ABA
__end_of_I2C_MasterSetIrq                      text49       001AF4
__end_of_I2C_MasterStart                       text13       001AE0
__end_of_I2C_MasterStartRx                     text55       001AFC
__end_of_I2C_MasterStop                        text66       001B08
__end_of_I2C_MasterWrite                       text11       001A7A
__end_of_I2C_Open                              text7        0012D8
__end_of_I2C_Read1ByteRegister                 text2        0013E8
__end_of_I2C_SetAddressNackCallback            text5        001986
__end_of_I2C_SetBuffer                         text4        0018EE
__end_of_I2C_SetCallback                       text6        0015BA
__end_of_I2C_SetDataCompleteCallback           text3        00196E
__end_of_I2C_SetInterruptHandler               text8        001A36
__end_of_INTERRUPT_Initialize                  text21       001A08
__end_of_INTERRUPT_InterruptManagerHigh        intcode_body 00136A
__end_of_INTERRUPT_InterruptManagerLow         intcodelo    0000DE
__end_of_OSCILLATOR_Initialize                 text20       001A40
__end_of_PIN_MANAGER_Initialize                text19       001778
__end_of_SYSTEM_Initialize                     text18       0019B4
__end_of__initialization                       cinit        00192A
__end_of_get_Real_time_clock                   text1        001880
__end_of_i2c_fsmStateTable                     smallconst   001021
__end_of_main                                  text0        0018CA
__end_of_rd1RegCompleteHandler                 text61       00182A
__end_of_rd2RegCompleteHandler                 text60       0017FE
__end_of_rdBlkRegCompleteHandler               text58       00170C
__end_of_wr1RegCompleteHandler                 text59       0017D2
__end_of_wr2RegCompleteHandler                 text62       001856
__end_ofi1_I2C_MasterClearIrq                  text32       001AF0
__end_ofi1_I2C_SetBuffer                       text65       001912
__end_ofi1_I2C_SetCallback                     text64       001686
__end_ofi1_I2C_SetDataCompleteCallback         text63       00199E
__initialization                               cinit        001912
__mediumconst                                  mediumconst  000000
__pbssBANK0                                    bssBANK0     000060
__pbssCOMRAM                                   bssCOMRAM    000023
__pcinit                                       cinit        001912
__pcstackBANK0                                 cstackBANK0  00009C
__pcstackCOMRAM                                cstackCOMRAM 000001
__pintcode                                     intcode      000008
__pintcode_body                                intcode_body 0012D8
__pintcodelo                                   intcodelo    000018
__pnvBANK0                                     nvBANK0      0000B5
__pnvCOMRAM                                    nvCOMRAM     000044
__psmallconst                                  smallconst   001000
__ptext0                                       text0        0018A6
__ptext1                                       text1        001856
__ptext10                                      text10       001AD8
__ptext11                                      text11       001A72
__ptext12                                      text12       001686
__ptext13                                      text13       001ADC
__ptext14                                      text14       001778
__ptext15                                      text15       001AE0
__ptext16                                      text16       001AE4
__ptext17                                      text17       001AE8
__ptext18                                      text18       00199E
__ptext19                                      text19       001748
__ptext2                                       text2        00136A
__ptext20                                      text20       001A36
__ptext21                                      text21       0019FC
__ptext22                                      text22       0019B4
__ptext23                                      text23       0013E8
__ptext24                                      text24       001A40
__ptext25                                      text25       001A4A
__ptext26                                      text26       001A54
__ptext27                                      text27       001A5E
__ptext28                                      text28       001A68
__ptext3                                       text3        001956
__ptext30                                      text30       001ABA
__ptext31                                      text31       0014E2
__ptext32                                      text32       001AEC
__ptext33                                      text33       0015BA
__ptext34                                      text34       001A08
__ptext35                                      text35       001A7A
__ptext36                                      text36       001A82
__ptext37                                      text37       001A8A
__ptext38                                      text38       001A92
__ptext39                                      text39       001A9A
__ptext4                                       text4        0018CA
__ptext40                                      text40       001AA2
__ptext41                                      text41       001AAA
__ptext42                                      text42       001A14
__ptext43                                      text43       001190
__ptext44                                      text44       001022
__ptext45                                      text45       0019DC
__ptext46                                      text46       0019EC
__ptext47                                      text47       001A20
__ptext48                                      text48       001466
__ptext49                                      text49       001AF0
__ptext5                                       text5        00196E
__ptext50                                      text50       0019C8
__ptext51                                      text51       001AB2
__ptext52                                      text52       001AC0
__ptext53                                      text53       001AF4
__ptext54                                      text54       001AC6
__ptext55                                      text55       001AF8
__ptext56                                      text56       001AFC
__ptext57                                      text57       001B00
__ptext58                                      text58       0016CA
__ptext59                                      text59       0017A6
__ptext6                                       text6        001550
__ptext60                                      text60       0017D2
__ptext61                                      text61       0017FE
__ptext62                                      text62       00182A
__ptext63                                      text63       001986
__ptext64                                      text64       001620
__ptext65                                      text65       0018EE
__ptext66                                      text66       001B04
__ptext67                                      text67       001B08
__ptext69                                      text69       00170C
__ptext7                                       text7        001236
__ptext70                                      text70       0010E6
__ptext71                                      text71       001ACC
__ptext72                                      text72       001B0C
__ptext73                                      text73       001AD2
__ptext74                                      text74       001880
__ptext8                                       text8        001A2C
__ptext9                                       text9        001934
__ramtop                                       ramtop       001000
__smallconst                                   smallconst   001000
_eusartRxBuffer                                bssCOMRAM    00002B
_eusartRxCount                                 bssCOMRAM    00003E
_eusartRxHead                                  bssCOMRAM    000040
_eusartRxLastError                             bssCOMRAM    00003D
_eusartRxStatusBuffer                          bssCOMRAM    000023
_eusartRxTail                                  bssCOMRAM    00003F
_eusartTxBuffer                                bssCOMRAM    000033
_eusartTxBufferRemaining                       bssCOMRAM    000041
_eusartTxHead                                  bssCOMRAM    000043
_eusartTxTail                                  bssCOMRAM    000042
_get_Real_time_clock                           text1        001856
_i2c_fsmStateTable                             smallconst   001001
_main                                          text0        0018A6
_rd1RegCompleteHandler                         text61       0017FE
_rd2RegCompleteHandler                         text60       0017D2
_rdBlkRegCompleteHandler                       text58       0016CA
_real_time                                     bssBANK0     000090
_real_time@real_time_clock$F1807               bssBANK0     000084
_wr1RegCompleteHandler                         text59       0017A6
_wr2RegCompleteHandler                         text62       00182A
btemp                                          temp         000046
end_of_initialization                          cinit        00192A
i1I2C_SetBuffer@buffer                         cstackCOMRAM 000005
i1I2C_SetBuffer@bufferSize                     cstackCOMRAM 000007
i1I2C_SetCallback@cb                           cstackCOMRAM 000005
i1I2C_SetCallback@idx                          cstackCOMRAM 000009
i1I2C_SetCallback@ptr                          cstackCOMRAM 000007
i1I2C_SetDataCompleteCallback@cb               cstackCOMRAM 00000A
i1I2C_SetDataCompleteCallback@ptr              cstackCOMRAM 00000C
i1_I2C_MasterClearIrq                          text32       001AEC
i1_I2C_SetBuffer                               text65       0018EE
i1_I2C_SetCallback                             text64       001620
i1_I2C_SetDataCompleteCallback                 text63       001986
int$flags                                      temp         000046
int_func                                       intcode_body 0012D8
intlevel0                                      text         000000
intlevel1                                      text         000000
intlevel2                                      text         000000
intlevel3                                      text         000000
isa$std                                        (abs)        000001
isa$xinst                                      (abs)        000000
rd1RegCompleteHandler@ptr                      cstackCOMRAM 00000E
rd2RegCompleteHandler@ptr                      cstackCOMRAM 00000E
rdBlkRegCompleteHandler@ptr                    cstackCOMRAM 00000E
stackhi                                        (abs)        000000
stacklo                                        (abs)        000000
start                                          init         0000DE
start_initialization                           cinit        001912
ttemp5                                         temp         000047
ttemp6                                         temp         00004A
ttemp7                                         temp         00004E
wr1RegCompleteHandler@ptr                      cstackCOMRAM 00000E
wr2RegCompleteHandler@ptr                      cstackCOMRAM 00000E
wtemp8                                         temp         000047


MODULE INFORMATION

Module		Function		Class		Link	Load	Size
mcc_generated_files/interrupt_manager.c
		_INTERRUPT_Initialize		CODE           	19FC	0000	12
		_INTERRUPT_InterruptManagerLow		CODE           	0018	0000	198
		_INTERRUPT_InterruptManagerHigh		CODE           	0008	0000	152

mcc_generated_files/interrupt_manager.c estimated size: 362

real_time_module/real_time_clock.c
		_get_Real_time_clock		CODE           	1856	0000	42

real_time_module/real_time_clock.c estimated size: 42

mcc_generated_files/examples/i2c_master_example.c
		_wr1RegCompleteHandler		CODE           	17A6	0000	44
		_wr2RegCompleteHandler		CODE           	182A	0000	44
		_I2C_Read1ByteRegister		CODE           	136A	0000	126
		_rdBlkRegCompleteHandler		CODE           	16CA	0000	66
		_rd1RegCompleteHandler		CODE           	17FE	0000	44
		_rd2RegCompleteHandler		CODE           	17D2	0000	44

mcc_generated_files/examples/i2c_master_example.c estimated size: 368

mcc_generated_files/pin_manager.c
		_PIN_MANAGER_Initialize		CODE           	1748	0000	48

mcc_generated_files/pin_manager.c estimated size: 48

shared
		i1_I2C_SetBuffer		CODE           	18EE	0000	36
		__initialization		CODE           	1912	0000	24
		i1_I2C_SetCallback		CODE           	1620	0000	102
		i1_I2C_SetDataCompleteCallback		CODE           	1986	0000	24
		i1_I2C_MasterClearIrq		CODE           	1AEC	0000	4
		_i2c_fsmStateTable		SMALLCONST     	1001	0000	32

shared estimated size: 222

mcc_generated_files/mcc.c
		_OSCILLATOR_Initialize		CODE           	1A36	0000	10
		_SYSTEM_Initialize		CODE           	199E	0000	22

mcc_generated_files/mcc.c estimated size: 32

mcc_generated_files/i2c_master.c
		_I2C_Close     		CODE           	1778	0000	46
		_I2C_MasterStartRx		CODE           	1AF8	0000	4
		_I2C_DO_SEND_ADR_WRITE		CODE           	19DC	0000	16
		_I2C_DO_SEND_STOP		CODE           	1A92	0000	8
		_I2C_MasterSendNack		CODE           	1AC6	0000	6
		_I2C_MasterDisableIrq		CODE           	1AE0	0000	4
		_I2C_CallbackReturnStop		CODE           	1B00	0000	4
		_I2C_MasterOperation		CODE           	1686	0000	68
		_I2C_DO_SEND_ADR_READ		CODE           	19EC	0000	16
		_I2C_DO_RX_NACK_STOP		CODE           	1A82	0000	8
		_I2C_DO_SEND_RESTART		CODE           	1A9A	0000	8
		_I2C_DO_RX     		CODE           	1190	0000	166
		_I2C_DO_TX     		CODE           	1022	0000	196
		_I2C_DO_IDLE   		CODE           	1A20	0000	12
		_I2C_DO_RCEN   		CODE           	1A14	0000	12
		_I2C_DO_RESET  		CODE           	1A08	0000	12
		_I2C_MasterClose		CODE           	1AE4	0000	4
		_I2C_MasterWrite		CODE           	1A72	0000	8
		_I2C_DO_RX_ACK 		CODE           	1A8A	0000	8
		_I2C_MasterStart		CODE           	1ADC	0000	4
		_I2C_MasterClearIrq		CODE           	1AE8	0000	4
		_I2C_MasterGetRxData		CODE           	1AF4	0000	4
		_I2C_SetCallback		CODE           	1550	0000	106
		_I2C_DO_ADDRESS_NACK		CODE           	15BA	0000	102
		_I2C_MasterEnableRestart		CODE           	1B08	0000	4
		_I2C_CallbackReturnReset		CODE           	1AFC	0000	4
		_I2C_Open      		CODE           	1236	0000	162
		_I2C_SetAddressNackCallback		CODE           	196E	0000	24
		_I2C_DO_TX_EMPTY		CODE           	1466	0000	124
		_I2C_DO_SEND_RESTART_WRITE		CODE           	1AA2	0000	8
		_I2C_MasterIsNack		CODE           	19C8	0000	20
		_I2C_SetDataCompleteCallback		CODE           	1956	0000	24
		_I2C_DO_RX_NACK_RESTART		CODE           	1A7A	0000	8
		_I2C_MasterSendAck		CODE           	1AC0	0000	6
		_I2C_MasterFsm 		CODE           	14E2	0000	110
		_I2C_MasterIsr 		CODE           	1ABA	0000	6
		_I2C_MasterSetIrq		CODE           	1AF0	0000	4
		_I2C_DO_SEND_RESTART_READ		CODE           	1AAA	0000	8
		_I2C_MasterEnableIrq		CODE           	1AD8	0000	4
		_I2C_Initialize		CODE           	19B4	0000	20
		_I2C_SetBuffer 		CODE           	18CA	0000	36
		_I2C_SetInterruptHandler		CODE           	1A2C	0000	10
		_I2C_MasterOpen		CODE           	1934	0000	34
		_I2C_MasterSendTxData		CODE           	1AB2	0000	8
		_I2C_MasterStop		CODE           	1B04	0000	4

mcc_generated_files/i2c_master.c estimated size: 1454

mcc_generated_files/eusart.c
		_EUSART_SetRxInterruptHandler		CODE           	1A4A	0000	10
		_EUSART_SetTxInterruptHandler		CODE           	1A40	0000	10
		_EUSART_DefaultOverrunErrorHandler		CODE           	1ACC	0000	6
		_EUSART_DefaultErrorHandler		CODE           	1AD2	0000	6
		_EUSART_Transmit_ISR		CODE           	170C	0000	60
		_EUSART_Initialize		CODE           	13E8	0000	126
		_EUSART_SetFramingErrorHandler		CODE           	1A5E	0000	10
		_EUSART_SetErrorHandler		CODE           	1A68	0000	10
		_EUSART_SetOverrunErrorHandler		CODE           	1A54	0000	10
		_EUSART_Receive_ISR		CODE           	10E6	0000	170
		_EUSART_RxDataHandler		CODE           	1880	0000	38
		_EUSART_DefaultFramingErrorHandler		CODE           	1B0C	0000	2

mcc_generated_files/eusart.c estimated size: 458

main.c
		_main          		CODE           	18A6	0000	36

main.c estimated size: 36

